Component: ARM Compiler 5.06 update 3 (build 300) Tool: armlink [4d35c9]

==============================================================================

Section Cross References

    main.o(.text) refers to _printf_percent.o(.ARM.Collect$$_printf_percent$$00000000) for _printf_percent
    main.o(.text) refers to _printf_d.o(.ARM.Collect$$_printf_percent$$00000009) for _printf_d
    main.o(.text) refers to _printf_dec.o(.text) for _printf_int_dec
    main.o(.text) refers to _printf_f.o(.ARM.Collect$$_printf_percent$$00000003) for _printf_f
    main.o(.text) refers to printf1.o(x$fpl$printf1) for _printf_fp_dec
    main.o(.text) refers to noretval__2printf.o(.text) for __2printf
    main.o(.text) refers to fflt_clz.o(x$fpl$fflt) for __aeabi_i2f
    main.o(.text) refers to f2d.o(x$fpl$f2d) for __aeabi_f2d
    main.o(.text) refers to dflt_clz.o(x$fpl$dflt) for __aeabi_i2d
    main.o(.text) refers to dmul.o(x$fpl$dmul) for __aeabi_dmul
    main.o(.text) refers to daddsub_clz.o(x$fpl$dadd) for __aeabi_dadd
    main.o(.text) refers to d2f.o(x$fpl$d2f) for __aeabi_d2f
    main.o(.text) refers to fmul.o(x$fpl$fmul) for __aeabi_fmul
    main.o(.text) refers to delay.o(.text) for delay_init
    main.o(.text) refers to sys.o(.text) for NVIC_Configuration
    main.o(.text) refers to usart.o(.text) for uart1_init
    main.o(.text) refers to usart3.o(.text) for uart3_init
    main.o(.text) refers to led.o(.text) for LED_Init
    main.o(.text) refers to key.o(.text) for KEY_Init
    main.o(.text) refers to oled.o(.text) for OLED_Init
    main.o(.text) refers to usart3.o(.data) for USART3_RX_STA
    main.o(.text) refers to usart3.o(.bss) for USART3_RX_BUF
    main.o(.text) refers to main.o(.data) for balance_UP_KP
    system_stm32f10x.o(.text) refers to system_stm32f10x.o(.data) for SystemCoreClock
    delay.o(.text) refers to misc.o(.text) for SysTick_CLKSourceConfig
    delay.o(.text) refers to system_stm32f10x.o(.data) for SystemCoreClock
    delay.o(.text) refers to delay.o(.data) for fac_us
    sys.o(.text) refers to misc.o(.text) for NVIC_PriorityGroupConfig
    usart.o(.rev16_text) refers (Special) to use_no_semi_2.o(.text) for __use_no_semihosting
    usart.o(.revsh_text) refers (Special) to use_no_semi_2.o(.text) for __use_no_semihosting
    usart.o(.rrx_text) refers (Special) to use_no_semi_2.o(.text) for __use_no_semihosting
    usart.o(.text) refers (Special) to use_no_semi_2.o(.text) for __use_no_semihosting
    usart.o(.text) refers to stm32f10x_rcc.o(.text) for RCC_APB2PeriphClockCmd
    usart.o(.text) refers to stm32f10x_gpio.o(.text) for GPIO_Init
    usart.o(.text) refers to stm32f10x_usart.o(.text) for USART_Init
    usart.o(.text) refers to usart.o(.data) for USART_RX_STA
    usart.o(.text) refers to usart.o(.bss) for USART_RX_BUF
    usart.o(.bss) refers (Special) to use_no_semi_2.o(.text) for __use_no_semihosting
    usart.o(.data) refers (Special) to use_no_semi_2.o(.text) for __use_no_semihosting
    led.o(.text) refers to stm32f10x_rcc.o(.text) for RCC_APB2PeriphClockCmd
    led.o(.text) refers to stm32f10x_gpio.o(.text) for GPIO_Init
    led.o(.text) refers to led.o(.data) for temp
    key.o(.text) refers to stm32f10x_rcc.o(.text) for RCC_APB2PeriphClockCmd
    key.o(.text) refers to stm32f10x_gpio.o(.text) for GPIO_Init
    key.o(.text) refers to key.o(.data) for flag_key
    usart3.o(.text) refers to stm32f10x_rcc.o(.text) for RCC_APB2PeriphClockCmd
    usart3.o(.text) refers to stm32f10x_gpio.o(.text) for GPIO_Init
    usart3.o(.text) refers to stm32f10x_usart.o(.text) for USART_Init
    usart3.o(.text) refers to strlen.o(.text) for strlen
    usart3.o(.text) refers to usart3.o(.data) for USART3_RX_STA
    usart3.o(.text) refers to usart3.o(.bss) for USART3_RX_BUF
    oled.o(.text) refers to stm32f10x_gpio.o(.text) for GPIO_SetBits
    oled.o(.text) refers to oled.o(.constdata) for F8X16
    oled.o(.text) refers to dleqf.o(x$fpl$dleqf) for __aeabi_cdcmple
    oled.o(.text) refers to dfix.o(x$fpl$dfix) for __aeabi_d2iz
    oled.o(.text) refers to dflt_clz.o(x$fpl$dflt) for __aeabi_i2d
    oled.o(.text) refers to daddsub_clz.o(x$fpl$drsb) for __aeabi_drsub
    oled.o(.text) refers to dmul.o(x$fpl$dmul) for __aeabi_dmul
    oled.o(.text) refers to dfixu.o(x$fpl$dfixu) for __aeabi_d2uiz
    oled.o(.text) refers to dflt_clz.o(x$fpl$dfltu) for __aeabi_ui2d
    oled.o(.text) refers to oled.o(.data) for Hzk
    oled.o(.text) refers to stm32f10x_rcc.o(.text) for RCC_APB2PeriphClockCmd
    oled.o(.text) refers to delay.o(.text) for delay_ms
    startup_stm32f10x_md.o(STACK) refers (Special) to heapauxi.o(.text) for __use_two_region_memory
    startup_stm32f10x_md.o(HEAP) refers (Special) to heapauxi.o(.text) for __use_two_region_memory
    startup_stm32f10x_md.o(RESET) refers (Special) to heapauxi.o(.text) for __use_two_region_memory
    startup_stm32f10x_md.o(RESET) refers to startup_stm32f10x_md.o(STACK) for __initial_sp
[...]
    Removing stm32f10x_usart.o(.revsh_text), (4 bytes).
    Removing stm32f10x_usart.o(.rrx_text), (6 bytes).
    Removing stm32f10x_wwdg.o(.rev16_text), (4 bytes).
    Removing stm32f10x_wwdg.o(.revsh_text), (4 bytes).
    Removing stm32f10x_wwdg.o(.rrx_text), (6 bytes).
    Removing stm32f10x_wwdg.o(.text), (136 bytes).

119 unused section(s) (total 15654 bytes) removed from the image.

==============================================================================

Image Symbol Table

    Local Symbols

    Symbol Name                              Value     Ov Type        Size  Object(Section)

    ../clib/angel/boardlib.s                 0x00000000   Number         0  boardinit1.o ABSOLUTE
    ../clib/angel/boardlib.s                 0x00000000   Number         0  boardinit3.o ABSOLUTE
    ../clib/angel/boardlib.s                 0x00000000   Number         0  boardinit2.o ABSOLUTE
    ../clib/angel/boardlib.s                 0x00000000   Number         0  boardshut.o ABSOLUTE
    ../clib/angel/dczerorl2.s                0x00000000   Number         0  __dczerorl2.o ABSOLUTE
    ../clib/angel/handlers.s                 0x00000000   Number         0  __scatter_zi.o ABSOLUTE
    ../clib/angel/kernel.s                   0x00000000   Number         0  __rtentry.o ABSOLUTE
    ../clib/angel/kernel.s                   0x00000000   Number         0  rtexit.o ABSOLUTE
    ../clib/angel/kernel.s                   0x00000000   Number         0  rtexit2.o ABSOLUTE
    ../clib/angel/kernel.s                   0x00000000   Number         0  __rtentry4.o ABSOLUTE
    ../clib/angel/kernel.s                   0x00000000   Number         0  __rtentry2.o ABSOLUTE
    ../clib/angel/rt.s                       0x00000000   Number         0  rt_locale_intlibspace.o ABSOLUTE
    ../clib/angel/rt.s                       0x00000000   Number         0  rt_raise.o ABSOLUTE
    ../clib/angel/rt.s                       0x00000000   Number         0  rt_locale.o ABSOLUTE
    ../clib/angel/scatter.s                  0x00000000   Number         0  __scatter.o ABSOLUTE
    ../clib/angel/startup.s                  0x00000000   Number         0  __main.o ABSOLUTE
    ../clib/angel/sys.s                      0x00000000   Number         0  indicate_semi.o ABSOLUTE
    ../clib/angel/sys.s                      0x00000000   Number         0  libspace.o ABSOLUTE
    ../clib/angel/sys.s                      0x00000000   Number         0  use_no_semi.o ABSOLUTE
    ../clib/angel/sys.s                      0x00000000   Number         0  sys_stackheap_outer.o ABSOLUTE
    ../clib/angel/sys.s                      0x00000000   Number         0  use_no_semi_2.o ABSOLUTE
    ../clib/angel/sysapp.c                   0x00000000   Number         0  sys_wrch.o ABSOLUTE
    ../clib/angel/sysapp.c                   0x00000000   Number         0  sys_command.o ABSOLUTE
    ../clib/armsys.c                         0x00000000   Number         0  argv_veneer.o ABSOLUTE
    ../clib/armsys.c                         0x00000000   Number         0  argv_veneer.o ABSOLUTE
    ../clib/armsys.c                         0x00000000   Number         0  _get_argv_nomalloc.o ABSOLUTE
    ../clib/armsys.c                         0x00000000   Number         0  no_argv.o ABSOLUTE
    ../clib/bigflt.c                         0x00000000   Number         0  bigflt0.o ABSOLUTE
    ../clib/btod.s                           0x00000000   Number         0  btod.o ABSOLUTE
    ../clib/heapalloc.c                      0x00000000   Number         0  hrguard.o ABSOLUTE
    ../clib/heapaux.c                        0x00000000   Number         0  heapauxi.o ABSOLUTE
    ../clib/libinit.s                        0x00000000   Number         0  libshutdown.o ABSOLUTE
    ../clib/libinit.s                        0x00000000   Number         0  libshutdown2.o ABSOLUTE
    ../clib/libinit.s                        0x00000000   Number         0  libinit.o ABSOLUTE
    ../clib/libinit.s                        0x00000000   Number         0  libinit2.o ABSOLUTE
    ../clib/locale.s                         0x00000000   Number         0  lc_numeric_c.o ABSOLUTE
    ../clib/longlong.s                       0x00000000   Number         0  lludiv10.o ABSOLUTE
    ../clib/memcpset.s                       0x00000000   Number         0  strcmpv7m.o ABSOLUTE
    ../clib/misc.s                           0x00000000   Number         0  printf_stubs.o ABSOLUTE
    ../clib/printf.c                         0x00000000   Number         0  noretval__2printf.o ABSOLUTE
    ../clib/printf.c                         0x00000000   Number         0  _printf_char_common.o ABSOLUTE
    ../clib/printf.c                         0x00000000   Number         0  __printf_flags_wp.o ABSOLUTE
    ../clib/printf.c                         0x00000000   Number         0  __printf_wp.o ABSOLUTE
    ../clib/printf.c                         0x00000000   Number         0  __printf_flags_ss.o ABSOLUTE
    ../clib/printf.c                         0x00000000   Number         0  __printf_ss_wp.o ABSOLUTE
    ../clib/printf.c                         0x00000000   Number         0  __printf_flags_ss_wp.o ABSOLUTE
    ../clib/printf.c                         0x00000000   Number         0  __printf_nopercent.o ABSOLUTE
    ../clib/printf.c                         0x00000000   Number         0  __printf_ss.o ABSOLUTE
    ../clib/printf.c                         0x00000000   Number         0  __2printf.o ABSOLUTE
    ../clib/printf.c                         0x00000000   Number         0  __printf_flags.o ABSOLUTE
    ../clib/printf.c                         0x00000000   Number         0  _printf_fp_infnan.o ABSOLUTE
    ../clib/printf.c                         0x00000000   Number         0  _printf_dec.o ABSOLUTE
    ../clib/printf.c                         0x00000000   Number         0  _printf_char_file.o ABSOLUTE
    ../clib/printf.c                         0x00000000   Number         0  _printf_fp_dec.o ABSOLUTE
    ../clib/printf.c                         0x00000000   Number         0  _printf_intcommon.o ABSOLUTE
    ../clib/printf.c                         0x00000000   Number         0  __printf.o ABSOLUTE
    ../clib/printf_percent.s                 0x00000000   Number         0  _printf_percent.o ABSOLUTE
    ../clib/printf_percent.s                 0x00000000   Number         0  _printf_f.o ABSOLUTE
    ../clib/printf_percent.s                 0x00000000   Number         0  _printf_percent_end.o ABSOLUTE
    ../clib/printf_percent.s                 0x00000000   Number         0  _printf_d.o ABSOLUTE
    ../clib/signal.c                         0x00000000   Number         0  defsig_rtmem_inner.o ABSOLUTE
    ../clib/signal.c                         0x00000000   Number         0  defsig_exit.o ABSOLUTE
    ../clib/signal.c                         0x00000000   Number         0  defsig_rtmem_outer.o ABSOLUTE
    ../clib/signal.c                         0x00000000   Number         0  defsig_rtmem_formal.o ABSOLUTE
    ../clib/signal.c                         0x00000000   Number         0  defsig_rtred_inner.o ABSOLUTE
    ../clib/signal.c                         0x00000000   Number         0  defsig_fpe_inner.o ABSOLUTE
    ../clib/signal.c                         0x00000000   Number         0  defsig_abrt_inner.o ABSOLUTE
    ../clib/signal.c                         0x00000000   Number         0  defsig_stak_inner.o ABSOLUTE
    ../clib/signal.c                         0x00000000   Number         0  defsig_pvfn_inner.o ABSOLUTE
    ../clib/signal.c                         0x00000000   Number         0  defsig_cppl_inner.o ABSOLUTE
    ../clib/signal.c                         0x00000000   Number         0  defsig_segv_inner.o ABSOLUTE
    ../clib/signal.c                         0x00000000   Number         0  defsig_other.o ABSOLUTE
    ../clib/signal.c                         0x00000000   Number         0  defsig_general.o ABSOLUTE
    ../clib/signal.c                         0x00000000   Number         0  __raise.o ABSOLUTE
    ../clib/signal.s                         0x00000000   Number         0  defsig.o ABSOLUTE
    ../clib/stdio.c                          0x00000000   Number         0  ferror.o ABSOLUTE
    ../clib/stdio.c                          0x00000000   Number         0  ferror_locked.o ABSOLUTE
    ../clib/stdlib.c                         0x00000000   Number         0  exit.o ABSOLUTE
    ../clib/string.c                         0x00000000   Number         0  strlen.o ABSOLUTE
    ../fplib/d2f.s                           0x00000000   Number         0  d2f.o ABSOLUTE
    ../fplib/daddsub.s                       0x00000000   Number         0  daddsub_clz.o ABSOLUTE
    ../fplib/dcmpi.s                         0x00000000   Number         0  dcmpi.o ABSOLUTE
    ../fplib/dfix.s                          0x00000000   Number         0  dfix.o ABSOLUTE
    ../fplib/dfixu.s                         0x00000000   Number         0  dfixu.o ABSOLUTE
    ../fplib/dflt.s                          0x00000000   Number         0  dflt_clz.o ABSOLUTE
    ../fplib/dleqf.s                         0x00000000   Number         0  dleqf.o ABSOLUTE
    ../fplib/dmul.s                          0x00000000   Number         0  dmul.o ABSOLUTE
    ../fplib/dnaninf.s                       0x00000000   Number         0  dnaninf.o ABSOLUTE
    ../fplib/dretinf.s                       0x00000000   Number         0  dretinf.o ABSOLUTE
    ../fplib/f2d.s                           0x00000000   Number         0  f2d.o ABSOLUTE
    ../fplib/fflt.s                          0x00000000   Number         0  fflt_clz.o ABSOLUTE
    ../fplib/fmul.s                          0x00000000   Number         0  fmul.o ABSOLUTE
    ../fplib/fnaninf.s                       0x00000000   Number         0  fnaninf.o ABSOLUTE
    ../fplib/fpinit.s                        0x00000000   Number         0  fpinit.o ABSOLUTE
    ../fplib/fretinf.s                       0x00000000   Number         0  fretinf.o ABSOLUTE
    ../fplib/istatus.s                       0x00000000   Number         0  istatus.o ABSOLUTE
    ../fplib/printf1.s                       0x00000000   Number         0  printf1.o ABSOLUTE
    ../fplib/usenofp.s                       0x00000000   Number         0  usenofp.o ABSOLUTE
    ../mathlib/fpclassify.c                  0x00000000   Number         0  fpclassify.o ABSOLUTE
    ..\CORE\core_cm3.c                       0x00000000   Number         0  core_cm3.o ABSOLUTE
    ..\CORE\startup_stm32f10x_md.s           0x00000000   Number         0  startup_stm32f10x_md.o ABSOLUTE
    ..\HARDWARE\KEY\key.c                    0x00000000   Number         0  key.o ABSOLUTE
    ..\HARDWARE\LED\LED.C                    0x00000000   Number         0  led.o ABSOLUTE
    ..\HARDWARE\OLED\oled.c                  0x00000000   Number         0  oled.o ABSOLUTE
    ..\HARDWARE\USART3\usart3.c              0x00000000   Number         0  usart3.o ABSOLUTE
    ..\STM32F10x_FWLib\src\misc.c            0x00000000   Number         0  misc.o ABSOLUTE
    ..\STM32F10x_FWLib\src\stm32f10x_adc.c   0x00000000   Number         0  stm32f10x_adc.o ABSOLUTE
    ..\STM32F10x_FWLib\src\stm32f10x_bkp.c   0x00000000   Number         0  stm32f10x_bkp.o ABSOLUTE
    ..\STM32F10x_FWLib\src\stm32f10x_can.c   0x00000000   Number         0  stm32f10x_can.o ABSOLUTE
    ..\STM32F10x_FWLib\src\stm32f10x_cec.c   0x00000000   Number         0  stm32f10x_cec.o ABSOLUTE
    ..\STM32F10x_FWLib\src\stm32f10x_crc.c   0x00000000   Number         0  stm32f10x_crc.o ABSOLUTE
    ..\STM32F10x_FWLib\src\stm32f10x_dac.c   0x00000000   Number         0  stm32f10x_dac.o ABSOLUTE
    ..\STM32F10x_FWLib\src\stm32f10x_dbgmcu.c 0x00000000   Number         0  stm32f10x_dbgmcu.o ABSOLUTE
    ..\STM32F10x_FWLib\src\stm32f10x_dma.c   0x00000000   Number         0  stm32f10x_dma.o ABSOLUTE
    ..\STM32F10x_FWLib\src\stm32f10x_exti.c  0x00000000   Number         0  stm32f10x_exti.o ABSOLUTE
    ..\STM32F10x_FWLib\src\stm32f10x_flash.c 0x00000000   Number         0  stm32f10x_flash.o ABSOLUTE
    ..\STM32F10x_FWLib\src\stm32f10x_fsmc.c  0x00000000   Number         0  stm32f10x_fsmc.o ABSOLUTE
    ..\STM32F10x_FWLib\src\stm32f10x_gpio.c  0x00000000   Number         0  stm32f10x_gpio.o ABSOLUTE
    ..\STM32F10x_FWLib\src\stm32f10x_i2c.c   0x00000000   Number         0  stm32f10x_i2c.o ABSOLUTE
    ..\STM32F10x_FWLib\src\stm32f10x_iwdg.c  0x00000000   Number         0  stm32f10x_iwdg.o ABSOLUTE
    ..\STM32F10x_FWLib\src\stm32f10x_pwr.c   0x00000000   Number         0  stm32f10x_pwr.o ABSOLUTE
    ..\STM32F10x_FWLib\src\stm32f10x_rcc.c   0x00000000   Number         0  stm32f10x_rcc.o ABSOLUTE
    ..\STM32F10x_FWLib\src\stm32f10x_rtc.c   0x00000000   Number         0  stm32f10x_rtc.o ABSOLUTE
    ..\STM32F10x_FWLib\src\stm32f10x_sdio.c  0x00000000   Number         0  stm32f10x_sdio.o ABSOLUTE
    ..\STM32F10x_FWLib\src\stm32f10x_spi.c   0x00000000   Number         0  stm32f10x_spi.o ABSOLUTE
    ..\STM32F10x_FWLib\src\stm32f10x_tim.c   0x00000000   Number         0  stm32f10x_tim.o ABSOLUTE
    ..\STM32F10x_FWLib\src\stm32f10x_usart.c 0x00000000   Number         0  stm32f10x_usart.o ABSOLUTE
    ..\STM32F10x_FWLib\src\stm32f10x_wwdg.c  0x00000000   Number         0  stm32f10x_wwdg.o ABSOLUTE
    ..\SYSTEM\delay\delay.c                  0x00000000   Number         0  delay.o ABSOLUTE
    ..\SYSTEM\sys\sys.c                      0x00000000   Number         0  sys.o ABSOLUTE
    ..\SYSTEM\usart\usart.c                  0x00000000   Number         0  usart.o ABSOLUTE
    ..\\CORE\\core_cm3.c                     0x00000000   Number         0  core_cm3.o ABSOLUTE
    ..\\HARDWARE\\KEY\\key.c                 0x00000000   Number         0  key.o ABSOLUTE
    ..\\HARDWARE\\LED\\LED.C                 0x00000000   Number         0  led.o ABSOLUTE
    ..\\HARDWARE\\OLED\\oled.c               0x00000000   Number         0  oled.o ABSOLUTE
    ..\\HARDWARE\\USART3\\usart3.c           0x00000000   Number         0  usart3.o ABSOLUTE
    ..\\STM32F10x_FWLib\\src\\misc.c         0x00000000   Number         0  misc.o ABSOLUTE
    ..\\STM32F10x_FWLib\\src\\stm32f10x_adc.c 0x00000000   Number         0  stm32f10x_adc.o ABSOLUTE
    ..\\STM32F10x_FWLib\\src\\stm32f10x_bkp.c 0x00000000   Number         0  stm32f10x_bkp.o ABSOLUTE
    ..\\STM32F10x_FWLib\\src\\stm32f10x_can.c 0x00000000   Number         0  stm32f10x_can.o ABSOLUTE
    ..\\STM32F10x_FWLib\\src\\stm32f10x_cec.c 0x00000000   Number         0  stm32f10x_cec.o ABSOLUTE
    ..\\STM32F10x_FWLib\\src\\stm32f10x_crc.c 0x00000000   Number         0  stm32f10x_crc.o ABSOLUTE
    ..\\STM32F10x_FWLib\\src\\stm32f10x_dac.c 0x00000000   Number         0  stm32f10x_dac.o ABSOLUTE
    ..\\STM32F10x_FWLib\\src\\stm32f10x_dbgmcu.c 0x00000000   Number         0  stm32f10x_dbgmcu.o ABSOLUTE
    ..\\STM32F10x_FWLib\\src\\stm32f10x_dma.c 0x00000000   Number         0  stm32f10x_dma.o ABSOLUTE
    ..\\STM32F10x_FWLib\\src\\stm32f10x_exti.c 0x00000000   Number         0  stm32f10x_exti.o ABSOLUTE
    ..\\STM32F10x_FWLib\\src\\stm32f10x_flash.c 0x00000000   Number         0  stm32f10x_flash.o ABSOLUTE
    ..\\STM32F10x_FWLib\\src\\stm32f10x_fsmc.c 0x00000000   Number         0  stm32f10x_fsmc.o ABSOLUTE
    ..\\STM32F10x_FWLib\\src\\stm32f10x_gpio.c 0x00000000   Number         0  stm32f10x_gpio.o ABSOLUTE
    ..\\STM32F10x_FWLib\\src\\stm32f10x_i2c.c 0x00000000   Number         0  stm32f10x_i2c.o ABSOLUTE
    ..\\STM32F10x_FWLib\\src\\stm32f10x_iwdg.c 0x00000000   Number         0  stm32f10x_iwdg.o ABSOLUTE
    ..\\STM32F10x_FWLib\\src\\stm32f10x_pwr.c 0x00000000   Number         0  stm32f10x_pwr.o ABSOLUTE
    ..\\STM32F10x_FWLib\\src\\stm32f10x_rcc.c 0x00000000   Number         0  stm32f10x_rcc.o ABSOLUTE
    ..\\STM32F10x_FWLib\\src\\stm32f10x_rtc.c 0x00000000   Number         0  stm32f10x_rtc.o ABSOLUTE
    ..\\STM32F10x_FWLib\\src\\stm32f10x_sdio.c 0x00000000   Number         0  stm32f10x_sdio.o ABSOLUTE
    ..\\STM32F10x_FWLib\\src\\stm32f10x_spi.c 0x00000000   Number         0  stm32f10x_spi.o ABSOLUTE
    ..\\STM32F10x_FWLib\\src\\stm32f10x_tim.c 0x00000000   Number         0  stm32f10x_tim.o ABSOLUTE
    ..\\STM32F10x_FWLib\\src\\stm32f10x_usart.c 0x00000000   Number         0  stm32f10x_usart.o ABSOLUTE
    ..\\STM32F10x_FWLib\\src\\stm32f10x_wwdg.c 0x00000000   Number         0  stm32f10x_wwdg.o ABSOLUTE
    ..\\SYSTEM\\delay\\delay.c               0x00000000   Number         0  delay.o ABSOLUTE
    ..\\SYSTEM\\sys\\sys.c                   0x00000000   Number         0  sys.o ABSOLUTE
    ..\\SYSTEM\\usart\\usart.c               0x00000000   Number         0  usart.o ABSOLUTE
    dc.s                                     0x00000000   Number         0  dc.o ABSOLUTE
    main.c                                   0x00000000   Number         0  main.o ABSOLUTE
    main.c                                   0x00000000   Number         0  main.o ABSOLUTE
    stm32f10x_it.c                           0x00000000   Number         0  stm32f10x_it.o ABSOLUTE
    stm32f10x_it.c                           0x00000000   Number         0  stm32f10x_it.o ABSOLUTE
    system_stm32f10x.c                       0x00000000   Number         0  system_stm32f10x.o ABSOLUTE
    system_stm32f10x.c                       0x00000000   Number         0  system_stm32f10x.o ABSOLUTE
    RESET                                    0x08000000   Section      236  startup_stm32f10x_md.o(RESET)
    !!!main                                  0x080000ec   Section        8  __main.o(!!!main)
    !!!scatter                               0x080000f4   Section       52  __scatter.o(!!!scatter)
    !!dczerorl2                              0x08000128   Section       90  __dczerorl2.o(!!dczerorl2)
    !!handler_zi                             0x08000184   Section       28  __scatter_zi.o(!!handler_zi)
    .ARM.Collect$$_printf_percent$$00000000  0x080001a0   Section        0  _printf_percent.o(.ARM.Collect$$_printf_percent$$00000000)
    .ARM.Collect$$_printf_percent$$00000003  0x080001a0   Section        6  _printf_f.o(.ARM.Collect$$_printf_percent$$00000003)
    .ARM.Collect$$_printf_percent$$00000009  0x080001a6   Section        6  _printf_d.o(.ARM.Collect$$_printf_percent$$00000009)
    .ARM.Collect$$_printf_percent$$00000017  0x080001ac   Section        4  _printf_percent_end.o(.ARM.Collect$$_printf_percent$$00000017)
    .ARM.Collect$$libinit$$00000000          0x080001b0   Section        2  libinit.o(.ARM.Collect$$libinit$$00000000)
    .ARM.Collect$$libinit$$00000002          0x080001b2   Section        0  libinit2.o(.ARM.Collect$$libinit$$00000002)
    .ARM.Collect$$libinit$$00000004          0x080001b2   Section        0  libinit2.o(.ARM.Collect$$libinit$$00000004)
    .ARM.Collect$$libinit$$0000000A          0x080001b2   Section        0  libinit2.o(.ARM.Collect$$libinit$$0000000A)
    .ARM.Collect$$libinit$$0000000C          0x080001b2   Section        0  libinit2.o(.ARM.Collect$$libinit$$0000000C)
    .ARM.Collect$$libinit$$0000000E          0x080001b2   Section        0  libinit2.o(.ARM.Collect$$libinit$$0000000E)
    .ARM.Collect$$libinit$$0000000F          0x080001b2   Section        6  libinit2.o(.ARM.Collect$$libinit$$0000000F)
    .ARM.Collect$$libinit$$00000011          0x080001b8   Section        0  libinit2.o(.ARM.Collect$$libinit$$00000011)
    .ARM.Collect$$libinit$$00000013          0x080001b8   Section        0  libinit2.o(.ARM.Collect$$libinit$$00000013)
    .ARM.Collect$$libinit$$00000015          0x080001b8   Section        0  libinit2.o(.ARM.Collect$$libinit$$00000015)
    .ARM.Collect$$libinit$$00000016          0x080001b8   Section       10  libinit2.o(.ARM.Collect$$libinit$$00000016)
    .ARM.Collect$$libinit$$00000017          0x080001c2   Section        0  libinit2.o(.ARM.Collect$$libinit$$00000017)
    .ARM.Collect$$libinit$$00000019          0x080001c2   Section        0  libinit2.o(.ARM.Collect$$libinit$$00000019)
    .ARM.Collect$$libinit$$0000001B          0x080001c2   Section        0  libinit2.o(.ARM.Collect$$libinit$$0000001B)
    .ARM.Collect$$libinit$$0000001D          0x080001c2   Section        0  libinit2.o(.ARM.Collect$$libinit$$0000001D)
    .ARM.Collect$$libinit$$0000001F          0x080001c2   Section        0  libinit2.o(.ARM.Collect$$libinit$$0000001F)
    .ARM.Collect$$libinit$$00000021          0x080001c2   Section        0  libinit2.o(.ARM.Collect$$libinit$$00000021)
    .ARM.Collect$$libinit$$00000023          0x080001c2   Section        0  libinit2.o(.ARM.Collect$$libinit$$00000023)
    .ARM.Collect$$libinit$$00000025          0x080001c2   Section        0  libinit2.o(.ARM.Collect$$libinit$$00000025)
    .ARM.Collect$$libinit$$0000002C          0x080001c2   Section        0  libinit2.o(.ARM.Collect$$libinit$$0000002C)
    .ARM.Collect$$libinit$$0000002E          0x080001c2   Section        0  libinit2.o(.ARM.Collect$$libinit$$0000002E)
    .ARM.Collect$$libinit$$00000030          0x080001c2   Section        0  libinit2.o(.ARM.Collect$$libinit$$00000030)
    .ARM.Collect$$libinit$$00000032          0x080001c2   Section        0  libinit2.o(.ARM.Collect$$libinit$$00000032)
    .ARM.Collect$$libinit$$00000033          0x080001c2   Section        2  libinit2.o(.ARM.Collect$$libinit$$00000033)
    .ARM.Collect$$libshutdown$$00000000      0x080001c4   Section        2  libshutdown.o(.ARM.Collect$$libshutdown$$00000000)
    .ARM.Collect$$libshutdown$$00000002      0x080001c6   Section        0  libshutdown2.o(.ARM.Collect$$libshutdown$$00000002)
    .ARM.Collect$$libshutdown$$00000004      0x080001c6   Section        0  libshutdown2.o(.ARM.Collect$$libshutdown$$00000004)
    .ARM.Collect$$libshutdown$$00000007      0x080001c6   Section        0  libshutdown2.o(.ARM.Collect$$libshutdown$$00000007)
    .ARM.Collect$$libshutdown$$0000000A      0x080001c6   Section        0  libshutdown2.o(.ARM.Collect$$libshutdown$$0000000A)
    .ARM.Collect$$libshutdown$$0000000C      0x080001c6   Section        0  libshutdown2.o(.ARM.Collect$$libshutdown$$0000000C)
    .ARM.Collect$$libshutdown$$0000000F      0x080001c6   Section        0  libshutdown2.o(.ARM.Collect$$libshutdown$$0000000F)
    .ARM.Collect$$libshutdown$$00000010      0x080001c6   Section        2  libshutdown2.o(.ARM.Collect$$libshutdown$$00000010)
    .ARM.Collect$$rtentry$$00000000          0x080001c8   Section        0  __rtentry.o(.ARM.Collect$$rtentry$$00000000)
    .ARM.Collect$$rtentry$$00000002          0x080001c8   Section        0  __rtentry2.o(.ARM.Collect$$rtentry$$00000002)
    .ARM.Collect$$rtentry$$00000004          0x080001c8   Section        6  __rtentry4.o(.ARM.Collect$$rtentry$$00000004)
    .ARM.Collect$$rtentry$$00000009          0x080001ce   Section        0  __rtentry2.o(.ARM.Collect$$rtentry$$00000009)
    .ARM.Collect$$rtentry$$0000000A          0x080001ce   Section        4  __rtentry2.o(.ARM.Collect$$rtentry$$0000000A)
    .ARM.Collect$$rtentry$$0000000C          0x080001d2   Section        0  __rtentry2.o(.ARM.Collect$$rtentry$$0000000C)
    .ARM.Collect$$rtentry$$0000000D          0x080001d2   Section        8  __rtentry2.o(.ARM.Collect$$rtentry$$0000000D)
    .ARM.Collect$$rtexit$$00000000           0x080001da   Section        2  rtexit.o(.ARM.Collect$$rtexit$$00000000)
    .ARM.Collect$$rtexit$$00000002           0x080001dc   Section        0  rtexit2.o(.ARM.Collect$$rtexit$$00000002)
    .ARM.Collect$$rtexit$$00000003           0x080001dc   Section        4  rtexit2.o(.ARM.Collect$$rtexit$$00000003)
    .ARM.Collect$$rtexit$$00000004           0x080001e0   Section        6  rtexit2.o(.ARM.Collect$$rtexit$$00000004)
    .text                                    0x080001e8   Section        0  main.o(.text)
    .text                                    0x08000560   Section        0  stm32f10x_it.o(.text)
    .text                                    0x0800057c   Section        0  system_stm32f10x.o(.text)
    SetSysClockTo72                          0x0800057d   Thumb Code   214  system_stm32f10x.o(.text)
    SetSysClock                              0x08000653   Thumb Code     8  system_stm32f10x.o(.text)
    .text                                    0x0800075c   Section        0  delay.o(.text)
    .text                                    0x08000830   Section        0  sys.o(.text)
    .text                                    0x08000858   Section        0  usart.o(.text)
    .text                                    0x0800097c   Section        0  led.o(.text)
    .text                                    0x080009e0   Section        0  key.o(.text)
    .text                                    0x08000a38   Section        0  usart3.o(.text)
    .text                                    0x08000ba0   Section        0  oled.o(.text)
    .text                                    0x080017b4   Section       64  startup_stm32f10x_md.o(.text)
    .text                                    0x080017f4   Section        0  misc.o(.text)
    .text                                    0x080018d0   Section        0  stm32f10x_gpio.o(.text)
    .text                                    0x08001c2c   Section        0  stm32f10x_rcc.o(.text)
    .text                                    0x08001fd0   Section        0  stm32f10x_usart.o(.text)
    .text                                    0x080023d8   Section        2  use_no_semi_2.o(.text)
    .text                                    0x080023dc   Section        0  noretval__2printf.o(.text)
    .text                                    0x080023f4   Section        0  _printf_dec.o(.text)
    .text                                    0x0800246c   Section        0  __printf_wp.o(.text)
    .text                                    0x0800257a   Section        0  strlen.o(.text)
    .text                                    0x080025b8   Section        0  heapauxi.o(.text)
    .text                                    0x080025be   Section        2  use_no_semi.o(.text)
    .text                                    0x080025c0   Section        0  _printf_intcommon.o(.text)
    .text                                    0x08002672   Section        0  _printf_fp_dec.o(.text)
    _fp_digits                               0x08002675   Thumb Code   428  _printf_fp_dec.o(.text)
    .text                                    0x08002a8c   Section        0  _printf_char_file.o(.text)
    .text                                    0x08002ab0   Section        8  rt_locale_intlibspace.o(.text)
    .text                                    0x08002ab8   Section      138  lludiv10.o(.text)
    .text                                    0x08002b44   Section        0  _printf_char_common.o(.text)
    _printf_input_char                       0x08002b45   Thumb Code    10  _printf_char_common.o(.text)
    .text                                    0x08002b74   Section        0  _printf_fp_infnan.o(.text)
    .text                                    0x08002bf4   Section        0  bigflt0.o(.text)
    .text                                    0x08002cd0   Section        0  ferror.o(.text)
    .text                                    0x08002cd8   Section        8  libspace.o(.text)
    .text                                    0x08002ce0   Section       74  sys_stackheap_outer.o(.text)
    .text                                    0x08002d2a   Section        0  exit.o(.text)
    .text                                    0x08002d3c   Section      128  strcmpv7m.o(.text)
    CL$$btod_d2e                             0x08002dbc   Section       62  btod.o(CL$$btod_d2e)
    CL$$btod_d2e_denorm_low                  0x08002dfa   Section       70  btod.o(CL$$btod_d2e_denorm_low)
    CL$$btod_d2e_norm_op1                    0x08002e40   Section       96  btod.o(CL$$btod_d2e_norm_op1)
    CL$$btod_div_common                      0x08002ea0   Section      824  btod.o(CL$$btod_div_common)
    CL$$btod_e2e                             0x080031d8   Section      198  btod.o(CL$$btod_e2e)
    CL$$btod_ediv                            0x0800329e   Section       40  btod.o(CL$$btod_ediv)
    CL$$btod_emul                            0x080032c6   Section       40  btod.o(CL$$btod_emul)
    CL$$btod_mult_common                     0x080032ee   Section      580  btod.o(CL$$btod_mult_common)
    i.__ARM_fpclassify                       0x08003532   Section        0  fpclassify.o(i.__ARM_fpclassify)
    i._is_digit                              0x0800355a   Section        0  __printf_wp.o(i._is_digit)
    locale$$code                             0x08003568   Section       44  lc_numeric_c.o(locale$$code)
    x$fpl$d2f                                0x08003594   Section       98  d2f.o(x$fpl$d2f)
    x$fpl$dadd                               0x080035f8   Section      336  daddsub_clz.o(x$fpl$dadd)
    _dadd1                                   0x08003609   Thumb Code     0  daddsub_clz.o(x$fpl$dadd)
    x$fpl$dcmpinf                            0x08003748   Section       24  dcmpi.o(x$fpl$dcmpinf)
    x$fpl$dfix                               0x08003760   Section       94  dfix.o(x$fpl$dfix)
    x$fpl$dfixu                              0x080037c0   Section       90  dfixu.o(x$fpl$dfixu)
    x$fpl$dflt                               0x0800381a   Section       46  dflt_clz.o(x$fpl$dflt)
    x$fpl$dfltu                              0x08003848   Section       38  dflt_clz.o(x$fpl$dfltu)
    x$fpl$dleqf                              0x08003870   Section      120  dleqf.o(x$fpl$dleqf)
    x$fpl$dmul                               0x080038e8   Section      340  dmul.o(x$fpl$dmul)
    x$fpl$dnaninf                            0x08003a3c   Section      156  dnaninf.o(x$fpl$dnaninf)
    x$fpl$dretinf                            0x08003ad8   Section       12  dretinf.o(x$fpl$dretinf)
    x$fpl$drsb                               0x08003ae4   Section       22  daddsub_clz.o(x$fpl$drsb)
    x$fpl$dsub                               0x08003afc   Section      468  daddsub_clz.o(x$fpl$dsub)
    _dsub1                                   0x08003b0d   Thumb Code     0  daddsub_clz.o(x$fpl$dsub)
    x$fpl$f2d                                0x08003cd0   Section       86  f2d.o(x$fpl$f2d)
    x$fpl$fflt                               0x08003d28   Section       48  fflt_clz.o(x$fpl$fflt)
    x$fpl$fmul                               0x08003d58   Section      258  fmul.o(x$fpl$fmul)
    x$fpl$fnaninf                            0x08003e5a   Section      140  fnaninf.o(x$fpl$fnaninf)
    x$fpl$fretinf                            0x08003ee6   Section       10  fretinf.o(x$fpl$fretinf)
    x$fpl$printf1                            0x08003ef0   Section        4  printf1.o(x$fpl$printf1)
    .constdata                               0x08003ef4   Section     2072  oled.o(.constdata)
    x$fpl$usenofp                            0x08003ef4   Section        0  usenofp.o(x$fpl$usenofp)
    .constdata                               0x0800470c   Section      148  bigflt0.o(.constdata)
    tenpwrs_x                                0x0800470c   Data          60  bigflt0.o(.constdata)
    tenpwrs_i                                0x08004748   Data          64  bigflt0.o(.constdata)
    locale$$data                             0x080047c0   Section       28  lc_numeric_c.o(locale$$data)
    __lcnum_c_name                           0x080047c4   Data           2  lc_numeric_c.o(locale$$data)
    __lcnum_c_start                          0x080047cc   Data           0  lc_numeric_c.o(locale$$data)
    __lcnum_c_point                          0x080047d8   Data           0  lc_numeric_c.o(locale$$data)
    __lcnum_c_thousands                      0x080047da   Data           0  lc_numeric_c.o(locale$$data)
    __lcnum_c_grouping                       0x080047db   Data           0  lc_numeric_c.o(locale$$data)
    __lcnum_c_end                            0x080047dc   Data           0  lc_numeric_c.o(locale$$data)
    .data                                    0x20000000   Section       24  main.o(.data)
    .data                                    0x20000018   Section       20  system_stm32f10x.o(.data)
    .data                                    0x2000002c   Section        4  delay.o(.data)
    fac_us                                   0x2000002c   Data           1  delay.o(.data)
    fac_ms                                   0x2000002e   Data           2  delay.o(.data)
    .data                                    0x20000030   Section        5  usart.o(.data)
    .data                                    0x20000038   Section        4  led.o(.data)
    temp                                     0x20000038   Data           4  led.o(.data)
    .data                                    0x2000003c   Section        1  key.o(.data)
    flag_key                                 0x2000003c   Data           1  key.o(.data)
    .data                                    0x2000003d   Section        1  usart3.o(.data)
    .data                                    0x2000003e   Section      896  oled.o(.data)
    .data                                    0x200003be   Section       20  stm32f10x_rcc.o(.data)
    APBAHBPrescTable                         0x200003be   Data          16  stm32f10x_rcc.o(.data)
    ADCPrescTable                            0x200003ce   Data           4  stm32f10x_rcc.o(.data)
    .bss                                     0x200003d4   Section       64  usart.o(.bss)
    .bss                                     0x20000414   Section      200  usart3.o(.bss)
    .bss                                     0x200004dc   Section       96  libspace.o(.bss)
    HEAP                                     0x20000540   Section      512  startup_stm32f10x_md.o(HEAP)
    Heap_Mem                                 0x20000540   Data         512  startup_stm32f10x_md.o(HEAP)
    STACK                                    0x20000740   Section     1024  startup_stm32f10x_md.o(STACK)
    Stack_Mem                                0x20000740   Data        1024  startup_stm32f10x_md.o(STACK)
    __initial_sp                             0x20000b40   Data           0  startup_stm32f10x_md.o(STACK)

    Global Symbols

    Symbol Name                              Value     Ov Type        Size  Object(Section)

    BuildAttributes$$THM_ISAv4$P$D$K$B$S$PE$A:L22UL41UL21$X:L11$S22US41US21$IEEE1$IW$USESV6$~STKCKD$USESV7$~SHL$OTIME$ROPI$IEEEJ$EBA8$UX$STANDARDLIB$REQ8$PRES8$EABIv2 0x00000000   Number         0  anon$$obj.o ABSOLUTE
    __ARM_use_no_argv                        0x00000000   Number         0  main.o ABSOLUTE
    _printf_flags                            0x00000000   Number         0  printf_stubs.o ABSOLUTE
    _printf_return_value                     0x00000000   Number         0  printf_stubs.o ABSOLUTE
    _printf_sizespec                         0x00000000   Number         0  printf_stubs.o ABSOLUTE
    _printf_widthprec                        0x00000000   Number         0  printf_stubs.o ABSOLUTE
    __ARM_exceptions_init                     - Undefined Weak Reference
    __alloca_initialize                       - Undefined Weak Reference
    __arm_preinit_                            - Undefined Weak Reference
    __cpp_initialize__aeabi_                  - Undefined Weak Reference
    __cxa_finalize                            - Undefined Weak Reference
    __sigvec_lookup                           - Undefined Weak Reference
    _atexit_init                              - Undefined Weak Reference
    _call_atexit_fns                          - Undefined Weak Reference
    _clock_init                               - Undefined Weak Reference
    _fp_trap_init                             - Undefined Weak Reference
    _fp_trap_shutdown                         - Undefined Weak Reference
    _get_lc_collate                           - Undefined Weak Reference
    _get_lc_ctype                             - Undefined Weak Reference
    _get_lc_monetary                          - Undefined Weak Reference
    _get_lc_time                              - Undefined Weak Reference
    _getenv_init                              - Undefined Weak Reference
    _handle_redirection                       - Undefined Weak Reference
    _init_alloc                               - Undefined Weak Reference
    _init_user_alloc                          - Undefined Weak Reference
    _initio                                   - Undefined Weak Reference
    _mutex_acquire                            - Undefined Weak Reference
    _mutex_release                            - Undefined Weak Reference
    _printf_post_padding                      - Undefined Weak Reference
    _printf_pre_padding                       - Undefined Weak Reference
    _printf_truncate_signed                   - Undefined Weak Reference
    _printf_truncate_unsigned                 - Undefined Weak Reference
    _rand_init                                - Undefined Weak Reference
    _signal_finish                            - Undefined Weak Reference
    _signal_init                              - Undefined Weak Reference
    _terminate_alloc                          - Undefined Weak Reference
    _terminate_user_alloc                     - Undefined Weak Reference
    _terminateio                              - Undefined Weak Reference
    __Vectors_Size                           0x000000ec   Number         0  startup_stm32f10x_md.o ABSOLUTE
    __Vectors                                0x08000000   Data           4  startup_stm32f10x_md.o(RESET)
    __Vectors_End                            0x080000ec   Data           0  startup_stm32f10x_md.o(RESET)
    __main                                   0x080000ed   Thumb Code     8  __main.o(!!!main)
    __scatterload                            0x080000f5   Thumb Code     0  __scatter.o(!!!scatter)
    __scatterload_rt2                        0x080000f5   Thumb Code    44  __scatter.o(!!!scatter)
    __scatterload_rt2_thumb_only             0x080000f5   Thumb Code     0  __scatter.o(!!!scatter)
    __scatterload_null                       0x08000103   Thumb Code     0  __scatter.o(!!!scatter)
    __decompress                             0x08000129   Thumb Code    90  __dczerorl2.o(!!dczerorl2)
    __decompress1                            0x08000129   Thumb Code     0  __dczerorl2.o(!!dczerorl2)
    __scatterload_zeroinit                   0x08000185   Thumb Code    28  __scatter_zi.o(!!handler_zi)
    _printf_f                                0x080001a1   Thumb Code     0  _printf_f.o(.ARM.Collect$$_printf_percent$$00000003)
    _printf_percent                          0x080001a1   Thumb Code     0  _printf_percent.o(.ARM.Collect$$_printf_percent$$00000000)
    _printf_d                                0x080001a7   Thumb Code     0  _printf_d.o(.ARM.Collect$$_printf_percent$$00000009)
    _printf_percent_end                      0x080001ad   Thumb Code     0  _printf_percent_end.o(.ARM.Collect$$_printf_percent$$00000017)
    __rt_lib_init                            0x080001b1   Thumb Code     0  libinit.o(.ARM.Collect$$libinit$$00000000)
    __rt_lib_init_fp_1                       0x080001b3   Thumb Code     0  libinit2.o(.ARM.Collect$$libinit$$00000002)
    __rt_lib_init_heap_1                     0x080001b3   Thumb Code     0  libinit2.o(.ARM.Collect$$libinit$$0000000A)
    __rt_lib_init_lc_common                  0x080001b3   Thumb Code     0  libinit2.o(.ARM.Collect$$libinit$$0000000F)
    __rt_lib_init_preinit_1                  0x080001b3   Thumb Code     0  libinit2.o(.ARM.Collect$$libinit$$00000004)
    __rt_lib_init_rand_1                     0x080001b3   Thumb Code     0  libinit2.o(.ARM.Collect$$libinit$$0000000E)
    __rt_lib_init_user_alloc_1               0x080001b3   Thumb Code     0  libinit2.o(.ARM.Collect$$libinit$$0000000C)
    __rt_lib_init_lc_collate_1               0x080001b9   Thumb Code     0  libinit2.o(.ARM.Collect$$libinit$$00000011)
    __rt_lib_init_lc_ctype_1                 0x080001b9   Thumb Code     0  libinit2.o(.ARM.Collect$$libinit$$00000013)
    __rt_lib_init_lc_monetary_1              0x080001b9   Thumb Code     0  libinit2.o(.ARM.Collect$$libinit$$00000015)
    __rt_lib_init_lc_numeric_2               0x080001b9   Thumb Code     0  libinit2.o(.ARM.Collect$$libinit$$00000016)
    __rt_lib_init_alloca_1                   0x080001c3   Thumb Code     0  libinit2.o(.ARM.Collect$$libinit$$0000002E)
    __rt_lib_init_argv_1                     0x080001c3   Thumb Code     0  libinit2.o(.ARM.Collect$$libinit$$0000002C)
    __rt_lib_init_atexit_1                   0x080001c3   Thumb Code     0  libinit2.o(.ARM.Collect$$libinit$$0000001B)
    __rt_lib_init_clock_1                    0x080001c3   Thumb Code     0  libinit2.o(.ARM.Collect$$libinit$$00000021)
    __rt_lib_init_cpp_1                      0x080001c3   Thumb Code     0  libinit2.o(.ARM.Collect$$libinit$$00000032)
    __rt_lib_init_exceptions_1               0x080001c3   Thumb Code     0  libinit2.o(.ARM.Collect$$libinit$$00000030)
    __rt_lib_init_fp_trap_1                  0x080001c3   Thumb Code     0  libinit2.o(.ARM.Collect$$libinit$$0000001F)
    __rt_lib_init_getenv_1                   0x080001c3   Thumb Code     0  libinit2.o(.ARM.Collect$$libinit$$00000023)
    __rt_lib_init_lc_numeric_1               0x080001c3   Thumb Code     0  libinit2.o(.ARM.Collect$$libinit$$00000017)
    __rt_lib_init_lc_time_1                  0x080001c3   Thumb Code     0  libinit2.o(.ARM.Collect$$libinit$$00000019)
    __rt_lib_init_return                     0x080001c3   Thumb Code     0  libinit2.o(.ARM.Collect$$libinit$$00000033)
    __rt_lib_init_signal_1                   0x080001c3   Thumb Code     0  libinit2.o(.ARM.Collect$$libinit$$0000001D)
    __rt_lib_init_stdio_1                    0x080001c3   Thumb Code     0  libinit2.o(.ARM.Collect$$libinit$$00000025)
    __rt_lib_shutdown                        0x080001c5   Thumb Code     0  libshutdown.o(.ARM.Collect$$libshutdown$$00000000)
    __rt_lib_shutdown_cpp_1                  0x080001c7   Thumb Code     0  libshutdown2.o(.ARM.Collect$$libshutdown$$00000002)
    __rt_lib_shutdown_fp_trap_1              0x080001c7   Thumb Code     0  libshutdown2.o(.ARM.Collect$$libshutdown$$00000007)
    __rt_lib_shutdown_heap_1                 0x080001c7   Thumb Code     0  libshutdown2.o(.ARM.Collect$$libshutdown$$0000000F)
    __rt_lib_shutdown_return                 0x080001c7   Thumb Code     0  libshutdown2.o(.ARM.Collect$$libshutdown$$00000010)
    __rt_lib_shutdown_signal_1               0x080001c7   Thumb Code     0  libshutdown2.o(.ARM.Collect$$libshutdown$$0000000A)
    __rt_lib_shutdown_stdio_1                0x080001c7   Thumb Code     0  libshutdown2.o(.ARM.Collect$$libshutdown$$00000004)
    __rt_lib_shutdown_user_alloc_1           0x080001c7   Thumb Code     0  libshutdown2.o(.ARM.Collect$$libshutdown$$0000000C)
    __rt_entry                               0x080001c9   Thumb Code     0  __rtentry.o(.ARM.Collect$$rtentry$$00000000)
    __rt_entry_presh_1                       0x080001c9   Thumb Code     0  __rtentry2.o(.ARM.Collect$$rtentry$$00000002)
    __rt_entry_sh                            0x080001c9   Thumb Code     0  __rtentry4.o(.ARM.Collect$$rtentry$$00000004)
    __rt_entry_li                            0x080001cf   Thumb Code     0  __rtentry2.o(.ARM.Collect$$rtentry$$0000000A)
    __rt_entry_postsh_1                      0x080001cf   Thumb Code     0  __rtentry2.o(.ARM.Collect$$rtentry$$00000009)
    __rt_entry_main                          0x080001d3   Thumb Code     0  __rtentry2.o(.ARM.Collect$$rtentry$$0000000D)
    __rt_entry_postli_1                      0x080001d3   Thumb Code     0  __rtentry2.o(.ARM.Collect$$rtentry$$0000000C)
    __rt_exit                                0x080001db   Thumb Code     0  rtexit.o(.ARM.Collect$$rtexit$$00000000)
    __rt_exit_ls                             0x080001dd   Thumb Code     0  rtexit2.o(.ARM.Collect$$rtexit$$00000003)
    __rt_exit_prels_1                        0x080001dd   Thumb Code     0  rtexit2.o(.ARM.Collect$$rtexit$$00000002)
    __rt_exit_exit                           0x080001e1   Thumb Code     0  rtexit2.o(.ARM.Collect$$rtexit$$00000004)
    data_receive3                            0x080001e9   Thumb Code   572  main.o(.text)
    main                                     0x08000425   Thumb Code   106  main.o(.text)
    NMI_Handler                              0x08000561   Thumb Code     2  stm32f10x_it.o(.text)
    HardFault_Handler                        0x08000563   Thumb Code     4  stm32f10x_it.o(.text)
    MemManage_Handler                        0x08000567   Thumb Code     4  stm32f10x_it.o(.text)
    BusFault_Handler                         0x0800056b   Thumb Code     4  stm32f10x_it.o(.text)
    UsageFault_Handler                       0x0800056f   Thumb Code     4  stm32f10x_it.o(.text)
    SVC_Handler                              0x08000573   Thumb Code     2  stm32f10x_it.o(.text)
    DebugMon_Handler                         0x08000575   Thumb Code     2  stm32f10x_it.o(.text)
    PendSV_Handler                           0x08000577   Thumb Code     2  stm32f10x_it.o(.text)
    SysTick_Handler                          0x08000579   Thumb Code     2  stm32f10x_it.o(.text)
    SystemInit                               0x0800065b   Thumb Code    78  system_stm32f10x.o(.text)
    SystemCoreClockUpdate                    0x080006a9   Thumb Code   142  system_stm32f10x.o(.text)
    delay_init                               0x0800075d   Thumb Code    50  delay.o(.text)
    delay_us                                 0x0800078f   Thumb Code    72  delay.o(.text)
    delay_ms                                 0x080007d7   Thumb Code    72  delay.o(.text)
    NVIC_Configuration                       0x08000831   Thumb Code    40  sys.o(.text)
    _sys_exit                                0x08000859   Thumb Code     6  usart.o(.text)
    fputc                                    0x0800085f   Thumb Code    24  usart.o(.text)
    uart1_init                               0x08000877   Thumb Code   124  usart.o(.text)
    USART1_IRQHandler                        0x080008f3   Thumb Code   122  usart.o(.text)
    LED_Init                                 0x0800097d   Thumb Code    40  led.o(.text)
    Led_Flash                                0x080009a5   Thumb Code    44  led.o(.text)
    KEY_Init                                 0x080009e1   Thumb Code    34  key.o(.text)
    KEY_Scan                                 0x08000a03   Thumb Code    42  key.o(.text)
    uart3_init                               0x08000a39   Thumb Code   130  usart3.o(.text)
    Uart3SendByte                            0x08000abb   Thumb Code    28  usart3.o(.text)
    Uart3SendBuf                             0x08000ad7   Thumb Code    28  usart3.o(.text)
    Uart3SendStr                             0x08000af3   Thumb Code    34  usart3.o(.text)
    USART3_IRQHandler                        0x08000b15   Thumb Code   122  usart3.o(.text)
    OLED_IIC_Start                           0x08000ba1   Thumb Code    44  oled.o(.text)
    OLED_IIC_Stop                            0x08000bcd   Thumb Code    34  oled.o(.text)
    OLED_IIC_Wait_Ack                        0x08000bef   Thumb Code    24  oled.o(.text)
    OLED_Write_IIC_Byte                      0x08000c07   Thumb Code    88  oled.o(.text)
    OLED_Write_IIC_Command                   0x08000c5f   Thumb Code    44  oled.o(.text)
    OLED_Write_IIC_Data                      0x08000c8b   Thumb Code    44  oled.o(.text)
    OLED_WR_Byte                             0x08000cb7   Thumb Code    24  oled.o(.text)
    fill_picture                             0x08000ccf   Thumb Code    64  oled.o(.text)
    Delay_50ms                               0x08000d0f   Thumb Code    22  oled.o(.text)
    Delay_1ms                                0x08000d25   Thumb Code    26  oled.o(.text)
    OLED_Set_Pos                             0x08000d3f   Thumb Code    40  oled.o(.text)
    OLED_Display_On                          0x08000d67   Thumb Code    28  oled.o(.text)
    OLED_Display_Off                         0x08000d83   Thumb Code    28  oled.o(.text)
    OLED_Clear                               0x08000d9f   Thumb Code    62  oled.o(.text)
    OLED_On                                  0x08000ddd   Thumb Code    62  oled.o(.text)
    OLED_ShowChar                            0x08000e1b   Thumb Code   154  oled.o(.text)
    oled_pow                                 0x08000eb5   Thumb Code    22  oled.o(.text)
    OLED_ShowNumber                          0x08000ecb   Thumb Code   136  oled.o(.text)
    OLED_ShowString                          0x08000f53   Thumb Code    66  oled.o(.text)
    OLED_ShowCHinese                         0x08000f95   Thumb Code    98  oled.o(.text)
    OLED_DrawBMP                             0x08000ff7   Thumb Code   118  oled.o(.text)
    OLED_Float                               0x0800106d   Thumb Code   442  oled.o(.text)
    OLED_Float2                              0x08001227   Thumb Code   366  oled.o(.text)
    OLED_Num_write                           0x08001395   Thumb Code    62  oled.o(.text)
    OLED_fuhao_write                         0x080013d3   Thumb Code    58  oled.o(.text)
    OLED_Num2                                0x0800140d   Thumb Code   156  oled.o(.text)
    OLED_Num3                                0x080014a9   Thumb Code   200  oled.o(.text)
    OLED_Num4                                0x08001571   Thumb Code   134  oled.o(.text)
    OLED_Num5                                0x080015f7   Thumb Code   152  oled.o(.text)
    OLED_Init                                0x0800168f   Thumb Code   294  oled.o(.text)
    Reset_Handler                            0x080017b5   Thumb Code     8  startup_stm32f10x_md.o(.text)
    ADC1_2_IRQHandler                        0x080017cf   Thumb Code     0  startup_stm32f10x_md.o(.text)
    CAN1_RX1_IRQHandler                      0x080017cf   Thumb Code     0  startup_stm32f10x_md.o(.text)
    CAN1_SCE_IRQHandler                      0x080017cf   Thumb Code     0  startup_stm32f10x_md.o(.text)
    DMA1_Channel1_IRQHandler                 0x080017cf   Thumb Code     0  startup_stm32f10x_md.o(.text)
    DMA1_Channel2_IRQHandler                 0x080017cf   Thumb Code     0  startup_stm32f10x_md.o(.text)
    DMA1_Channel3_IRQHandler                 0x080017cf   Thumb Code     0  startup_stm32f10x_md.o(.text)
    DMA1_Channel4_IRQHandler                 0x080017cf   Thumb Code     0  startup_stm32f10x_md.o(.text)
    DMA1_Channel5_IRQHandler                 0x080017cf   Thumb Code     0  startup_stm32f10x_md.o(.text)
    DMA1_Channel6_IRQHandler                 0x080017cf   Thumb Code     0  startup_stm32f10x_md.o(.text)
    DMA1_Channel7_IRQHandler                 0x080017cf   Thumb Code     0  startup_stm32f10x_md.o(.text)
    EXTI0_IRQHandler                         0x080017cf   Thumb Code     0  startup_stm32f10x_md.o(.text)
    EXTI15_10_IRQHandler                     0x080017cf   Thumb Code     0  startup_stm32f10x_md.o(.text)
    EXTI1_IRQHandler                         0x080017cf   Thumb Code     0  startup_stm32f10x_md.o(.text)
    EXTI2_IRQHandler                         0x080017cf   Thumb Code     0  startup_stm32f10x_md.o(.text)
    EXTI3_IRQHandler                         0x080017cf   Thumb Code     0  startup_stm32f10x_md.o(.text)
    EXTI4_IRQHandler                         0x080017cf   Thumb Code     0  startup_stm32f10x_md.o(.text)
    EXTI9_5_IRQHandler                       0x080017cf   Thumb Code     0  startup_stm32f10x_md.o(.text)
    FLASH_IRQHandler                         0x080017cf   Thumb Code     0  startup_stm32f10x_md.o(.text)
    I2C1_ER_IRQHandler                       0x080017cf   Thumb Code     0  startup_stm32f10x_md.o(.text)
    I2C1_EV_IRQHandler                       0x080017cf   Thumb Code     0  startup_stm32f10x_md.o(.text)
    I2C2_ER_IRQHandler                       0x080017cf   Thumb Code     0  startup_stm32f10x_md.o(.text)
    I2C2_EV_IRQHandler                       0x080017cf   Thumb Code     0  startup_stm32f10x_md.o(.text)
    PVD_IRQHandler                           0x080017cf   Thumb Code     0  startup_stm32f10x_md.o(.text)
    RCC_IRQHandler                           0x080017cf   Thumb Code     0  startup_stm32f10x_md.o(.text)
    RTCAlarm_IRQHandler                      0x080017cf   Thumb Code     0  startup_stm32f10x_md.o(.text)
    RTC_IRQHandler                           0x080017cf   Thumb Code     0  startup_stm32f10x_md.o(.text)
    SPI1_IRQHandler                          0x080017cf   Thumb Code     0  startup_stm32f10x_md.o(.text)
    SPI2_IRQHandler                          0x080017cf   Thumb Code     0  startup_stm32f10x_md.o(.text)
    TAMPER_IRQHandler                        0x080017cf   Thumb Code     0  startup_stm32f10x_md.o(.text)
    TIM1_BRK_IRQHandler                      0x080017cf   Thumb Code     0  startup_stm32f10x_md.o(.text)
    TIM1_CC_IRQHandler                       0x080017cf   Thumb Code     0  startup_stm32f10x_md.o(.text)
    TIM1_TRG_COM_IRQHandler                  0x080017cf   Thumb Code     0  startup_stm32f10x_md.o(.text)
    TIM1_UP_IRQHandler                       0x080017cf   Thumb Code     0  startup_stm32f10x_md.o(.text)
    TIM2_IRQHandler                          0x080017cf   Thumb Code     0  startup_stm32f10x_md.o(.text)
    TIM3_IRQHandler                          0x080017cf   Thumb Code     0  startup_stm32f10x_md.o(.text)
    TIM4_IRQHandler                          0x080017cf   Thumb Code     0  startup_stm32f10x_md.o(.text)
    USART2_IRQHandler                        0x080017cf   Thumb Code     0  startup_stm32f10x_md.o(.text)
    USBWakeUp_IRQHandler                     0x080017cf   Thumb Code     0  startup_stm32f10x_md.o(.text)
    USB_HP_CAN1_TX_IRQHandler                0x080017cf   Thumb Code     0  startup_stm32f10x_md.o(.text)
    USB_LP_CAN1_RX0_IRQHandler               0x080017cf   Thumb Code     0  startup_stm32f10x_md.o(.text)
    WWDG_IRQHandler                          0x080017cf   Thumb Code     0  startup_stm32f10x_md.o(.text)
    __user_initial_stackheap                 0x080017d1   Thumb Code     0  startup_stm32f10x_md.o(.text)
    NVIC_PriorityGroupConfig                 0x080017f5   Thumb Code    10  misc.o(.text)
    NVIC_Init                                0x080017ff   Thumb Code   100  misc.o(.text)
    NVIC_SetVectorTable                      0x08001863   Thumb Code    14  misc.o(.text)
    NVIC_SystemLPConfig                      0x08001871   Thumb Code    34  misc.o(.text)
    SysTick_CLKSourceConfig                  0x08001893   Thumb Code    40  misc.o(.text)
    GPIO_DeInit                              0x080018d1   Thumb Code   172  stm32f10x_gpio.o(.text)
    GPIO_AFIODeInit                          0x0800197d   Thumb Code    20  stm32f10x_gpio.o(.text)
    GPIO_Init                                0x08001991   Thumb Code   278  stm32f10x_gpio.o(.text)
    GPIO_StructInit                          0x08001aa7   Thumb Code    16  stm32f10x_gpio.o(.text)
    GPIO_ReadInputDataBit                    0x08001ab7   Thumb Code    18  stm32f10x_gpio.o(.text)
    GPIO_ReadInputData                       0x08001ac9   Thumb Code     8  stm32f10x_gpio.o(.text)
    GPIO_ReadOutputDataBit                   0x08001ad1   Thumb Code    18  stm32f10x_gpio.o(.text)
    GPIO_ReadOutputData                      0x08001ae3   Thumb Code     8  stm32f10x_gpio.o(.text)
    GPIO_SetBits                             0x08001aeb   Thumb Code     4  stm32f10x_gpio.o(.text)
    GPIO_ResetBits                           0x08001aef   Thumb Code     4  stm32f10x_gpio.o(.text)
    GPIO_WriteBit                            0x08001af3   Thumb Code    10  stm32f10x_gpio.o(.text)
    GPIO_Write                               0x08001afd   Thumb Code     4  stm32f10x_gpio.o(.text)
    GPIO_PinLockConfig                       0x08001b01   Thumb Code    18  stm32f10x_gpio.o(.text)
    GPIO_EventOutputConfig                   0x08001b13   Thumb Code    26  stm32f10x_gpio.o(.text)
    GPIO_EventOutputCmd                      0x08001b2d   Thumb Code     6  stm32f10x_gpio.o(.text)
    GPIO_PinRemapConfig                      0x08001b33   Thumb Code   138  stm32f10x_gpio.o(.text)
    GPIO_EXTILineConfig                      0x08001bbd   Thumb Code    66  stm32f10x_gpio.o(.text)
    GPIO_ETH_MediaInterfaceConfig            0x08001bff   Thumb Code     8  stm32f10x_gpio.o(.text)
    RCC_DeInit                               0x08001c2d   Thumb Code    64  stm32f10x_rcc.o(.text)
    RCC_HSEConfig                            0x08001c6d   Thumb Code    70  stm32f10x_rcc.o(.text)
    RCC_GetFlagStatus                        0x08001cb3   Thumb Code    56  stm32f10x_rcc.o(.text)
    RCC_WaitForHSEStartUp                    0x08001ceb   Thumb Code    56  stm32f10x_rcc.o(.text)
    RCC_AdjustHSICalibrationValue            0x08001d23   Thumb Code    20  stm32f10x_rcc.o(.text)
    RCC_HSICmd                               0x08001d37   Thumb Code     6  stm32f10x_rcc.o(.text)
    RCC_PLLConfig                            0x08001d3d   Thumb Code    24  stm32f10x_rcc.o(.text)
    RCC_PLLCmd                               0x08001d55   Thumb Code     6  stm32f10x_rcc.o(.text)
    RCC_SYSCLKConfig                         0x08001d5b   Thumb Code    18  stm32f10x_rcc.o(.text)
    RCC_GetSYSCLKSource                      0x08001d6d   Thumb Code    10  stm32f10x_rcc.o(.text)
    RCC_HCLKConfig                           0x08001d77   Thumb Code    18  stm32f10x_rcc.o(.text)
    RCC_PCLK1Config                          0x08001d89   Thumb Code    18  stm32f10x_rcc.o(.text)
    RCC_PCLK2Config                          0x08001d9b   Thumb Code    20  stm32f10x_rcc.o(.text)
    RCC_ITConfig                             0x08001daf   Thumb Code    26  stm32f10x_rcc.o(.text)
    RCC_USBCLKConfig                         0x08001dc9   Thumb Code     8  stm32f10x_rcc.o(.text)
    RCC_ADCCLKConfig                         0x08001dd1   Thumb Code    18  stm32f10x_rcc.o(.text)
    RCC_LSEConfig                            0x08001de3   Thumb Code    50  stm32f10x_rcc.o(.text)
    RCC_LSICmd                               0x08001e15   Thumb Code     6  stm32f10x_rcc.o(.text)
    RCC_RTCCLKConfig                         0x08001e1b   Thumb Code    12  stm32f10x_rcc.o(.text)
    RCC_RTCCLKCmd                            0x08001e27   Thumb Code     8  stm32f10x_rcc.o(.text)
    RCC_GetClocksFreq                        0x08001e2f   Thumb Code   192  stm32f10x_rcc.o(.text)
    RCC_AHBPeriphClockCmd                    0x08001eef   Thumb Code    26  stm32f10x_rcc.o(.text)
    RCC_APB2PeriphClockCmd                   0x08001f09   Thumb Code    26  stm32f10x_rcc.o(.text)
    RCC_APB1PeriphClockCmd                   0x08001f23   Thumb Code    26  stm32f10x_rcc.o(.text)
    RCC_APB2PeriphResetCmd                   0x08001f3d   Thumb Code    26  stm32f10x_rcc.o(.text)
    RCC_APB1PeriphResetCmd                   0x08001f57   Thumb Code    26  stm32f10x_rcc.o(.text)
    RCC_BackupResetCmd                       0x08001f71   Thumb Code     8  stm32f10x_rcc.o(.text)
    RCC_ClockSecuritySystemCmd               0x08001f79   Thumb Code     6  stm32f10x_rcc.o(.text)
    RCC_MCOConfig                            0x08001f7f   Thumb Code     6  stm32f10x_rcc.o(.text)
    RCC_ClearFlag                            0x08001f85   Thumb Code    14  stm32f10x_rcc.o(.text)
    RCC_GetITStatus                          0x08001f93   Thumb Code    20  stm32f10x_rcc.o(.text)
    RCC_ClearITPendingBit                    0x08001fa7   Thumb Code     6  stm32f10x_rcc.o(.text)
    USART_DeInit                             0x08001fd1   Thumb Code   134  stm32f10x_usart.o(.text)
    USART_Init                               0x08002057   Thumb Code   210  stm32f10x_usart.o(.text)
    USART_StructInit                         0x08002129   Thumb Code    24  stm32f10x_usart.o(.text)
    USART_ClockInit                          0x08002141   Thumb Code    34  stm32f10x_usart.o(.text)
    USART_ClockStructInit                    0x08002163   Thumb Code    12  stm32f10x_usart.o(.text)
    USART_Cmd                                0x0800216f   Thumb Code    24  stm32f10x_usart.o(.text)
    USART_ITConfig                           0x08002187   Thumb Code    74  stm32f10x_usart.o(.text)
    USART_DMACmd                             0x080021d1   Thumb Code    18  stm32f10x_usart.o(.text)
    USART_SetAddress                         0x080021e3   Thumb Code    18  stm32f10x_usart.o(.text)
    USART_WakeUpConfig                       0x080021f5   Thumb Code    18  stm32f10x_usart.o(.text)
    USART_ReceiverWakeUpCmd                  0x08002207   Thumb Code    24  stm32f10x_usart.o(.text)
    USART_LINBreakDetectLengthConfig         0x0800221f   Thumb Code    18  stm32f10x_usart.o(.text)
    USART_LINCmd                             0x08002231   Thumb Code    24  stm32f10x_usart.o(.text)
    USART_SendData                           0x08002249   Thumb Code     8  stm32f10x_usart.o(.text)
    USART_ReceiveData                        0x08002251   Thumb Code    10  stm32f10x_usart.o(.text)
    USART_SendBreak                          0x0800225b   Thumb Code    10  stm32f10x_usart.o(.text)
    USART_SetGuardTime                       0x08002265   Thumb Code    16  stm32f10x_usart.o(.text)
    USART_SetPrescaler                       0x08002275   Thumb Code    16  stm32f10x_usart.o(.text)
    USART_SmartCardCmd                       0x08002285   Thumb Code    24  stm32f10x_usart.o(.text)
    USART_SmartCardNACKCmd                   0x0800229d   Thumb Code    24  stm32f10x_usart.o(.text)
    USART_HalfDuplexCmd                      0x080022b5   Thumb Code    24  stm32f10x_usart.o(.text)
    USART_OverSampling8Cmd                   0x080022cd   Thumb Code    22  stm32f10x_usart.o(.text)
    USART_OneBitMethodCmd                    0x080022e3   Thumb Code    24  stm32f10x_usart.o(.text)
    USART_IrDAConfig                         0x080022fb   Thumb Code    18  stm32f10x_usart.o(.text)
    USART_IrDACmd                            0x0800230d   Thumb Code    24  stm32f10x_usart.o(.text)
    USART_GetFlagStatus                      0x08002325   Thumb Code    26  stm32f10x_usart.o(.text)
    USART_ClearFlag                          0x0800233f   Thumb Code    18  stm32f10x_usart.o(.text)
    USART_GetITStatus                        0x08002351   Thumb Code    84  stm32f10x_usart.o(.text)
    USART_ClearITPendingBit                  0x080023a5   Thumb Code    52  stm32f10x_usart.o(.text)
    __use_no_semihosting                     0x080023d9   Thumb Code     2  use_no_semi_2.o(.text)
    __2printf                                0x080023dd   Thumb Code    20  noretval__2printf.o(.text)
    _printf_int_dec                          0x080023f5   Thumb Code   104  _printf_dec.o(.text)
    __printf                                 0x0800246d   Thumb Code   270  __printf_wp.o(.text)
    strlen                                   0x0800257b   Thumb Code    62  strlen.o(.text)
    __use_two_region_memory                  0x080025b9   Thumb Code     2  heapauxi.o(.text)
    __rt_heap_escrow$2region                 0x080025bb   Thumb Code     2  heapauxi.o(.text)
    __rt_heap_expand$2region                 0x080025bd   Thumb Code     2  heapauxi.o(.text)
    __I$use$semihosting                      0x080025bf   Thumb Code     0  use_no_semi.o(.text)
    __use_no_semihosting_swi                 0x080025bf   Thumb Code     2  use_no_semi.o(.text)
    _printf_int_common                       0x080025c1   Thumb Code   178  _printf_intcommon.o(.text)
    __lib_sel_fp_printf                      0x08002673   Thumb Code     2  _printf_fp_dec.o(.text)
    _printf_fp_dec_real                      0x08002821   Thumb Code   620  _printf_fp_dec.o(.text)
    _printf_char_file                        0x08002a8d   Thumb Code    32  _printf_char_file.o(.text)
    __rt_locale                              0x08002ab1   Thumb Code     8  rt_locale_intlibspace.o(.text)
    _ll_udiv10                               0x08002ab9   Thumb Code   138  lludiv10.o(.text)
    _printf_char_common                      0x08002b4f   Thumb Code    32  _printf_char_common.o(.text)
    _printf_fp_infnan                        0x08002b75   Thumb Code   112  _printf_fp_infnan.o(.text)
    _btod_etento                             0x08002bf5   Thumb Code   216  bigflt0.o(.text)
    ferror                                   0x08002cd1   Thumb Code     8  ferror.o(.text)
    __user_libspace                          0x08002cd9   Thumb Code     8  libspace.o(.text)
    __user_perproc_libspace                  0x08002cd9   Thumb Code     0  libspace.o(.text)
    __user_perthread_libspace                0x08002cd9   Thumb Code     0  libspace.o(.text)
    __user_setup_stackheap                   0x08002ce1   Thumb Code    74  sys_stackheap_outer.o(.text)
    exit                                     0x08002d2b   Thumb Code    18  exit.o(.text)
    strcmp                                   0x08002d3d   Thumb Code   128  strcmpv7m.o(.text)
    _btod_d2e                                0x08002dbd   Thumb Code    62  btod.o(CL$$btod_d2e)
    _d2e_denorm_low                          0x08002dfb   Thumb Code    70  btod.o(CL$$btod_d2e_denorm_low)
    _d2e_norm_op1                            0x08002e41   Thumb Code    96  btod.o(CL$$btod_d2e_norm_op1)
    __btod_div_common                        0x08002ea1   Thumb Code   696  btod.o(CL$$btod_div_common)
    _e2e                                     0x080031d9   Thumb Code   198  btod.o(CL$$btod_e2e)
    _btod_ediv                               0x0800329f   Thumb Code    40  btod.o(CL$$btod_ediv)
    _btod_emul                               0x080032c7   Thumb Code    40  btod.o(CL$$btod_emul)
    __btod_mult_common                       0x080032ef   Thumb Code   580  btod.o(CL$$btod_mult_common)
    __ARM_fpclassify                         0x08003533   Thumb Code    40  fpclassify.o(i.__ARM_fpclassify)
    _is_digit                                0x0800355b   Thumb Code    14  __printf_wp.o(i._is_digit)
    _get_lc_numeric                          0x08003569   Thumb Code    44  lc_numeric_c.o(locale$$code)
    __aeabi_d2f                              0x08003595   Thumb Code     0  d2f.o(x$fpl$d2f)
    _d2f                                     0x08003595   Thumb Code    98  d2f.o(x$fpl$d2f)
    __aeabi_dadd                             0x080035f9   Thumb Code     0  daddsub_clz.o(x$fpl$dadd)
    _dadd                                    0x080035f9   Thumb Code   332  daddsub_clz.o(x$fpl$dadd)
    __fpl_dcmp_Inf                           0x08003749   Thumb Code    24  dcmpi.o(x$fpl$dcmpinf)
    __aeabi_d2iz                             0x08003761   Thumb Code     0  dfix.o(x$fpl$dfix)
    _dfix                                    0x08003761   Thumb Code    94  dfix.o(x$fpl$dfix)
    __aeabi_d2uiz                            0x080037c1   Thumb Code     0  dfixu.o(x$fpl$dfixu)
    _dfixu                                   0x080037c1   Thumb Code    90  dfixu.o(x$fpl$dfixu)
    __aeabi_i2d                              0x0800381b   Thumb Code     0  dflt_clz.o(x$fpl$dflt)
    _dflt                                    0x0800381b   Thumb Code    46  dflt_clz.o(x$fpl$dflt)
    __aeabi_ui2d                             0x08003849   Thumb Code     0  dflt_clz.o(x$fpl$dfltu)
    _dfltu                                   0x08003849   Thumb Code    38  dflt_clz.o(x$fpl$dfltu)
    __aeabi_cdcmple                          0x08003871   Thumb Code     0  dleqf.o(x$fpl$dleqf)
    _dcmple                                  0x08003871   Thumb Code   120  dleqf.o(x$fpl$dleqf)
    __fpl_dcmple_InfNaN                      0x080038d3   Thumb Code     0  dleqf.o(x$fpl$dleqf)
    __aeabi_dmul                             0x080038e9   Thumb Code     0  dmul.o(x$fpl$dmul)
    _dmul                                    0x080038e9   Thumb Code   332  dmul.o(x$fpl$dmul)
    __fpl_dnaninf                            0x08003a3d   Thumb Code   156  dnaninf.o(x$fpl$dnaninf)
    __fpl_dretinf                            0x08003ad9   Thumb Code    12  dretinf.o(x$fpl$dretinf)
    __aeabi_drsub                            0x08003ae5   Thumb Code     0  daddsub_clz.o(x$fpl$drsb)
    _drsb                                    0x08003ae5   Thumb Code    22  daddsub_clz.o(x$fpl$drsb)
    __aeabi_dsub                             0x08003afd   Thumb Code     0  daddsub_clz.o(x$fpl$dsub)
    _dsub                                    0x08003afd   Thumb Code   464  daddsub_clz.o(x$fpl$dsub)
    __aeabi_f2d                              0x08003cd1   Thumb Code     0  f2d.o(x$fpl$f2d)
    _f2d                                     0x08003cd1   Thumb Code    86  f2d.o(x$fpl$f2d)
    __aeabi_i2f                              0x08003d29   Thumb Code     0  fflt_clz.o(x$fpl$fflt)
    _fflt                                    0x08003d29   Thumb Code    48  fflt_clz.o(x$fpl$fflt)
    __aeabi_fmul                             0x08003d59   Thumb Code     0  fmul.o(x$fpl$fmul)
    _fmul                                    0x08003d59   Thumb Code   258  fmul.o(x$fpl$fmul)
    __fpl_fnaninf                            0x08003e5b   Thumb Code   140  fnaninf.o(x$fpl$fnaninf)
    __fpl_fretinf                            0x08003ee7   Thumb Code    10  fretinf.o(x$fpl$fretinf)
    _printf_fp_dec                           0x08003ef1   Thumb Code     4  printf1.o(x$fpl$printf1)
    F6x8                                     0x08003ef4   Data         552  oled.o(.constdata)
    __I$use$fp                               0x08003ef4   Number         0  usenofp.o(x$fpl$usenofp)
    F8X16                                    0x0800411c   Data        1520  oled.o(.constdata)
    Region$$Table$$Base                      0x080047a0   Number         0  anon$$obj.o(Region$$Table)
    Region$$Table$$Limit                     0x080047c0   Number         0  anon$$obj.o(Region$$Table)
    recieve_bluetooth_DATA                   0x20000000   Data           1  main.o(.data)
    balance_UP_KP                            0x20000004   Data           4  main.o(.data)
    balance_UP_KD                            0x20000008   Data           4  main.o(.data)
    velocity_KP                              0x2000000c   Data           4  main.o(.data)
    velocity_KI                              0x20000010   Data           4  main.o(.data)
    Mechanical_angle                         0x20000014   Data           4  main.o(.data)
    SystemCoreClock                          0x20000018   Data           4  system_stm32f10x.o(.data)
    AHBPrescTable                            0x2000001c   Data          16  system_stm32f10x.o(.data)
    __stdout                                 0x20000030   Data           4  usart.o(.data)
    USART_RX_STA                             0x20000034   Data           1  usart.o(.data)
    USART3_RX_STA                            0x2000003d   Data           1  usart3.o(.data)
    Hzk                                      0x2000003e   Data         896  oled.o(.data)
    USART_RX_BUF                             0x200003d4   Data          64  usart.o(.bss)
    USART3_RX_BUF                            0x20000414   Data         200  usart3.o(.bss)
    __libspace_start                         0x200004dc   Data          96  libspace.o(.bss)
    __temporary_stack_top$libspace           0x2000053c   Data           0  libspace.o(.bss)



==============================================================================

Memory Map of the image

  Image Entry point : 0x080000ed

  Load Region LR_IROM1 (Base: 0x08000000, Size: 0x00004bb0, Max: 0x00010000, ABSOLUTE, COMPRESSED[0x00004968])

    Execution Region ER_IROM1 (Base: 0x08000000, Size: 0x000047dc, Max: 0x00010000, ABSOLUTE)

    Base Addr    Size         Type   Attr      Idx    E Section Name        Object

    0x08000000   0x000000ec   Data   RO          455    RESET               startup_stm32f10x_md.o
    0x080000ec   0x00000008   Code   RO         1053  * !!!main             c_w.l(__main.o)
    0x080000f4   0x00000034   Code   RO         1317    !!!scatter          c_w.l(__scatter.o)
    0x08000128   0x0000005a   Code   RO         1315    !!dczerorl2         c_w.l(__dczerorl2.o)
    0x08000182   0x00000002   PAD
    0x08000184   0x0000001c   Code   RO         1319    !!handler_zi        c_w.l(__scatter_zi.o)
    0x080001a0   0x00000000   Code   RO         1048    .ARM.Collect$$_printf_percent$$00000000  c_w.l(_printf_percent.o)
    0x080001a0   0x00000006   Code   RO         1047    .ARM.Collect$$_printf_percent$$00000003  c_w.l(_printf_f.o)
    0x080001a6   0x00000006   Code   RO         1046    .ARM.Collect$$_printf_percent$$00000009  c_w.l(_printf_d.o)
    0x080001ac   0x00000004   Code   RO         1102    .ARM.Collect$$_printf_percent$$00000017  c_w.l(_printf_percent_end.o)
    0x080001b0   0x00000002   Code   RO         1192    .ARM.Collect$$libinit$$00000000  c_w.l(libinit.o)
    0x080001b2   0x00000000   Code   RO         1194    .ARM.Collect$$libinit$$00000002  c_w.l(libinit2.o)
    0x080001b2   0x00000000   Code   RO         1196    .ARM.Collect$$libinit$$00000004  c_w.l(libinit2.o)
    0x080001b2   0x00000000   Code   RO         1199    .ARM.Collect$$libinit$$0000000A  c_w.l(libinit2.o)
    0x080001b2   0x00000000   Code   RO         1201    .ARM.Collect$$libinit$$0000000C  c_w.l(libinit2.o)
    0x080001b2   0x00000000   Code   RO         1203    .ARM.Collect$$libinit$$0000000E  c_w.l(libinit2.o)
    0x080001b2   0x00000006   Code   RO         1204    .ARM.Collect$$libinit$$0000000F  c_w.l(libinit2.o)
    0x080001b8   0x00000000   Code   RO         1206    .ARM.Collect$$libinit$$00000011  c_w.l(libinit2.o)
    0x080001b8   0x00000000   Code   RO         1208    .ARM.Collect$$libinit$$00000013  c_w.l(libinit2.o)
    0x080001b8   0x00000000   Code   RO         1210    .ARM.Collect$$libinit$$00000015  c_w.l(libinit2.o)
    0x080001b8   0x0000000a   Code   RO         1211    .ARM.Collect$$libinit$$00000016  c_w.l(libinit2.o)
    0x080001c2   0x00000000   Code   RO         1212    .ARM.Collect$$libinit$$00000017  c_w.l(libinit2.o)
    0x080001c2   0x00000000   Code   RO         1214    .ARM.Collect$$libinit$$00000019  c_w.l(libinit2.o)
    0x080001c2   0x00000000   Code   RO         1216    .ARM.Collect$$libinit$$0000001B  c_w.l(libinit2.o)
    0x080001c2   0x00000000   Code   RO         1218    .ARM.Collect$$libinit$$0000001D  c_w.l(libinit2.o)
    0x080001c2   0x00000000   Code   RO         1220    .ARM.Collect$$libinit$$0000001F  c_w.l(libinit2.o)
    0x080001c2   0x00000000   Code   RO         1222    .ARM.Collect$$libinit$$00000021  c_w.l(libinit2.o)
    0x080001c2   0x00000000   Code   RO         1224    .ARM.Collect$$libinit$$00000023  c_w.l(libinit2.o)
    0x080001c2   0x00000000   Code   RO         1226    .ARM.Collect$$libinit$$00000025  c_w.l(libinit2.o)
    0x080001c2   0x00000000   Code   RO         1230    .ARM.Collect$$libinit$$0000002C  c_w.l(libinit2.o)
    0x080001c2   0x00000000   Code   RO         1232    .ARM.Collect$$libinit$$0000002E  c_w.l(libinit2.o)
    0x080001c2   0x00000000   Code   RO         1234    .ARM.Collect$$libinit$$00000030  c_w.l(libinit2.o)
    0x080001c2   0x00000000   Code   RO         1236    .ARM.Collect$$libinit$$00000032  c_w.l(libinit2.o)
    0x080001c2   0x00000002   Code   RO         1237    .ARM.Collect$$libinit$$00000033  c_w.l(libinit2.o)
    0x080001c4   0x00000002   Code   RO         1265    .ARM.Collect$$libshutdown$$00000000  c_w.l(libshutdown.o)
    0x080001c6   0x00000000   Code   RO         1274    .ARM.Collect$$libshutdown$$00000002  c_w.l(libshutdown2.o)
    0x080001c6   0x00000000   Code   RO         1276    .ARM.Collect$$libshutdown$$00000004  c_w.l(libshutdown2.o)
    0x080001c6   0x00000000   Code   RO         1279    .ARM.Collect$$libshutdown$$00000007  c_w.l(libshutdown2.o)
    0x080001c6   0x00000000   Code   RO         1282    .ARM.Collect$$libshutdown$$0000000A  c_w.l(libshutdown2.o)
    0x080001c6   0x00000000   Code   RO         1284    .ARM.Collect$$libshutdown$$0000000C  c_w.l(libshutdown2.o)
    0x080001c6   0x00000000   Code   RO         1287    .ARM.Collect$$libshutdown$$0000000F  c_w.l(libshutdown2.o)
    0x080001c6   0x00000002   Code   RO         1288    .ARM.Collect$$libshutdown$$00000010  c_w.l(libshutdown2.o)
    0x080001c8   0x00000000   Code   RO         1095    .ARM.Collect$$rtentry$$00000000  c_w.l(__rtentry.o)
    0x080001c8   0x00000000   Code   RO         1115    .ARM.Collect$$rtentry$$00000002  c_w.l(__rtentry2.o)
    0x080001c8   0x00000006   Code   RO         1127    .ARM.Collect$$rtentry$$00000004  c_w.l(__rtentry4.o)
    0x080001ce   0x00000000   Code   RO         1117    .ARM.Collect$$rtentry$$00000009  c_w.l(__rtentry2.o)
    0x080001ce   0x00000004   Code   RO         1118    .ARM.Collect$$rtentry$$0000000A  c_w.l(__rtentry2.o)
    0x080001d2   0x00000000   Code   RO         1120    .ARM.Collect$$rtentry$$0000000C  c_w.l(__rtentry2.o)
    0x080001d2   0x00000008   Code   RO         1121    .ARM.Collect$$rtentry$$0000000D  c_w.l(__rtentry2.o)
    0x080001da   0x00000002   Code   RO         1238    .ARM.Collect$$rtexit$$00000000  c_w.l(rtexit.o)
    0x080001dc   0x00000000   Code   RO         1245    .ARM.Collect$$rtexit$$00000002  c_w.l(rtexit2.o)
    0x080001dc   0x00000004   Code   RO         1246    .ARM.Collect$$rtexit$$00000003  c_w.l(rtexit2.o)
    0x080001e0   0x00000006   Code   RO         1247    .ARM.Collect$$rtexit$$00000004  c_w.l(rtexit2.o)
    0x080001e6   0x00000002   PAD
    0x080001e8   0x00000378   Code   RO            4    .text               main.o
    0x08000560   0x0000001a   Code   RO          165    .text               stm32f10x_it.o
    0x0800057a   0x00000002   PAD
    0x0800057c   0x000001e0   Code   RO          218    .text               system_stm32f10x.o
    0x0800075c   0x000000d4   Code   RO          248    .text               delay.o
    0x08000830   0x00000028   Code   RO          278    .text               sys.o
    0x08000858   0x00000124   Code   RO          302    .text               usart.o
    0x0800097c   0x00000064   Code   RO          334    .text               led.o
    0x080009e0   0x00000058   Code   RO          359    .text               key.o
    0x08000a38   0x00000168   Code   RO          384    .text               usart3.o
    0x08000ba0   0x00000c14   Code   RO          415    .text               oled.o
    0x080017b4   0x00000040   Code   RO          456    .text               startup_stm32f10x_md.o
    0x080017f4   0x000000dc   Code   RO          463    .text               misc.o
    0x080018d0   0x0000035c   Code   RO          751    .text               stm32f10x_gpio.o
    0x08001c2c   0x000003a4   Code   RO          847    .text               stm32f10x_rcc.o
    0x08001fd0   0x00000408   Code   RO          969    .text               stm32f10x_usart.o
    0x080023d8   0x00000002   Code   RO         1016    .text               c_w.l(use_no_semi_2.o)
    0x080023da   0x00000002   PAD
    0x080023dc   0x00000018   Code   RO         1020    .text               c_w.l(noretval__2printf.o)
    0x080023f4   0x00000078   Code   RO         1024    .text               c_w.l(_printf_dec.o)
    0x0800246c   0x0000010e   Code   RO         1034    .text               c_w.l(__printf_wp.o)
    0x0800257a   0x0000003e   Code   RO         1049    .text               c_w.l(strlen.o)
    0x080025b8   0x00000006   Code   RO         1051    .text               c_w.l(heapauxi.o)
    0x080025be   0x00000002   Code   RO         1093    .text               c_w.l(use_no_semi.o)
    0x080025c0   0x000000b2   Code   RO         1096    .text               c_w.l(_printf_intcommon.o)
    0x08002672   0x0000041a   Code   RO         1098    .text               c_w.l(_printf_fp_dec.o)
    0x08002a8c   0x00000024   Code   RO         1100    .text               c_w.l(_printf_char_file.o)
    0x08002ab0   0x00000008   Code   RO         1132    .text               c_w.l(rt_locale_intlibspace.o)
    0x08002ab8   0x0000008a   Code   RO         1134    .text               c_w.l(lludiv10.o)
    0x08002b42   0x00000002   PAD
    0x08002b44   0x00000030   Code   RO         1136    .text               c_w.l(_printf_char_common.o)
    0x08002b74   0x00000080   Code   RO         1138    .text               c_w.l(_printf_fp_infnan.o)
    0x08002bf4   0x000000dc   Code   RO         1140    .text               c_w.l(bigflt0.o)
    0x08002cd0   0x00000008   Code   RO         1165    .text               c_w.l(ferror.o)
    0x08002cd8   0x00000008   Code   RO         1176    .text               c_w.l(libspace.o)
    0x08002ce0   0x0000004a   Code   RO         1179    .text               c_w.l(sys_stackheap_outer.o)
    0x08002d2a   0x00000012   Code   RO         1183    .text               c_w.l(exit.o)
    0x08002d3c   0x00000080   Code   RO         1185    .text               c_w.l(strcmpv7m.o)
    0x08002dbc   0x0000003e   Code   RO         1143    CL$$btod_d2e        c_w.l(btod.o)
    0x08002dfa   0x00000046   Code   RO         1145    CL$$btod_d2e_denorm_low  c_w.l(btod.o)
    0x08002e40   0x00000060   Code   RO         1144    CL$$btod_d2e_norm_op1  c_w.l(btod.o)
    0x08002ea0   0x00000338   Code   RO         1153    CL$$btod_div_common  c_w.l(btod.o)
    0x080031d8   0x000000c6   Code   RO         1150    CL$$btod_e2e        c_w.l(btod.o)
    0x0800329e   0x00000028   Code   RO         1147    CL$$btod_ediv       c_w.l(btod.o)
    0x080032c6   0x00000028   Code   RO         1146    CL$$btod_emul       c_w.l(btod.o)
    0x080032ee   0x00000244   Code   RO         1152    CL$$btod_mult_common  c_w.l(btod.o)
    0x08003532   0x00000028   Code   RO         1174    i.__ARM_fpclassify  m_ws.l(fpclassify.o)
    0x0800355a   0x0000000e   Code   RO         1036    i._is_digit         c_w.l(__printf_wp.o)
    0x08003568   0x0000002c   Code   RO         1170    locale$$code        c_w.l(lc_numeric_c.o)
    0x08003594   0x00000062   Code   RO         1055    x$fpl$d2f           fz_ws.l(d2f.o)
    0x080035f6   0x00000002   PAD
    0x080035f8   0x00000150   Code   RO         1057    x$fpl$dadd          fz_ws.l(daddsub_clz.o)
    0x08003748   0x00000018   Code   RO         1103    x$fpl$dcmpinf       fz_ws.l(dcmpi.o)
    0x08003760   0x0000005e   Code   RO         1063    x$fpl$dfix          fz_ws.l(dfix.o)
    0x080037be   0x00000002   PAD
    0x080037c0   0x0000005a   Code   RO         1067    x$fpl$dfixu         fz_ws.l(dfixu.o)
    0x0800381a   0x0000002e   Code   RO         1072    x$fpl$dflt          fz_ws.l(dflt_clz.o)
    0x08003848   0x00000026   Code   RO         1071    x$fpl$dfltu         fz_ws.l(dflt_clz.o)
    0x0800386e   0x00000002   PAD
    0x08003870   0x00000078   Code   RO         1077    x$fpl$dleqf         fz_ws.l(dleqf.o)
    0x080038e8   0x00000154   Code   RO         1079    x$fpl$dmul          fz_ws.l(dmul.o)
    0x08003a3c   0x0000009c   Code   RO         1105    x$fpl$dnaninf       fz_ws.l(dnaninf.o)
    0x08003ad8   0x0000000c   Code   RO         1107    x$fpl$dretinf       fz_ws.l(dretinf.o)
    0x08003ae4   0x00000016   Code   RO         1058    x$fpl$drsb          fz_ws.l(daddsub_clz.o)
    0x08003afa   0x00000002   PAD
    0x08003afc   0x000001d4   Code   RO         1059    x$fpl$dsub          fz_ws.l(daddsub_clz.o)
    0x08003cd0   0x00000056   Code   RO         1081    x$fpl$f2d           fz_ws.l(f2d.o)
    0x08003d26   0x00000002   PAD
    0x08003d28   0x00000030   Code   RO         1084    x$fpl$fflt          fz_ws.l(fflt_clz.o)
    0x08003d58   0x00000102   Code   RO         1089    x$fpl$fmul          fz_ws.l(fmul.o)
    0x08003e5a   0x0000008c   Code   RO         1109    x$fpl$fnaninf       fz_ws.l(fnaninf.o)
    0x08003ee6   0x0000000a   Code   RO         1111    x$fpl$fretinf       fz_ws.l(fretinf.o)
    0x08003ef0   0x00000004   Code   RO         1091    x$fpl$printf1       fz_ws.l(printf1.o)
    0x08003ef4   0x00000000   Code   RO         1113    x$fpl$usenofp       fz_ws.l(usenofp.o)
    0x08003ef4   0x00000818   Data   RO          416    .constdata          oled.o
    0x0800470c   0x00000094   Data   RO         1141    .constdata          c_w.l(bigflt0.o)
    0x080047a0   0x00000020   Data   RO         1313    Region$$Table       anon$$obj.o
    0x080047c0   0x0000001c   Data   RO         1169    locale$$data        c_w.l(lc_numeric_c.o)


    Execution Region RW_IRAM1 (Base: 0x20000000, Size: 0x00000b40, Max: 0x00005000, ABSOLUTE, COMPRESSED[0x0000018c])

    Base Addr    Size         Type   Attr      Idx    E Section Name        Object

    0x20000000   0x00000018   Data   RW            5    .data               main.o
    0x20000018   0x00000014   Data   RW          219    .data               system_stm32f10x.o
    0x2000002c   0x00000004   Data   RW          249    .data               delay.o
    0x20000030   0x00000005   Data   RW          304    .data               usart.o
    0x20000035   0x00000003   PAD
    0x20000038   0x00000004   Data   RW          335    .data               led.o
    0x2000003c   0x00000001   Data   RW          360    .data               key.o
    0x2000003d   0x00000001   Data   RW          386    .data               usart3.o
    0x2000003e   0x00000380   Data   RW          417    .data               oled.o
    0x200003be   0x00000014   Data   RW          848    .data               stm32f10x_rcc.o
    0x200003d2   0x00000002   PAD
    0x200003d4   0x00000040   Zero   RW          303    .bss                usart.o
    0x20000414   0x000000c8   Zero   RW          385    .bss                usart3.o
    0x200004dc   0x00000060   Zero   RW         1177    .bss                c_w.l(libspace.o)
    0x2000053c   0x00000004   PAD
    0x20000540   0x00000200   Zero   RW          454    HEAP                startup_stm32f10x_md.o
    0x20000740   0x00000400   Zero   RW          453    STACK               startup_stm32f10x_md.o


==============================================================================

Image component sizes


      Code (inc. data)   RO Data    RW Data    ZI Data      Debug   Object Name

       212         18          0          4          0       1071   delay.o
        88         12          0          1          0        744   key.o
       100         16          0          4          0        717   led.o
       888        210          0         24          0     232499   main.o
       220         22          0          0          0       1833   misc.o
      3092         34       2072        896          0      10371   oled.o
        64         26        236          0       1536        808   startup_stm32f10x_md.o
       860         38          0          0          0       5765   stm32f10x_gpio.o
        26          0          0          0          0       1206   stm32f10x_it.o
       932         36          0         20          0       8956   stm32f10x_rcc.o
      1032         22          0          0          0       8488   stm32f10x_usart.o
        40          0          0          0          0        517   sys.o
       480         38          0         20          0       1787   system_stm32f10x.o
       292         16          0          5         64       3151   usart.o
       360         18          0          1        200       2181   usart3.o

    ----------------------------------------------------------------------
      8688        506       2340        980       1800     280094   Object Totals
         0          0         32          0          0          0   (incl. Generated)
         2          0          0          5          0          0   (incl. Padding)

    ----------------------------------------------------------------------

      Code (inc. data)   RO Data    RW Data    ZI Data      Debug   Library Member Name

        90          0          0          0          0          0   __dczerorl2.o
         8          0          0          0          0         68   __main.o
       284          0          0          0          0        156   __printf_wp.o
         0          0          0          0          0          0   __rtentry.o
        12          0          0          0          0          0   __rtentry2.o
         6          0          0          0          0          0   __rtentry4.o
        52          8          0          0          0          0   __scatter.o
        28          0          0          0          0          0   __scatter_zi.o
        48          6          0          0          0         96   _printf_char_common.o
        36          4          0          0          0         80   _printf_char_file.o
         6          0          0          0          0          0   _printf_d.o
       120         16          0          0          0         92   _printf_dec.o
         6          0          0          0          0          0   _printf_f.o
      1050          0          0          0          0        216   _printf_fp_dec.o
       128         16          0          0          0         84   _printf_fp_infnan.o
       178          0          0          0          0         88   _printf_intcommon.o
         0          0          0          0          0          0   _printf_percent.o
         4          0          0          0          0          0   _printf_percent_end.o
       220          4        148          0          0         96   bigflt0.o
      1910        128          0          0          0        672   btod.o
        18          0          0          0          0         80   exit.o
         8          0          0          0          0         68   ferror.o
         6          0          0          0          0        152   heapauxi.o
        44         10         28          0          0         76   lc_numeric_c.o
         2          0          0          0          0          0   libinit.o
        18          0          0          0          0          0   libinit2.o
         2          0          0          0          0          0   libshutdown.o
         2          0          0          0          0          0   libshutdown2.o
         8          4          0          0         96         68   libspace.o
       138          0          0          0          0         80   lludiv10.o
        24          4          0          0          0         84   noretval__2printf.o
         8          4          0          0          0         68   rt_locale_intlibspace.o
         2          0          0          0          0          0   rtexit.o
        10          0          0          0          0          0   rtexit2.o
       128          0          0          0          0         68   strcmpv7m.o
        62          0          0          0          0         76   strlen.o
        74          0          0          0          0         80   sys_stackheap_outer.o
         2          0          0          0          0         68   use_no_semi.o
         2          0          0          0          0         68   use_no_semi_2.o
        98          4          0          0          0         92   d2f.o
       826         16          0          0          0        348   daddsub_clz.o
        24          0          0          0          0         68   dcmpi.o
        94          4          0          0          0         92   dfix.o
        90          4          0          0          0         92   dfixu.o
        84          0          0          0          0        136   dflt_clz.o
       120          4          0          0          0         92   dleqf.o
       340         12          0          0          0        104   dmul.o
       156          4          0          0          0         92   dnaninf.o
        12          0          0          0          0         68   dretinf.o
        86          4          0          0          0         84   f2d.o
        48          0          0          0          0         68   fflt_clz.o
       258          4          0          0          0         84   fmul.o
       140          4          0          0          0         84   fnaninf.o
        10          0          0          0          0         68   fretinf.o
         4          0          0          0          0         68   printf1.o
         0          0          0          0          0          0   usenofp.o
        40          0          0          0          0         68   fpclassify.o

    ----------------------------------------------------------------------
      7192        264        176          0        100       4392   Library Totals
        18          0          0          0          4          0   (incl. Padding)

    ----------------------------------------------------------------------

      Code (inc. data)   RO Data    RW Data    ZI Data      Debug   Library Name

      4744        204        176          0         96       2684   c_w.l
      2390         60          0          0          0       1640   fz_ws.l
        40          0          0          0          0         68   m_ws.l

    ----------------------------------------------------------------------
      7192        264        176          0        100       4392   Library Totals

    ----------------------------------------------------------------------

==============================================================================


      Code (inc. data)   RO Data    RW Data    ZI Data      Debug   

     15880        770       2516        980       1900     280894   Grand Totals
     15880        770       2516        396       1900     280894   ELF Image Totals (compressed)
     15880        770       2516        396          0          0   ROM Totals

==============================================================================

    Total RO  Size (Code + RO Data)                18396 (  17.96kB)
    Total RW  Size (RW Data + ZI Data)              2880 (   2.81kB)
    Total ROM Size (Code + RO Data + RW Data)      18792 (  18.35kB)

==============================================================================

