Component: ARM Compiler 5.06 update 3 (build 300) Tool: armlink [4d35c9]

==============================================================================

Section Cross References

    main.o(.text) refers to led.o(.text) for LED_Init
    main.o(.text) refers to usb_plugin.o(.text) for PlugIn_Init
    main.o(.text) refers to key.o(.text) for KEY_Init
    main.o(.text) refers to delay.o(.text) for delay_init
    main.o(.text) refers to usart.o(.text) for uart1_init
    main.o(.text) refers to adc.o(.text) for Adc_Init
    main.o(.text) refers to sr04.o(.text) for SR04_Configuration
    main.o(.text) refers to encoder.o(.text) for Encoder_Init_TIM2
    main.o(.text) refers to oled.o(.text) for OLED_Init
    main.o(.text) refers to mpu6050.o(.text) for MPU_Init
    main.o(.text) refers to inv_mpu.o(.text) for mpu_dmp_init
    main.o(.text) refers to pwm.o(.text) for TIM1_PWM_Init
    main.o(.text) refers to motor.o(.text) for Motor_Init
    main.o(.text) refers to exti.o(.text) for MPU6050_EXTI_Init
    main.o(.text) refers to sys.o(.text) for NVIC_Configuration
    main.o(.text) refers to usart2.o(.text) for Initial_UART2
    main.o(.text) refers to control.o(.text) for data_receive2
    main.o(.text) refers to stm32f10x_rcc.o(.text) for RCC_APB2PeriphClockCmd
    main.o(.text) refers to stm32f10x_gpio.o(.text) for GPIO_Init
    main.o(.text) refers to main.o(.data) for buf_size
    system_stm32f10x.o(.text) refers to system_stm32f10x.o(.data) for SystemCoreClock
    delay.o(.text) refers to misc.o(.text) for SysTick_CLKSourceConfig
    delay.o(.text) refers to system_stm32f10x.o(.data) for SystemCoreClock
    delay.o(.text) refers to delay.o(.data) for fac_us
    sys.o(.text) refers to misc.o(.text) for NVIC_PriorityGroupConfig
    usart.o(.text) refers to stm32f10x_rcc.o(.text) for RCC_APB2PeriphClockCmd
    usart.o(.text) refers to stm32f10x_gpio.o(.text) for GPIO_Init
    usart.o(.text) refers to stm32f10x_usart.o(.text) for USART_Init
    usart.o(.text) refers to usart.o(.data) for USART_RX_STA
    usart.o(.text) refers to usart.o(.bss) for USART_RX_BUF
    led.o(.text) refers to stm32f10x_rcc.o(.text) for RCC_APB2PeriphClockCmd
    led.o(.text) refers to stm32f10x_gpio.o(.text) for GPIO_Init
    led.o(.text) refers to led.o(.data) for temp
    key.o(.text) refers to stm32f10x_rcc.o(.text) for RCC_APB2PeriphClockCmd
    key.o(.text) refers to stm32f10x_gpio.o(.text) for GPIO_Init
    key.o(.text) refers to key.o(.data) for flag_key
    exti.o(.text) refers to stm32f10x_rcc.o(.text) for RCC_APB2PeriphClockCmd
    exti.o(.text) refers to stm32f10x_gpio.o(.text) for GPIO_Init
    exti.o(.text) refers to stm32f10x_exti.o(.text) for EXTI_Init
    control.o(.text) refers to fflti.o(.text) for __aeabi_i2f
    control.o(.text) refers to f2d.o(.text) for __aeabi_f2d
    control.o(.text) refers to printfa.o(i.__0printf) for __2printf
    control.o(.text) refers to dflti.o(.text) for __aeabi_i2d
    control.o(.text) refers to dmul.o(.text) for __aeabi_dmul
    control.o(.text) refers to dadd.o(.text) for __aeabi_dadd
    control.o(.text) refers to d2f.o(.text) for __aeabi_d2f
    control.o(.text) refers to fmul.o(.text) for __aeabi_fmul
    control.o(.text) refers to usart.o(.data) for USART3_RX_STA
    control.o(.text) refers to usart.o(.bss) for USART3_RX_BUF
    control.o(.text) refers to control.o(.data) for balance_UP_KP
    control.o(.text) refers to fadd.o(.text) for __aeabi_fsub
    control.o(.text) refers to ffixi.o(.text) for __aeabi_f2iz
    control.o(.text) refers to cfcmple.o(.text) for __aeabi_cfcmple
    control.o(.text) refers to cfrcmple.o(.text) for __aeabi_cfrcmple
    control.o(.text) refers to main.o(.data) for pitch
    control.o(.text) refers to inv_mpu.o(.text) for mpu_dmp_get_data
    control.o(.text) refers to mpu6050.o(.text) for MPU_Get_Gyroscope
    control.o(.text) refers to encoder.o(.text) for Read_Encoder
    control.o(.text) refers to adc.o(.text) for Get_battery_volt
    control.o(.text) refers to sr04.o(.text) for SR04_StartMeasure
    control.o(.text) refers to motor.o(.text) for Xianfu_Pwm
    control.o(.text) refers to ddiv.o(.text) for __aeabi_ddiv
    control.o(.text) refers to usart2.o(.data) for Fore
    control.o(.text) refers to fdiv.o(.text) for __aeabi_fdiv
    control.o(.text) refers to atan.o(i.atan) for atan
    control.o(.text) refers to datascope_dp.o(.text) for DataScope_Get_Channel_Data
    control.o(.text) refers to printfa.o(i.__0sprintf) for __2sprintf
    control.o(.text) refers to datascope_dp.o(.bss) for DataScope_OutPut_Buffer
    control.o(.text) refers to usart2.o(.bss) for u1rxbuf
    encoder.o(.text) refers to stm32f10x_rcc.o(.text) for RCC_APB1PeriphClockCmd
    encoder.o(.text) refers to stm32f10x_gpio.o(.text) for GPIO_Init
    encoder.o(.text) refers to stm32f10x_tim.o(.text) for TIM_TimeBaseStructInit
[...]
    i._printf_pre_padding                    0x0800a204   Section        0  printfa.o(i._printf_pre_padding)
    _printf_pre_padding                      0x0800a205   Thumb Code    46  printfa.o(i._printf_pre_padding)
    i._sputc                                 0x0800a232   Section        0  printfa.o(i._sputc)
    _sputc                                   0x0800a233   Thumb Code    10  printfa.o(i._sputc)
    i.asin                                   0x0800a23c   Section        0  asin.o(i.asin)
    i.atan                                   0x0800a4ac   Section        0  atan.o(i.atan)
    i.atan2                                  0x0800a6cc   Section        0  atan2.o(i.atan2)
    i.sqrt                                   0x0800a84c   Section        0  sqrt.o(i.sqrt)
    .constdata                               0x0800a898   Section     2072  oled.o(.constdata)
    .constdata                               0x0800b0b0   Section       80  inv_mpu.o(.constdata)
    .constdata                               0x0800b100   Section     3062  inv_mpu_dmp_motion_driver.o(.constdata)
    dmp_memory                               0x0800b100   Data        3062  inv_mpu_dmp_motion_driver.o(.constdata)
    .constdata                               0x0800bcf8   Section       80  asin.o(.constdata)
    pS                                       0x0800bcf8   Data          48  asin.o(.constdata)
    qS                                       0x0800bd28   Data          32  asin.o(.constdata)
    .constdata                               0x0800bd48   Section      152  atan.o(.constdata)
    atanhi                                   0x0800bd48   Data          32  atan.o(.constdata)
    atanlo                                   0x0800bd68   Data          32  atan.o(.constdata)
    aTodd                                    0x0800bd88   Data          40  atan.o(.constdata)
    aTeven                                   0x0800bdb0   Data          48  atan.o(.constdata)
    .constdata                               0x0800bde0   Section        8  qnan.o(.constdata)
    .conststring                             0x0800bde8   Section       77  inv_mpu.o(.conststring)
    .data                                    0x20000000   Section      280  main.o(.data)
    .data                                    0x20000118   Section       20  system_stm32f10x.o(.data)
    .data                                    0x2000012c   Section        4  delay.o(.data)
    fac_us                                   0x2000012c   Data           1  delay.o(.data)
    fac_ms                                   0x2000012e   Data           2  delay.o(.data)
    .data                                    0x20000130   Section       17  usart.o(.data)
    .data                                    0x20000144   Section        4  led.o(.data)
    temp                                     0x20000144   Data           4  led.o(.data)
    .data                                    0x20000148   Section        1  key.o(.data)
    flag_key                                 0x20000148   Data           1  key.o(.data)
    .data                                    0x2000014c   Section      184  control.o(.data)
    error                                    0x200001e0   Data           4  control.o(.data)
    tem_yaw                                  0x200001e4   Data           4  control.o(.data)
    error_sum                                0x200001e8   Data           4  control.o(.data)
    K_0                                      0x200001ec   Data           4  control.o(.data)
    K_1                                      0x200001f0   Data           4  control.o(.data)
    PP                                       0x200001f4   Data          16  control.o(.data)
    .data                                    0x20000204   Section       53  inv_mpu.o(.data)
    st                                       0x20000204   Data          44  inv_mpu.o(.data)
    gyro_orientation                         0x20000230   Data           9  inv_mpu.o(.data)
    .data                                    0x20000239   Section        8  usart2.o(.data)
    .data                                    0x20000241   Section       20  stm32f10x_rcc.o(.data)
    APBAHBPrescTable                         0x20000241   Data          16  stm32f10x_rcc.o(.data)
    ADCPrescTable                            0x20000251   Data           4  stm32f10x_rcc.o(.data)
    .data                                    0x20000258   Section        4  errno.o(.data)
    _errno                                   0x20000258   Data           4  errno.o(.data)
    .bss                                     0x2000025c   Section      400  usart.o(.bss)
    .bss                                     0x200003ec   Section       16  inv_mpu_dmp_motion_driver.o(.bss)
    dmp                                      0x200003ec   Data          16  inv_mpu_dmp_motion_driver.o(.bss)
    .bss                                     0x200003fc   Section      600  usart2.o(.bss)
    .bss                                     0x20000654   Section       42  datascope_dp.o(.bss)
    STACK                                    0x20000680   Section     1024  startup_stm32f10x_md.o(STACK)

    Global Symbols

    Symbol Name                              Value     Ov Type        Size  Object(Section)

    BuildAttributes$$THM_ISAv4$P$D$K$B$S$PE$A:L22UL41UL21$X:L11$S22US41US21$IEEE1$IW$USESV6$~STKCKD$USESV7$~SHL$OTIME$ROPI$IEEEX$EBA8$MICROLIB$REQ8$PRES8$EABIv2 0x00000000   Number         0  anon$$obj.o ABSOLUTE
    __ARM_use_no_argv                        0x00000000   Number         0  main.o ABSOLUTE
    __use_no_errno                           0x00000000   Number         0  useno.o ABSOLUTE
    __use_no_exception_handling              0x00000000   Number         0  useno.o ABSOLUTE
    __use_no_fp                              0x00000000   Number         0  useno.o ABSOLUTE
    __use_no_heap                            0x00000000   Number         0  useno.o ABSOLUTE
    __use_no_heap_region                     0x00000000   Number         0  useno.o ABSOLUTE
    __use_no_semihosting                     0x00000000   Number         0  useno.o ABSOLUTE
    __use_no_semihosting_swi                 0x00000000   Number         0  useno.o ABSOLUTE
    __use_no_signal_handling                 0x00000000   Number         0  useno.o ABSOLUTE
    _printf_a                                0x00000000   Number         0  stubs.o ABSOLUTE
    _printf_c                                0x00000000   Number         0  stubs.o ABSOLUTE
    _printf_charcount                        0x00000000   Number         0  stubs.o ABSOLUTE
    _printf_d                                0x00000000   Number         0  stubs.o ABSOLUTE
    _printf_e                                0x00000000   Number         0  stubs.o ABSOLUTE
    _printf_f                                0x00000000   Number         0  stubs.o ABSOLUTE
    _printf_flags                            0x00000000   Number         0  stubs.o ABSOLUTE
    _printf_fp_dec                           0x00000000   Number         0  stubs.o ABSOLUTE
    _printf_fp_hex                           0x00000000   Number         0  stubs.o ABSOLUTE
    _printf_g                                0x00000000   Number         0  stubs.o ABSOLUTE
    _printf_i                                0x00000000   Number         0  stubs.o ABSOLUTE
    _printf_int_dec                          0x00000000   Number         0  stubs.o ABSOLUTE
    _printf_l                                0x00000000   Number         0  stubs.o ABSOLUTE
    _printf_lc                               0x00000000   Number         0  stubs.o ABSOLUTE
    _printf_ll                               0x00000000   Number         0  stubs.o ABSOLUTE
    _printf_lld                              0x00000000   Number         0  stubs.o ABSOLUTE
    _printf_lli                              0x00000000   Number         0  stubs.o ABSOLUTE
    _printf_llo                              0x00000000   Number         0  stubs.o ABSOLUTE
    _printf_llu                              0x00000000   Number         0  stubs.o ABSOLUTE
    _printf_llx                              0x00000000   Number         0  stubs.o ABSOLUTE
    _printf_longlong_dec                     0x00000000   Number         0  stubs.o ABSOLUTE
    _printf_longlong_hex                     0x00000000   Number         0  stubs.o ABSOLUTE
    _printf_longlong_oct                     0x00000000   Number         0  stubs.o ABSOLUTE
    _printf_ls                               0x00000000   Number         0  stubs.o ABSOLUTE
    _printf_mbtowc                           0x00000000   Number         0  stubs.o ABSOLUTE
    _printf_n                                0x00000000   Number         0  stubs.o ABSOLUTE
    _printf_o                                0x00000000   Number         0  stubs.o ABSOLUTE
    _printf_p                                0x00000000   Number         0  stubs.o ABSOLUTE
    _printf_percent                          0x00000000   Number         0  stubs.o ABSOLUTE
    _printf_pre_padding                      0x00000000   Number         0  stubs.o ABSOLUTE
    _printf_return_value                     0x00000000   Number         0  stubs.o ABSOLUTE
    _printf_s                                0x00000000   Number         0  stubs.o ABSOLUTE
    _printf_sizespec                         0x00000000   Number         0  stubs.o ABSOLUTE
    _printf_str                              0x00000000   Number         0  stubs.o ABSOLUTE
    _printf_truncate_signed                  0x00000000   Number         0  stubs.o ABSOLUTE
    _printf_truncate_unsigned                0x00000000   Number         0  stubs.o ABSOLUTE
    _printf_u                                0x00000000   Number         0  stubs.o ABSOLUTE
    _printf_wc                               0x00000000   Number         0  stubs.o ABSOLUTE
    _printf_wctomb                           0x00000000   Number         0  stubs.o ABSOLUTE
    _printf_widthprec                        0x00000000   Number         0  stubs.o ABSOLUTE
    _printf_x                                0x00000000   Number         0  stubs.o ABSOLUTE
    __cpp_initialize__aeabi_                  - Undefined Weak Reference
    __cxa_finalize                            - Undefined Weak Reference
    _clock_init                               - Undefined Weak Reference
    _microlib_exit                            - Undefined Weak Reference
    __Vectors_Size                           0x000000ec   Number         0  startup_stm32f10x_md.o ABSOLUTE
    __Vectors                                0x08000000   Data           4  startup_stm32f10x_md.o(RESET)
    __Vectors_End                            0x080000ec   Data           0  startup_stm32f10x_md.o(RESET)
    __main                                   0x080000ed   Thumb Code     0  entry.o(.ARM.Collect$$$$00000000)
    _main_stk                                0x080000ed   Thumb Code     0  entry2.o(.ARM.Collect$$$$00000001)
    _main_scatterload                        0x080000f1   Thumb Code     0  entry5.o(.ARM.Collect$$$$00000004)
    __main_after_scatterload                 0x080000f5   Thumb Code     0  entry5.o(.ARM.Collect$$$$00000004)
    _main_clock                              0x080000f5   Thumb Code     0  entry7b.o(.ARM.Collect$$$$00000008)
    _main_cpp_init                           0x080000f5   Thumb Code     0  entry8b.o(.ARM.Collect$$$$0000000A)
    _main_init                               0x080000f5   Thumb Code     0  entry9a.o(.ARM.Collect$$$$0000000B)
    __rt_final_cpp                           0x080000fd   Thumb Code     0  entry10a.o(.ARM.Collect$$$$0000000D)
    __rt_final_exit                          0x080000fd   Thumb Code     0  entry11a.o(.ARM.Collect$$$$0000000F)
    main                                     0x08000101   Thumb Code   170  main.o(.text)
    Tracking_Init                            0x080001ab   Thumb Code    60  main.o(.text)
    NMI_Handler                              0x080001f9   Thumb Code     2  stm32f10x_it.o(.text)
    HardFault_Handler                        0x080001fb   Thumb Code     4  stm32f10x_it.o(.text)
    MemManage_Handler                        0x080001ff   Thumb Code     4  stm32f10x_it.o(.text)
    BusFault_Handler                         0x08000203   Thumb Code     4  stm32f10x_it.o(.text)
    UsageFault_Handler                       0x08000207   Thumb Code     4  stm32f10x_it.o(.text)
    SVC_Handler                              0x0800020b   Thumb Code     2  stm32f10x_it.o(.text)
    DebugMon_Handler                         0x0800020d   Thumb Code     2  stm32f10x_it.o(.text)
    PendSV_Handler                           0x0800020f   Thumb Code     2  stm32f10x_it.o(.text)
    SysTick_Handler                          0x08000211   Thumb Code     2  stm32f10x_it.o(.text)
    SystemInit                               0x080002f3   Thumb Code    78  system_stm32f10x.o(.text)
    SystemCoreClockUpdate                    0x08000341   Thumb Code   142  system_stm32f10x.o(.text)
    delay_init                               0x080003f5   Thumb Code    50  delay.o(.text)
    delay_us                                 0x08000427   Thumb Code    72  delay.o(.text)
    delay_ms                                 0x0800046f   Thumb Code    72  delay.o(.text)
    NVIC_Configuration                       0x080004c9   Thumb Code   152  sys.o(.text)
    _sys_exit                                0x08000561   Thumb Code     6  usart.o(.text)
    fputc                                    0x08000567   Thumb Code    24  usart.o(.text)
    uart1_init                               0x0800057f   Thumb Code   124  usart.o(.text)
    USART1_IRQHandler                        0x080005fb   Thumb Code   150  usart.o(.text)
    uart3_init                               0x08000691   Thumb Code   130  usart.o(.text)
    USART3_IRQHandler                        0x08000713   Thumb Code   122  usart.o(.text)
    LED_Init                                 0x080007b9   Thumb Code    40  led.o(.text)
    Led_Flash                                0x080007e1   Thumb Code    44  led.o(.text)
    KEY_Init                                 0x0800081d   Thumb Code    34  key.o(.text)
    KEY_Scan                                 0x0800083f   Thumb Code    32  key.o(.text)
    MPU6050_EXTI_Init                        0x0800086d   Thumb Code    76  exti.o(.text)
    data_receive3                            0x080008bd   Thumb Code   846  control.o(.text)
    data_receive                             0x08000c0b   Thumb Code  1050  control.o(.text)
    Yaw_control                              0x08001025   Thumb Code   158  control.o(.text)
    velocity                                 0x080010c3   Thumb Code   336  control.o(.text)
    balance_UP                               0x08001213   Thumb Code    64  control.o(.text)
    Tracking                                 0x08001253   Thumb Code    66  control.o(.text)
    EXTI9_5_IRQHandler                       0x08001295   Thumb Code   696  control.o(.text)
    Turn_UP                                  0x0800154d   Thumb Code    68  control.o(.text)
    kalman                                   0x08001591   Thumb Code  1104  control.o(.text)
    print                                    0x080019e1   Thumb Code    90  control.o(.text)
    data_receive2                            0x08001a3b   Thumb Code  1008  control.o(.text)
    Encoder_Init_TIM2                        0x08001e61   Thumb Code   154  encoder.o(.text)
    Encoder_Init_TIM3                        0x08001efb   Thumb Code   148  encoder.o(.text)
    Read_Encoder                             0x08001f8f   Thumb Code    56  encoder.o(.text)
    Motor_Init                               0x08001fd1   Thumb Code    64  motor.o(.text)
    myabs                                    0x08002011   Thumb Code    14  motor.o(.text)
    Set_Pwm                                  0x0800201f   Thumb Code   106  motor.o(.text)
    Xianfu_Pwm                               0x08002089   Thumb Code    70  motor.o(.text)
    Turn_Off                                 0x080020cf   Thumb Code    62  motor.o(.text)
    TIM1_PWM_Init                            0x08002135   Thumb Code   168  pwm.o(.text)
    Adc_Init                                 0x080021e5   Thumb Code   132  adc.o(.text)
    Get_Adc                                  0x08002269   Thumb Code    46  adc.o(.text)
    Get_battery_volt                         0x08002297   Thumb Code    62  adc.o(.text)
    OLED_IIC_Start                           0x080022e9   Thumb Code    44  oled.o(.text)
    OLED_IIC_Stop                            0x08002315   Thumb Code    34  oled.o(.text)
    OLED_IIC_Wait_Ack                        0x08002337   Thumb Code    24  oled.o(.text)
    OLED_Write_IIC_Byte                      0x0800234f   Thumb Code    88  oled.o(.text)
    OLED_Write_IIC_Command                   0x080023a7   Thumb Code    44  oled.o(.text)
    OLED_Write_IIC_Data                      0x080023d3   Thumb Code    44  oled.o(.text)
    OLED_WR_Byte                             0x080023ff   Thumb Code    24  oled.o(.text)
    Delay_50ms                               0x08002417   Thumb Code    22  oled.o(.text)
    Delay_1ms                                0x0800242d   Thumb Code    26  oled.o(.text)
    OLED_Set_Pos                             0x08002447   Thumb Code    40  oled.o(.text)
    OLED_Display_On                          0x0800246f   Thumb Code    28  oled.o(.text)
    OLED_Display_Off                         0x0800248b   Thumb Code    28  oled.o(.text)
    OLED_Clear                               0x080024a7   Thumb Code    62  oled.o(.text)
    OLED_On                                  0x080024e5   Thumb Code    62  oled.o(.text)
    OLED_ShowChar                            0x08002523   Thumb Code   154  oled.o(.text)
    oled_pow                                 0x080025bd   Thumb Code    22  oled.o(.text)
    OLED_ShowNumber                          0x080025d3   Thumb Code   136  oled.o(.text)
    OLED_ShowString                          0x0800265b   Thumb Code    54  oled.o(.text)
    OLED_Float                               0x08002691   Thumb Code   456  oled.o(.text)
    OLED_Float2                              0x08002859   Thumb Code   356  oled.o(.text)
    OLED_Num_write                           0x080029bd   Thumb Code    62  oled.o(.text)
    OLED_fuhao_write                         0x080029fb   Thumb Code    58  oled.o(.text)
    OLED_Num2                                0x08002a35   Thumb Code   156  oled.o(.text)
    OLED_Num3                                0x08002ad1   Thumb Code   210  oled.o(.text)
    OLED_Num4                                0x08002ba3   Thumb Code   158  oled.o(.text)
    OLED_Num5                                0x08002c41   Thumb Code   152  oled.o(.text)
    OLED_Init                                0x08002cd9   Thumb Code   282  oled.o(.text)
    oled_first_show                          0x08002df3   Thumb Code    76  oled.o(.text)
    oled_show                                0x08002e3f   Thumb Code   364  oled.o(.text)
    MPU_Write_Byte                           0x0800303d   Thumb Code    68  mpu6050.o(.text)
    MPU_Set_LPF                              0x08003081   Thumb Code    58  mpu6050.o(.text)
    MPU_Set_Rate                             0x080030bb   Thumb Code    58  mpu6050.o(.text)
    MPU_Read_Byte                            0x080030f5   Thumb Code    58  mpu6050.o(.text)
    MPU_Set_Accel_Fsr                        0x0800312f   Thumb Code    16  mpu6050.o(.text)
    MPU_Set_Gyro_Fsr                         0x0800313f   Thumb Code    16  mpu6050.o(.text)
    MPU_Init                                 0x0800314f   Thumb Code   122  mpu6050.o(.text)
    MPU_Read_Len                             0x080031c9   Thumb Code   116  mpu6050.o(.text)
    MPU_Get_Temperature                      0x0800323d   Thumb Code    86  mpu6050.o(.text)
    MPU_Get_Gyroscope                        0x08003293   Thumb Code    80  mpu6050.o(.text)
    MPU_Get_Accelerometer                    0x080032e3   Thumb Code    80  mpu6050.o(.text)
    MPU_Write_Len                            0x08003333   Thumb Code    96  mpu6050.o(.text)
    MPU_IIC_Delay                            0x080033a5   Thumb Code    10  mpuiic.o(.text)
    MPU_IIC_Init                             0x080033af   Thumb Code    38  mpuiic.o(.text)
    MPU_IIC_Start                            0x080033d5   Thumb Code    60  mpuiic.o(.text)
    MPU_IIC_Stop                             0x08003411   Thumb Code    62  mpuiic.o(.text)
    MPU_IIC_Wait_Ack                         0x0800344f   Thumb Code    86  mpuiic.o(.text)
    MPU_IIC_Ack                              0x080034a5   Thumb Code    66  mpuiic.o(.text)
    MPU_IIC_NAck                             0x080034e7   Thumb Code    66  mpuiic.o(.text)
    MPU_IIC_Send_Byte                        0x08003529   Thumb Code    82  mpuiic.o(.text)
    MPU_IIC_Read_Byte                        0x0800357b   Thumb Code    96  mpuiic.o(.text)
    mpu_reg_dump                             0x08003673   Thumb Code    84  inv_mpu.o(.text)
    mpu_read_reg                             0x080036c7   Thumb Code    66  inv_mpu.o(.text)
    mpu_set_int_latched                      0x08003709   Thumb Code   102  inv_mpu.o(.text)
    mpu_set_sensors                          0x0800376f   Thumb Code   202  inv_mpu.o(.text)
    mpu_set_bypass                           0x08003839   Thumb Code   328  inv_mpu.o(.text)
    mpu_reset_fifo                           0x08003981   Thumb Code   472  inv_mpu.o(.text)
    mpu_configure_fifo                       0x08003b59   Thumb Code   106  inv_mpu.o(.text)
    mpu_set_lpf                              0x08003bc3   Thumb Code   126  inv_mpu.o(.text)
    mpu_lp_accel_mode                        0x08003c41   Thumb Code   218  inv_mpu.o(.text)
    mpu_set_sample_rate                      0x08003d1b   Thumb Code   152  inv_mpu.o(.text)
    mpu_set_accel_fsr                        0x08003db3   Thumb Code   132  inv_mpu.o(.text)
    mpu_set_gyro_fsr                         0x08003e37   Thumb Code   132  inv_mpu.o(.text)
    mpu_init                                 0x08003ebb   Thumb Code   416  inv_mpu.o(.text)
    mget_ms                                  0x0800405b   Thumb Code     2  inv_mpu.o(.text)
    mpu_get_gyro_reg                         0x0800405d   Thumb Code   110  inv_mpu.o(.text)
    mpu_get_accel_reg                        0x080040cb   Thumb Code   110  inv_mpu.o(.text)
    mpu_get_temperature                      0x08004139   Thumb Code   150  inv_mpu.o(.text)
    mpu_set_accel_bias                       0x080041cf   Thumb Code   468  inv_mpu.o(.text)
    mpu_get_gyro_fsr                         0x080043a3   Thumb Code    64  inv_mpu.o(.text)
    mpu_get_accel_fsr                        0x080043e3   Thumb Code    72  inv_mpu.o(.text)
    mpu_get_lpf                              0x0800442b   Thumb Code    74  inv_mpu.o(.text)
    mpu_get_sample_rate                      0x08004475   Thumb Code    26  inv_mpu.o(.text)
    mpu_get_compass_sample_rate              0x0800448f   Thumb Code    10  inv_mpu.o(.text)
    mpu_set_compass_sample_rate              0x08004499   Thumb Code     8  inv_mpu.o(.text)
    mpu_get_gyro_sens                        0x080044a1   Thumb Code    58  inv_mpu.o(.text)
    mpu_get_accel_sens                       0x080044db   Thumb Code    78  inv_mpu.o(.text)
    mpu_get_fifo_config                      0x08004529   Thumb Code    12  inv_mpu.o(.text)
    mpu_get_power_state                      0x08004535   Thumb Code    22  inv_mpu.o(.text)
    mpu_get_int_status                       0x0800454b   Thumb Code    64  inv_mpu.o(.text)
    mpu_read_fifo                            0x0800458b   Thumb Code   520  inv_mpu.o(.text)
    mpu_read_fifo_stream                     0x08004793   Thumb Code   186  inv_mpu.o(.text)
    mpu_set_int_level                        0x0800484d   Thumb Code    12  inv_mpu.o(.text)
    mpu_set_dmp_state                        0x08004f2d   Thumb Code   138  inv_mpu.o(.text)
    mpu_run_self_test                        0x08004fb7   Thumb Code   278  inv_mpu.o(.text)
    mpu_write_mem                            0x080050cd   Thumb Code   122  inv_mpu.o(.text)
    mpu_read_mem                             0x08005147   Thumb Code   122  inv_mpu.o(.text)
    mpu_load_firmware                        0x080051c1   Thumb Code   190  inv_mpu.o(.text)
    mpu_get_dmp_state                        0x0800527f   Thumb Code    14  inv_mpu.o(.text)
    setup_compass                            0x0800528d   Thumb Code     6  inv_mpu.o(.text)
    mpu_get_compass_reg                      0x08005293   Thumb Code     8  inv_mpu.o(.text)
    mpu_get_compass_fsr                      0x0800529b   Thumb Code     8  inv_mpu.o(.text)
    mpu_lp_motion_interrupt                  0x080052a3   Thumb Code   512  inv_mpu.o(.text)
    run_self_test                            0x080054a3   Thumb Code   148  inv_mpu.o(.text)
    inv_row_2_scale                          0x08005537   Thumb Code    78  inv_mpu.o(.text)
    inv_orientation_matrix_to_scalar         0x08005585   Thumb Code    40  inv_mpu.o(.text)
    mpu_dmp_init                             0x080055ad   Thumb Code   148  inv_mpu.o(.text)
    mpu_dmp_get_data                         0x08005641   Thumb Code   554  inv_mpu.o(.text)
    dmp_load_motion_driver_firmware          0x08005871   Thumb Code    20  inv_mpu_dmp_motion_driver.o(.text)
    dmp_set_orientation                      0x08005885   Thumb Code   290  inv_mpu_dmp_motion_driver.o(.text)
    dmp_set_gyro_bias                        0x080059a7   Thumb Code   294  inv_mpu_dmp_motion_driver.o(.text)
    dmp_set_accel_bias                       0x08005acd   Thumb Code   300  inv_mpu_dmp_motion_driver.o(.text)
    dmp_set_fifo_rate                        0x08005bf9   Thumb Code   136  inv_mpu_dmp_motion_driver.o(.text)
    dmp_get_fifo_rate                        0x08005c81   Thumb Code    12  inv_mpu_dmp_motion_driver.o(.text)
    dmp_set_tap_thresh                       0x08005c8d   Thumb Code   396  inv_mpu_dmp_motion_driver.o(.text)
    dmp_set_tap_axes                         0x08005e19   Thumb Code    70  inv_mpu_dmp_motion_driver.o(.text)
    dmp_set_tap_count                        0x08005e5f   Thumb Code    38  inv_mpu_dmp_motion_driver.o(.text)
    dmp_set_tap_time                         0x08005e85   Thumb Code    38  inv_mpu_dmp_motion_driver.o(.text)
    dmp_set_tap_time_multi                   0x08005eab   Thumb Code    38  inv_mpu_dmp_motion_driver.o(.text)
    dmp_set_shake_reject_thresh              0x08005ed1   Thumb Code    56  inv_mpu_dmp_motion_driver.o(.text)
    dmp_set_shake_reject_time                0x08005f09   Thumb Code    38  inv_mpu_dmp_motion_driver.o(.text)
    dmp_set_shake_reject_timeout             0x08005f2f   Thumb Code    38  inv_mpu_dmp_motion_driver.o(.text)
    dmp_get_pedometer_step_count             0x08005f55   Thumb Code    66  inv_mpu_dmp_motion_driver.o(.text)
    dmp_set_pedometer_step_count             0x08005f97   Thumb Code    42  inv_mpu_dmp_motion_driver.o(.text)
    dmp_get_pedometer_walk_time              0x08005fc1   Thumb Code    72  inv_mpu_dmp_motion_driver.o(.text)
    dmp_set_pedometer_walk_time              0x08006009   Thumb Code    48  inv_mpu_dmp_motion_driver.o(.text)
    dmp_enable_6x_lp_quat                    0x08006039   Thumb Code    84  inv_mpu_dmp_motion_driver.o(.text)
    dmp_enable_lp_quat                       0x0800608d   Thumb Code    60  inv_mpu_dmp_motion_driver.o(.text)
    dmp_enable_gyro_cal                      0x080060c9   Thumb Code    62  inv_mpu_dmp_motion_driver.o(.text)
    dmp_enable_feature                       0x08006107   Thumb Code   530  inv_mpu_dmp_motion_driver.o(.text)
    dmp_get_enabled_features                 0x08006319   Thumb Code    12  inv_mpu_dmp_motion_driver.o(.text)
    dmp_set_interrupt_mode                   0x08006383   Thumb Code    66  inv_mpu_dmp_motion_driver.o(.text)
    dmp_read_fifo                            0x080063c5   Thumb Code   514  inv_mpu_dmp_motion_driver.o(.text)
    dmp_register_tap_cb                      0x080065c7   Thumb Code    10  inv_mpu_dmp_motion_driver.o(.text)
    dmp_register_android_orient_cb           0x080065d1   Thumb Code    10  inv_mpu_dmp_motion_driver.o(.text)
    DMA1_USART2_Init                         0x080065e1   Thumb Code   254  usart2.o(.text)
    Initial_UART2                            0x080066df   Thumb Code   166  usart2.o(.text)
    DMA_USART2_Tx_Data                       0x08006785   Thumb Code    48  usart2.o(.text)
    DMA1_Channel7_IRQHandler                 0x080067b5   Thumb Code    48  usart2.o(.text)
    USART2_IRQHandler                        0x080067e5   Thumb Code    82  usart2.o(.text)
    PlugIn_Init                              0x0800685d   Thumb Code    32  usb_plugin.o(.text)
    PlugIn_Test                              0x0800687d   Thumb Code    24  usb_plugin.o(.text)
    SR04_Configuration                       0x080068a5   Thumb Code   100  sr04.o(.text)
    EXTI15_10_IRQHandler                     0x08006909   Thumb Code   128  sr04.o(.text)
    SR04_StartMeasure                        0x08006989   Thumb Code    30  sr04.o(.text)
    Timer4_Init                              0x080069a7   Thumb Code    42  sr04.o(.text)
    TIM4_IRQHandler                          0x080069d1   Thumb Code    22  sr04.o(.text)
    Float2Byte                               0x08006a01   Thumb Code    28  datascope_dp.o(.text)
    DataScope_Get_Channel_Data               0x08006a1d   Thumb Code   158  datascope_dp.o(.text)
    DataScope_Data_Generate                  0x08006abb   Thumb Code   148  datascope_dp.o(.text)
    Reset_Handler                            0x08006b55   Thumb Code     8  startup_stm32f10x_md.o(.text)
    ADC1_2_IRQHandler                        0x08006b6f   Thumb Code     0  startup_stm32f10x_md.o(.text)
    CAN1_RX1_IRQHandler                      0x08006b6f   Thumb Code     0  startup_stm32f10x_md.o(.text)
    CAN1_SCE_IRQHandler                      0x08006b6f   Thumb Code     0  startup_stm32f10x_md.o(.text)
    DMA1_Channel1_IRQHandler                 0x08006b6f   Thumb Code     0  startup_stm32f10x_md.o(.text)
    DMA1_Channel2_IRQHandler                 0x08006b6f   Thumb Code     0  startup_stm32f10x_md.o(.text)
    DMA1_Channel3_IRQHandler                 0x08006b6f   Thumb Code     0  startup_stm32f10x_md.o(.text)
    DMA1_Channel4_IRQHandler                 0x08006b6f   Thumb Code     0  startup_stm32f10x_md.o(.text)
    DMA1_Channel5_IRQHandler                 0x08006b6f   Thumb Code     0  startup_stm32f10x_md.o(.text)
    DMA1_Channel6_IRQHandler                 0x08006b6f   Thumb Code     0  startup_stm32f10x_md.o(.text)
    EXTI0_IRQHandler                         0x08006b6f   Thumb Code     0  startup_stm32f10x_md.o(.text)
    EXTI1_IRQHandler                         0x08006b6f   Thumb Code     0  startup_stm32f10x_md.o(.text)
    EXTI2_IRQHandler                         0x08006b6f   Thumb Code     0  startup_stm32f10x_md.o(.text)
    EXTI3_IRQHandler                         0x08006b6f   Thumb Code     0  startup_stm32f10x_md.o(.text)
    EXTI4_IRQHandler                         0x08006b6f   Thumb Code     0  startup_stm32f10x_md.o(.text)
    FLASH_IRQHandler                         0x08006b6f   Thumb Code     0  startup_stm32f10x_md.o(.text)
    I2C1_ER_IRQHandler                       0x08006b6f   Thumb Code     0  startup_stm32f10x_md.o(.text)
    I2C1_EV_IRQHandler                       0x08006b6f   Thumb Code     0  startup_stm32f10x_md.o(.text)
    I2C2_ER_IRQHandler                       0x08006b6f   Thumb Code     0  startup_stm32f10x_md.o(.text)
    I2C2_EV_IRQHandler                       0x08006b6f   Thumb Code     0  startup_stm32f10x_md.o(.text)
    PVD_IRQHandler                           0x08006b6f   Thumb Code     0  startup_stm32f10x_md.o(.text)
    RCC_IRQHandler                           0x08006b6f   Thumb Code     0  startup_stm32f10x_md.o(.text)
    RTCAlarm_IRQHandler                      0x08006b6f   Thumb Code     0  startup_stm32f10x_md.o(.text)
    RTC_IRQHandler                           0x08006b6f   Thumb Code     0  startup_stm32f10x_md.o(.text)
    SPI1_IRQHandler                          0x08006b6f   Thumb Code     0  startup_stm32f10x_md.o(.text)
    SPI2_IRQHandler                          0x08006b6f   Thumb Code     0  startup_stm32f10x_md.o(.text)
    TAMPER_IRQHandler                        0x08006b6f   Thumb Code     0  startup_stm32f10x_md.o(.text)
    TIM1_BRK_IRQHandler                      0x08006b6f   Thumb Code     0  startup_stm32f10x_md.o(.text)
    TIM1_CC_IRQHandler                       0x08006b6f   Thumb Code     0  startup_stm32f10x_md.o(.text)
    TIM1_TRG_COM_IRQHandler                  0x08006b6f   Thumb Code     0  startup_stm32f10x_md.o(.text)
    TIM1_UP_IRQHandler                       0x08006b6f   Thumb Code     0  startup_stm32f10x_md.o(.text)
    TIM2_IRQHandler                          0x08006b6f   Thumb Code     0  startup_stm32f10x_md.o(.text)
    TIM3_IRQHandler                          0x08006b6f   Thumb Code     0  startup_stm32f10x_md.o(.text)
    USBWakeUp_IRQHandler                     0x08006b6f   Thumb Code     0  startup_stm32f10x_md.o(.text)
    USB_HP_CAN1_TX_IRQHandler                0x08006b6f   Thumb Code     0  startup_stm32f10x_md.o(.text)
    USB_LP_CAN1_RX0_IRQHandler               0x08006b6f   Thumb Code     0  startup_stm32f10x_md.o(.text)
    WWDG_IRQHandler                          0x08006b6f   Thumb Code     0  startup_stm32f10x_md.o(.text)
    NVIC_PriorityGroupConfig                 0x08006b79   Thumb Code    10  misc.o(.text)
    NVIC_Init                                0x08006b83   Thumb Code   100  misc.o(.text)
    NVIC_SetVectorTable                      0x08006be7   Thumb Code    14  misc.o(.text)
    NVIC_SystemLPConfig                      0x08006bf5   Thumb Code    34  misc.o(.text)
    SysTick_CLKSourceConfig                  0x08006c17   Thumb Code    40  misc.o(.text)
    ADC_DeInit                               0x08006c55   Thumb Code    78  stm32f10x_adc.o(.text)
    ADC_Init                                 0x08006ca3   Thumb Code    70  stm32f10x_adc.o(.text)
    ADC_StructInit                           0x08006ce9   Thumb Code    18  stm32f10x_adc.o(.text)
    ADC_Cmd                                  0x08006cfb   Thumb Code    22  stm32f10x_adc.o(.text)
    ADC_DMACmd                               0x08006d11   Thumb Code    22  stm32f10x_adc.o(.text)
    ADC_ITConfig                             0x08006d27   Thumb Code    24  stm32f10x_adc.o(.text)
    ADC_ResetCalibration                     0x08006d3f   Thumb Code    10  stm32f10x_adc.o(.text)
    ADC_GetResetCalibrationStatus            0x08006d49   Thumb Code    20  stm32f10x_adc.o(.text)
    ADC_StartCalibration                     0x08006d5d   Thumb Code    10  stm32f10x_adc.o(.text)
    ADC_GetCalibrationStatus                 0x08006d67   Thumb Code    20  stm32f10x_adc.o(.text)
    ADC_SoftwareStartConvCmd                 0x08006d7b   Thumb Code    22  stm32f10x_adc.o(.text)
    ADC_GetSoftwareStartConvStatus           0x08006d91   Thumb Code    20  stm32f10x_adc.o(.text)
    ADC_DiscModeChannelCountConfig           0x08006da5   Thumb Code    24  stm32f10x_adc.o(.text)
    ADC_DiscModeCmd                          0x08006dbd   Thumb Code    22  stm32f10x_adc.o(.text)
    ADC_RegularChannelConfig                 0x08006dd3   Thumb Code   184  stm32f10x_adc.o(.text)
    ADC_ExternalTrigConvCmd                  0x08006e8b   Thumb Code    22  stm32f10x_adc.o(.text)
    ADC_GetConversionValue                   0x08006ea1   Thumb Code     8  stm32f10x_adc.o(.text)
    ADC_GetDualModeConversionValue           0x08006ea9   Thumb Code     8  stm32f10x_adc.o(.text)
    ADC_AutoInjectedConvCmd                  0x08006eb1   Thumb Code    22  stm32f10x_adc.o(.text)
    ADC_InjectedDiscModeCmd                  0x08006ec7   Thumb Code    22  stm32f10x_adc.o(.text)
    ADC_ExternalTrigInjectedConvConfig       0x08006edd   Thumb Code    16  stm32f10x_adc.o(.text)
    ADC_ExternalTrigInjectedConvCmd          0x08006eed   Thumb Code    22  stm32f10x_adc.o(.text)
    ADC_SoftwareStartInjectedConvCmd         0x08006f03   Thumb Code    22  stm32f10x_adc.o(.text)
    ADC_GetSoftwareStartInjectedConvCmdStatus 0x08006f19   Thumb Code    20  stm32f10x_adc.o(.text)
    ADC_InjectedChannelConfig                0x08006f2d   Thumb Code   130  stm32f10x_adc.o(.text)
    ADC_InjectedSequencerLengthConfig        0x08006faf   Thumb Code    24  stm32f10x_adc.o(.text)
    ADC_SetInjectedOffset                    0x08006fc7   Thumb Code    20  stm32f10x_adc.o(.text)
    ADC_GetInjectedConversionValue           0x08006fdb   Thumb Code    28  stm32f10x_adc.o(.text)
    ADC_AnalogWatchdogCmd                    0x08006ff7   Thumb Code    16  stm32f10x_adc.o(.text)
    ADC_AnalogWatchdogThresholdsConfig       0x08007007   Thumb Code     6  stm32f10x_adc.o(.text)
    ADC_AnalogWatchdogSingleChannelConfig    0x0800700d   Thumb Code    16  stm32f10x_adc.o(.text)
    ADC_TempSensorVrefintCmd                 0x0800701d   Thumb Code    64  stm32f10x_adc.o(.text)
    ADC_GetFlagStatus                        0x0800705d   Thumb Code    18  stm32f10x_adc.o(.text)
    ADC_ClearFlag                            0x0800706f   Thumb Code     6  stm32f10x_adc.o(.text)
    ADC_GetITStatus                          0x08007075   Thumb Code    36  stm32f10x_adc.o(.text)
    ADC_ClearITPendingBit                    0x08007099   Thumb Code    10  stm32f10x_adc.o(.text)
    EXTI_DeInit                              0x080070a5   Thumb Code    28  stm32f10x_exti.o(.text)
    EXTI_Init                                0x080070c1   Thumb Code   142  stm32f10x_exti.o(.text)
    EXTI_StructInit                          0x0800714f   Thumb Code    16  stm32f10x_exti.o(.text)
    EXTI_GenerateSWInterrupt                 0x0800715f   Thumb Code    16  stm32f10x_exti.o(.text)
    EXTI_GetFlagStatus                       0x0800716f   Thumb Code    22  stm32f10x_exti.o(.text)
    EXTI_ClearFlag                           0x08007185   Thumb Code     8  stm32f10x_exti.o(.text)
    EXTI_GetITStatus                         0x0800718d   Thumb Code    34  stm32f10x_exti.o(.text)
    EXTI_ClearITPendingBit                   0x080071af   Thumb Code     8  stm32f10x_exti.o(.text)
    GPIO_DeInit                              0x080071c1   Thumb Code   172  stm32f10x_gpio.o(.text)
    GPIO_AFIODeInit                          0x0800726d   Thumb Code    20  stm32f10x_gpio.o(.text)
    GPIO_Init                                0x08007281   Thumb Code   278  stm32f10x_gpio.o(.text)
    GPIO_StructInit                          0x08007397   Thumb Code    16  stm32f10x_gpio.o(.text)
    GPIO_ReadInputDataBit                    0x080073a7   Thumb Code    18  stm32f10x_gpio.o(.text)
    GPIO_ReadInputData                       0x080073b9   Thumb Code     8  stm32f10x_gpio.o(.text)
    GPIO_ReadOutputDataBit                   0x080073c1   Thumb Code    18  stm32f10x_gpio.o(.text)
    GPIO_ReadOutputData                      0x080073d3   Thumb Code     8  stm32f10x_gpio.o(.text)
    GPIO_SetBits                             0x080073db   Thumb Code     4  stm32f10x_gpio.o(.text)
    GPIO_ResetBits                           0x080073df   Thumb Code     4  stm32f10x_gpio.o(.text)
    GPIO_WriteBit                            0x080073e3   Thumb Code    10  stm32f10x_gpio.o(.text)
    GPIO_Write                               0x080073ed   Thumb Code     4  stm32f10x_gpio.o(.text)
    GPIO_PinLockConfig                       0x080073f1   Thumb Code    18  stm32f10x_gpio.o(.text)
    GPIO_EventOutputConfig                   0x08007403   Thumb Code    26  stm32f10x_gpio.o(.text)
    GPIO_EventOutputCmd                      0x0800741d   Thumb Code     6  stm32f10x_gpio.o(.text)
    GPIO_PinRemapConfig                      0x08007423   Thumb Code   138  stm32f10x_gpio.o(.text)
    GPIO_EXTILineConfig                      0x080074ad   Thumb Code    66  stm32f10x_gpio.o(.text)
    GPIO_ETH_MediaInterfaceConfig            0x080074ef   Thumb Code     8  stm32f10x_gpio.o(.text)
    RCC_DeInit                               0x0800751d   Thumb Code    64  stm32f10x_rcc.o(.text)
    RCC_HSEConfig                            0x0800755d   Thumb Code    70  stm32f10x_rcc.o(.text)
    RCC_GetFlagStatus                        0x080075a3   Thumb Code    56  stm32f10x_rcc.o(.text)
    RCC_WaitForHSEStartUp                    0x080075db   Thumb Code    56  stm32f10x_rcc.o(.text)
    RCC_AdjustHSICalibrationValue            0x08007613   Thumb Code    20  stm32f10x_rcc.o(.text)
    RCC_HSICmd                               0x08007627   Thumb Code     6  stm32f10x_rcc.o(.text)
    RCC_PLLConfig                            0x0800762d   Thumb Code    24  stm32f10x_rcc.o(.text)
    RCC_PLLCmd                               0x08007645   Thumb Code     6  stm32f10x_rcc.o(.text)
    RCC_SYSCLKConfig                         0x0800764b   Thumb Code    18  stm32f10x_rcc.o(.text)
    RCC_GetSYSCLKSource                      0x0800765d   Thumb Code    10  stm32f10x_rcc.o(.text)
    RCC_HCLKConfig                           0x08007667   Thumb Code    18  stm32f10x_rcc.o(.text)
    RCC_PCLK1Config                          0x08007679   Thumb Code    18  stm32f10x_rcc.o(.text)
    RCC_PCLK2Config                          0x0800768b   Thumb Code    20  stm32f10x_rcc.o(.text)
    RCC_ITConfig                             0x0800769f   Thumb Code    26  stm32f10x_rcc.o(.text)
    RCC_USBCLKConfig                         0x080076b9   Thumb Code     8  stm32f10x_rcc.o(.text)
    RCC_ADCCLKConfig                         0x080076c1   Thumb Code    18  stm32f10x_rcc.o(.text)
    RCC_LSEConfig                            0x080076d3   Thumb Code    50  stm32f10x_rcc.o(.text)
    RCC_LSICmd                               0x08007705   Thumb Code     6  stm32f10x_rcc.o(.text)
    RCC_RTCCLKConfig                         0x0800770b   Thumb Code    12  stm32f10x_rcc.o(.text)
    RCC_RTCCLKCmd                            0x08007717   Thumb Code     8  stm32f10x_rcc.o(.text)
    RCC_GetClocksFreq                        0x0800771f   Thumb Code   192  stm32f10x_rcc.o(.text)
    RCC_AHBPeriphClockCmd                    0x080077df   Thumb Code    26  stm32f10x_rcc.o(.text)
    RCC_APB2PeriphClockCmd                   0x080077f9   Thumb Code    26  stm32f10x_rcc.o(.text)
    RCC_APB1PeriphClockCmd                   0x08007813   Thumb Code    26  stm32f10x_rcc.o(.text)
    RCC_APB2PeriphResetCmd                   0x0800782d   Thumb Code    26  stm32f10x_rcc.o(.text)
    RCC_APB1PeriphResetCmd                   0x08007847   Thumb Code    26  stm32f10x_rcc.o(.text)
    RCC_BackupResetCmd                       0x08007861   Thumb Code     8  stm32f10x_rcc.o(.text)
    RCC_ClockSecuritySystemCmd               0x08007869   Thumb Code     6  stm32f10x_rcc.o(.text)
    RCC_MCOConfig                            0x0800786f   Thumb Code     6  stm32f10x_rcc.o(.text)
    RCC_ClearFlag                            0x08007875   Thumb Code    14  stm32f10x_rcc.o(.text)
    RCC_GetITStatus                          0x08007883   Thumb Code    20  stm32f10x_rcc.o(.text)
    RCC_ClearITPendingBit                    0x08007897   Thumb Code     6  stm32f10x_rcc.o(.text)
    TIM_DeInit                               0x080078c1   Thumb Code   424  stm32f10x_tim.o(.text)
    TIM_TimeBaseInit                         0x08007a69   Thumb Code   122  stm32f10x_tim.o(.text)
    TIM_OC1Init                              0x08007ae3   Thumb Code   132  stm32f10x_tim.o(.text)
    TIM_OC2Init                              0x08007b67   Thumb Code   154  stm32f10x_tim.o(.text)
    TIM_OC3Init                              0x08007c01   Thumb Code   150  stm32f10x_tim.o(.text)
    TIM_OC4Init                              0x08007c97   Thumb Code   182  stm32f10x_tim.o(.text)
    TIM_SetIC4Prescaler                      0x08007d4d   Thumb Code    26  stm32f10x_tim.o(.text)
    TIM_SetIC3Prescaler                      0x08007de9   Thumb Code    18  stm32f10x_tim.o(.text)
    TIM_SetIC2Prescaler                      0x08007e75   Thumb Code    26  stm32f10x_tim.o(.text)
    TIM_SetIC1Prescaler                      0x08007f11   Thumb Code    18  stm32f10x_tim.o(.text)
    TIM_ICInit                               0x08007f8f   Thumb Code   150  stm32f10x_tim.o(.text)
    TIM_PWMIConfig                           0x08008025   Thumb Code   124  stm32f10x_tim.o(.text)
    TIM_BDTRConfig                           0x080080a1   Thumb Code    32  stm32f10x_tim.o(.text)
    TIM_TimeBaseStructInit                   0x080080c1   Thumb Code    18  stm32f10x_tim.o(.text)
    TIM_OCStructInit                         0x080080d3   Thumb Code    20  stm32f10x_tim.o(.text)
    TIM_ICStructInit                         0x080080e7   Thumb Code    18  stm32f10x_tim.o(.text)
    TIM_BDTRStructInit                       0x080080f9   Thumb Code    40  stm32f10x_tim.o(.text)
    TIM_Cmd                                  0x08008121   Thumb Code    24  stm32f10x_tim.o(.text)
    TIM_CtrlPWMOutputs                       0x08008139   Thumb Code    30  stm32f10x_tim.o(.text)
    TIM_ITConfig                             0x08008157   Thumb Code    18  stm32f10x_tim.o(.text)
    TIM_GenerateEvent                        0x08008169   Thumb Code     4  stm32f10x_tim.o(.text)
    TIM_DMAConfig                            0x0800816d   Thumb Code    10  stm32f10x_tim.o(.text)
    TIM_DMACmd                               0x08008177   Thumb Code    18  stm32f10x_tim.o(.text)
    TIM_InternalClockConfig                  0x08008189   Thumb Code    12  stm32f10x_tim.o(.text)
    TIM_SelectInputTrigger                   0x08008195   Thumb Code    18  stm32f10x_tim.o(.text)
    TIM_ITRxExternalClockConfig              0x080081a7   Thumb Code    24  stm32f10x_tim.o(.text)
    TIM_TIxExternalClockConfig               0x080081bf   Thumb Code    62  stm32f10x_tim.o(.text)
    TIM_ETRConfig                            0x080081fd   Thumb Code    28  stm32f10x_tim.o(.text)
    TIM_ETRClockMode1Config                  0x08008219   Thumb Code    54  stm32f10x_tim.o(.text)
    TIM_ETRClockMode2Config                  0x0800824f   Thumb Code    32  stm32f10x_tim.o(.text)
    TIM_PrescalerConfig                      0x0800826f   Thumb Code     6  stm32f10x_tim.o(.text)
    TIM_CounterModeConfig                    0x08008275   Thumb Code    18  stm32f10x_tim.o(.text)
    TIM_EncoderInterfaceConfig               0x08008287   Thumb Code    66  stm32f10x_tim.o(.text)
    TIM_ForcedOC1Config                      0x080082c9   Thumb Code    18  stm32f10x_tim.o(.text)
    TIM_ForcedOC2Config                      0x080082db   Thumb Code    26  stm32f10x_tim.o(.text)
    TIM_ForcedOC3Config                      0x080082f5   Thumb Code    18  stm32f10x_tim.o(.text)
    TIM_ForcedOC4Config                      0x08008307   Thumb Code    26  stm32f10x_tim.o(.text)
    TIM_ARRPreloadConfig                     0x08008321   Thumb Code    24  stm32f10x_tim.o(.text)
    TIM_SelectCOM                            0x08008339   Thumb Code    24  stm32f10x_tim.o(.text)
    TIM_SelectCCDMA                          0x08008351   Thumb Code    24  stm32f10x_tim.o(.text)
    TIM_CCPreloadControl                     0x08008369   Thumb Code    24  stm32f10x_tim.o(.text)
    TIM_OC1PreloadConfig                     0x08008381   Thumb Code    18  stm32f10x_tim.o(.text)
    TIM_OC2PreloadConfig                     0x08008393   Thumb Code    26  stm32f10x_tim.o(.text)
    TIM_OC3PreloadConfig                     0x080083ad   Thumb Code    18  stm32f10x_tim.o(.text)
    TIM_OC4PreloadConfig                     0x080083bf   Thumb Code    26  stm32f10x_tim.o(.text)
    TIM_OC1FastConfig                        0x080083d9   Thumb Code    18  stm32f10x_tim.o(.text)
    TIM_OC2FastConfig                        0x080083eb   Thumb Code    26  stm32f10x_tim.o(.text)
    TIM_OC3FastConfig                        0x08008405   Thumb Code    18  stm32f10x_tim.o(.text)
    TIM_OC4FastConfig                        0x08008417   Thumb Code    26  stm32f10x_tim.o(.text)
    TIM_ClearOC1Ref                          0x08008431   Thumb Code    18  stm32f10x_tim.o(.text)
    TIM_ClearOC2Ref                          0x08008443   Thumb Code    24  stm32f10x_tim.o(.text)
    TIM_ClearOC3Ref                          0x0800845b   Thumb Code    18  stm32f10x_tim.o(.text)
    TIM_ClearOC4Ref                          0x0800846d   Thumb Code    24  stm32f10x_tim.o(.text)
    TIM_OC1PolarityConfig                    0x08008485   Thumb Code    18  stm32f10x_tim.o(.text)
    TIM_OC1NPolarityConfig                   0x08008497   Thumb Code    18  stm32f10x_tim.o(.text)
    TIM_OC2PolarityConfig                    0x080084a9   Thumb Code    26  stm32f10x_tim.o(.text)
    TIM_OC2NPolarityConfig                   0x080084c3   Thumb Code    26  stm32f10x_tim.o(.text)
    TIM_OC3PolarityConfig                    0x080084dd   Thumb Code    26  stm32f10x_tim.o(.text)
    TIM_OC3NPolarityConfig                   0x080084f7   Thumb Code    26  stm32f10x_tim.o(.text)
    TIM_OC4PolarityConfig                    0x08008511   Thumb Code    26  stm32f10x_tim.o(.text)
    TIM_CCxCmd                               0x0800852b   Thumb Code    30  stm32f10x_tim.o(.text)
    TIM_CCxNCmd                              0x08008549   Thumb Code    30  stm32f10x_tim.o(.text)
    TIM_SelectOCxM                           0x08008567   Thumb Code    82  stm32f10x_tim.o(.text)
    TIM_UpdateDisableConfig                  0x080085b9   Thumb Code    24  stm32f10x_tim.o(.text)
    TIM_UpdateRequestConfig                  0x080085d1   Thumb Code    24  stm32f10x_tim.o(.text)
    TIM_SelectHallSensor                     0x080085e9   Thumb Code    24  stm32f10x_tim.o(.text)
    TIM_SelectOnePulseMode                   0x08008601   Thumb Code    18  stm32f10x_tim.o(.text)
    TIM_SelectOutputTrigger                  0x08008613   Thumb Code    18  stm32f10x_tim.o(.text)
    TIM_SelectSlaveMode                      0x08008625   Thumb Code    18  stm32f10x_tim.o(.text)
    TIM_SelectMasterSlaveMode                0x08008637   Thumb Code    18  stm32f10x_tim.o(.text)
    TIM_SetCounter                           0x08008649   Thumb Code     4  stm32f10x_tim.o(.text)
    TIM_SetAutoreload                        0x0800864d   Thumb Code     4  stm32f10x_tim.o(.text)
    TIM_SetCompare1                          0x08008651   Thumb Code     4  stm32f10x_tim.o(.text)
    TIM_SetCompare2                          0x08008655   Thumb Code     4  stm32f10x_tim.o(.text)
    TIM_SetCompare3                          0x08008659   Thumb Code     4  stm32f10x_tim.o(.text)
    TIM_SetCompare4                          0x0800865d   Thumb Code     6  stm32f10x_tim.o(.text)
    TIM_SetClockDivision                     0x08008663   Thumb Code    18  stm32f10x_tim.o(.text)
    TIM_GetCapture1                          0x08008675   Thumb Code     6  stm32f10x_tim.o(.text)
    TIM_GetCapture2                          0x0800867b   Thumb Code     6  stm32f10x_tim.o(.text)
    TIM_GetCapture3                          0x08008681   Thumb Code     6  stm32f10x_tim.o(.text)
    TIM_GetCapture4                          0x08008687   Thumb Code     8  stm32f10x_tim.o(.text)
    TIM_GetCounter                           0x0800868f   Thumb Code     6  stm32f10x_tim.o(.text)
    TIM_GetPrescaler                         0x08008695   Thumb Code     6  stm32f10x_tim.o(.text)
    TIM_GetFlagStatus                        0x0800869b   Thumb Code    18  stm32f10x_tim.o(.text)
    TIM_ClearFlag                            0x080086ad   Thumb Code     6  stm32f10x_tim.o(.text)
    TIM_GetITStatus                          0x080086b3   Thumb Code    34  stm32f10x_tim.o(.text)
    TIM_ClearITPendingBit                    0x080086d5   Thumb Code     6  stm32f10x_tim.o(.text)
    USART_DeInit                             0x080086dd   Thumb Code   134  stm32f10x_usart.o(.text)
    USART_Init                               0x08008763   Thumb Code   210  stm32f10x_usart.o(.text)
    USART_StructInit                         0x08008835   Thumb Code    24  stm32f10x_usart.o(.text)
    USART_ClockInit                          0x0800884d   Thumb Code    34  stm32f10x_usart.o(.text)
    USART_ClockStructInit                    0x0800886f   Thumb Code    12  stm32f10x_usart.o(.text)
    USART_Cmd                                0x0800887b   Thumb Code    24  stm32f10x_usart.o(.text)
    USART_ITConfig                           0x08008893   Thumb Code    74  stm32f10x_usart.o(.text)
    USART_DMACmd                             0x080088dd   Thumb Code    18  stm32f10x_usart.o(.text)
    USART_SetAddress                         0x080088ef   Thumb Code    18  stm32f10x_usart.o(.text)
    USART_WakeUpConfig                       0x08008901   Thumb Code    18  stm32f10x_usart.o(.text)
    USART_ReceiverWakeUpCmd                  0x08008913   Thumb Code    24  stm32f10x_usart.o(.text)
    USART_LINBreakDetectLengthConfig         0x0800892b   Thumb Code    18  stm32f10x_usart.o(.text)
    USART_LINCmd                             0x0800893d   Thumb Code    24  stm32f10x_usart.o(.text)
    USART_SendData                           0x08008955   Thumb Code     8  stm32f10x_usart.o(.text)
    USART_ReceiveData                        0x0800895d   Thumb Code    10  stm32f10x_usart.o(.text)
    USART_SendBreak                          0x08008967   Thumb Code    10  stm32f10x_usart.o(.text)
    USART_SetGuardTime                       0x08008971   Thumb Code    16  stm32f10x_usart.o(.text)
    USART_SetPrescaler                       0x08008981   Thumb Code    16  stm32f10x_usart.o(.text)
    USART_SmartCardCmd                       0x08008991   Thumb Code    24  stm32f10x_usart.o(.text)
    USART_SmartCardNACKCmd                   0x080089a9   Thumb Code    24  stm32f10x_usart.o(.text)
    USART_HalfDuplexCmd                      0x080089c1   Thumb Code    24  stm32f10x_usart.o(.text)
    USART_OverSampling8Cmd                   0x080089d9   Thumb Code    22  stm32f10x_usart.o(.text)
    USART_OneBitMethodCmd                    0x080089ef   Thumb Code    24  stm32f10x_usart.o(.text)
    USART_IrDAConfig                         0x08008a07   Thumb Code    18  stm32f10x_usart.o(.text)
    USART_IrDACmd                            0x08008a19   Thumb Code    24  stm32f10x_usart.o(.text)
    USART_GetFlagStatus                      0x08008a31   Thumb Code    26  stm32f10x_usart.o(.text)
    USART_ClearFlag                          0x08008a4b   Thumb Code    18  stm32f10x_usart.o(.text)
    USART_GetITStatus                        0x08008a5d   Thumb Code    84  stm32f10x_usart.o(.text)
    USART_ClearITPendingBit                  0x08008ab1   Thumb Code    52  stm32f10x_usart.o(.text)
    DMA_DeInit                               0x08008ae5   Thumb Code   324  stm32f10x_dma.o(.text)
    DMA_Init                                 0x08008c29   Thumb Code    60  stm32f10x_dma.o(.text)
    DMA_StructInit                           0x08008c65   Thumb Code    26  stm32f10x_dma.o(.text)
    DMA_Cmd                                  0x08008c7f   Thumb Code    24  stm32f10x_dma.o(.text)
    DMA_ITConfig                             0x08008c97   Thumb Code    18  stm32f10x_dma.o(.text)
    DMA_SetCurrDataCounter                   0x08008ca9   Thumb Code     4  stm32f10x_dma.o(.text)
    DMA_GetCurrDataCounter                   0x08008cad   Thumb Code     8  stm32f10x_dma.o(.text)
    DMA_GetFlagStatus                        0x08008cb5   Thumb Code    40  stm32f10x_dma.o(.text)
    DMA_ClearFlag                            0x08008cdd   Thumb Code    22  stm32f10x_dma.o(.text)
    DMA_GetITStatus                          0x08008cf3   Thumb Code    40  stm32f10x_dma.o(.text)
    DMA_ClearITPendingBit                    0x08008d1b   Thumb Code    22  stm32f10x_dma.o(.text)
    __aeabi_ldivmod                          0x08008d39   Thumb Code    98  ldiv.o(.text)
    __aeabi_memset                           0x08008d9b   Thumb Code    14  memseta.o(.text)
    __aeabi_memset4                          0x08008d9b   Thumb Code     0  memseta.o(.text)
    __aeabi_memset8                          0x08008d9b   Thumb Code     0  memseta.o(.text)
    __aeabi_memclr                           0x08008da9   Thumb Code     4  memseta.o(.text)
    __aeabi_memclr4                          0x08008da9   Thumb Code     0  memseta.o(.text)
    __aeabi_memclr8                          0x08008da9   Thumb Code     0  memseta.o(.text)
    _memset$wrapper                          0x08008dad   Thumb Code    18  memseta.o(.text)
    memcmp                                   0x08008dbf   Thumb Code    26  memcmp.o(.text)
    __aeabi_fadd                             0x08008dd9   Thumb Code   164  fadd.o(.text)
    __aeabi_fsub                             0x08008e7d   Thumb Code     6  fadd.o(.text)
    __aeabi_frsub                            0x08008e83   Thumb Code     6  fadd.o(.text)
    __aeabi_fmul                             0x08008e89   Thumb Code   100  fmul.o(.text)
    __aeabi_fdiv                             0x08008eed   Thumb Code   124  fdiv.o(.text)
    __aeabi_dadd                             0x08008f69   Thumb Code   322  dadd.o(.text)
    __aeabi_dsub                             0x080090ab   Thumb Code     6  dadd.o(.text)
    __aeabi_drsub                            0x080090b1   Thumb Code     6  dadd.o(.text)
    __aeabi_dmul                             0x080090b7   Thumb Code   228  dmul.o(.text)
    __aeabi_ddiv                             0x0800919b   Thumb Code   222  ddiv.o(.text)
    __aeabi_i2f                              0x08009279   Thumb Code    18  fflti.o(.text)
    __aeabi_ui2f                             0x0800928b   Thumb Code    10  ffltui.o(.text)
    __aeabi_i2d                              0x08009295   Thumb Code    34  dflti.o(.text)
    __aeabi_ui2d                             0x080092b7   Thumb Code    26  dfltui.o(.text)
    __aeabi_f2iz                             0x080092d1   Thumb Code    50  ffixi.o(.text)
    __aeabi_f2uiz                            0x08009303   Thumb Code    40  ffixui.o(.text)
    __aeabi_d2iz                             0x0800932b   Thumb Code    62  dfixi.o(.text)
    __aeabi_d2uiz                            0x08009369   Thumb Code    50  dfixui.o(.text)
    __aeabi_f2d                              0x0800939b   Thumb Code    38  f2d.o(.text)
    __aeabi_cdcmpeq                          0x080093c1   Thumb Code     0  cdcmple.o(.text)
    __aeabi_cdcmple                          0x080093c1   Thumb Code    48  cdcmple.o(.text)
    __aeabi_d2f                              0x080093f1   Thumb Code    56  d2f.o(.text)
    __aeabi_cfcmpeq                          0x08009429   Thumb Code     0  cfcmple.o(.text)
    __aeabi_cfcmple                          0x08009429   Thumb Code    20  cfcmple.o(.text)
    __aeabi_cfrcmple                         0x0800943d   Thumb Code    20  cfrcmple.o(.text)
    __aeabi_uidiv                            0x08009451   Thumb Code     0  uidiv.o(.text)
    __aeabi_uidivmod                         0x08009451   Thumb Code    44  uidiv.o(.text)
    __aeabi_uldivmod                         0x0800947d   Thumb Code    98  uldiv.o(.text)
    __aeabi_llsl                             0x080094df   Thumb Code    30  llshl.o(.text)
    _ll_shift_l                              0x080094df   Thumb Code     0  llshl.o(.text)
    __aeabi_llsr                             0x080094fd   Thumb Code    32  llushr.o(.text)
    _ll_ushift_r                             0x080094fd   Thumb Code     0  llushr.o(.text)
    __aeabi_lasr                             0x0800951d   Thumb Code    36  llsshr.o(.text)
    _ll_sshift_r                             0x0800951d   Thumb Code     0  llsshr.o(.text)
    __I$use$fp                               0x08009541   Thumb Code     0  iusefp.o(.text)
    _float_round                             0x08009541   Thumb Code    18  fepilogue.o(.text)
    _float_epilogue                          0x08009553   Thumb Code    92  fepilogue.o(.text)
    _double_round                            0x080095af   Thumb Code    30  depilogue.o(.text)
    _double_epilogue                         0x080095cd   Thumb Code   156  depilogue.o(.text)
    __ARM_scalbn                             0x08009669   Thumb Code    46  dscalb.o(.text)
    scalbn                                   0x08009669   Thumb Code     0  dscalb.o(.text)
    __aeabi_d2ulz                            0x08009697   Thumb Code    48  dfixul.o(.text)
    __aeabi_cdrcmple                         0x080096c9   Thumb Code    48  cdrcmple.o(.text)
    __scatterload                            0x080096f9   Thumb Code    28  init.o(.text)
    __scatterload_rt2                        0x080096f9   Thumb Code     0  init.o(.text)
    _dsqrt                                   0x0800971d   Thumb Code   162  dsqrt.o(.text)
    __decompress                             0x080097bf   Thumb Code     0  __dczerorl2.o(.text)
    __decompress1                            0x080097bf   Thumb Code    86  __dczerorl2.o(.text)
    __0printf                                0x08009815   Thumb Code    22  printfa.o(i.__0printf)
    __1printf                                0x08009815   Thumb Code     0  printfa.o(i.__0printf)
    __2printf                                0x08009815   Thumb Code     0  printfa.o(i.__0printf)
    __c89printf                              0x08009815   Thumb Code     0  printfa.o(i.__0printf)
    printf                                   0x08009815   Thumb Code     0  printfa.o(i.__0printf)
    __0sprintf                               0x08009835   Thumb Code    34  printfa.o(i.__0sprintf)
    __1sprintf                               0x08009835   Thumb Code     0  printfa.o(i.__0sprintf)
    __2sprintf                               0x08009835   Thumb Code     0  printfa.o(i.__0sprintf)
    __c89sprintf                             0x08009835   Thumb Code     0  printfa.o(i.__0sprintf)
    sprintf                                  0x08009835   Thumb Code     0  printfa.o(i.__0sprintf)
    __ARM_fpclassify                         0x0800985d   Thumb Code    40  fpclassify.o(i.__ARM_fpclassify)
    __kernel_poly                            0x08009885   Thumb Code   170  poly.o(i.__kernel_poly)
    __mathlib_dbl_infnan                     0x0800992f   Thumb Code     6  dunder.o(i.__mathlib_dbl_infnan)
    __mathlib_dbl_infnan2                    0x08009935   Thumb Code     4  dunder.o(i.__mathlib_dbl_infnan2)
    __mathlib_dbl_invalid                    0x08009939   Thumb Code    12  dunder.o(i.__mathlib_dbl_invalid)
    __mathlib_dbl_underflow                  0x08009945   Thumb Code    10  dunder.o(i.__mathlib_dbl_underflow)
    __scatterload_copy                       0x08009955   Thumb Code    14  handlers.o(i.__scatterload_copy)
    __scatterload_null                       0x08009963   Thumb Code     2  handlers.o(i.__scatterload_null)
    __scatterload_zeroinit                   0x08009965   Thumb Code    14  handlers.o(i.__scatterload_zeroinit)
    __set_errno                              0x08009975   Thumb Code     6  errno.o(i.__set_errno)
    asin                                     0x0800a23d   Thumb Code   572  asin.o(i.asin)
    atan                                     0x0800a4ad   Thumb Code   474  atan.o(i.atan)
    atan2                                    0x0800a6cd   Thumb Code   346  atan2.o(i.atan2)
    sqrt                                     0x0800a84d   Thumb Code    76  sqrt.o(i.sqrt)
    F6x8                                     0x0800a898   Data         552  oled.o(.constdata)
    F8X16                                    0x0800aac0   Data        1520  oled.o(.constdata)
    reg                                      0x0800b0b0   Data          27  inv_mpu.o(.constdata)
    hw                                       0x0800b0cc   Data          12  inv_mpu.o(.constdata)
    test                                     0x0800b0d8   Data          40  inv_mpu.o(.constdata)
    __mathlib_zero                           0x0800bde0   Data           8  qnan.o(.constdata)
    Region$$Table$$Base                      0x0800be38   Number         0  anon$$obj.o(Region$$Table)
    Region$$Table$$Limit                     0x0800be58   Number         0  anon$$obj.o(Region$$Table)
    Voltage                                  0x20000000   Data           4  main.o(.data)
    pitch                                    0x20000004   Data           4  main.o(.data)
    roll                                     0x20000008   Data           4  main.o(.data)
    yaw                                      0x2000000c   Data           4  main.o(.data)
    aacx                                     0x20000010   Data           4  main.o(.data)
    aacy                                     0x20000014   Data           4  main.o(.data)
    aacz                                     0x20000018   Data           4  main.o(.data)
    gyrox                                    0x2000001c   Data           2  main.o(.data)
    gyroy                                    0x2000001e   Data           2  main.o(.data)
    gyroz                                    0x20000020   Data           2  main.o(.data)
    SR04_Distance                            0x20000024   Data           4  main.o(.data)
    Encoder_Left                             0x20000028   Data           4  main.o(.data)
    Encoder_Right                            0x2000002c   Data           4  main.o(.data)
    Moto1                                    0x20000030   Data           4  main.o(.data)
    Moto2                                    0x20000034   Data           4  main.o(.data)
    Velocity                                 0x20000038   Data           4  main.o(.data)
    Turn                                     0x2000003c   Data           4  main.o(.data)
    Mode                                     0x20000040   Data           1  main.o(.data)
    Uart_Receive                             0x20000044   Data           4  main.o(.data)
    key                                      0x20000048   Data           1  main.o(.data)
    TkSensor                                 0x20000049   Data           1  main.o(.data)
    buffer                                   0x2000004a   Data         200  main.o(.data)
    buf_size                                 0x20000114   Data           4  main.o(.data)
    SystemCoreClock                          0x20000118   Data           4  system_stm32f10x.o(.data)
    AHBPrescTable                            0x2000011c   Data          16  system_stm32f10x.o(.data)
    __stdout                                 0x20000130   Data           4  usart.o(.data)
    USART_RX_STA                             0x20000134   Data           1  usart.o(.data)
    start_time                               0x20000138   Data           4  usart.o(.data)
    end_time                                 0x2000013c   Data           4  usart.o(.data)
    USART3_RX_STA                            0x20000140   Data           1  usart.o(.data)
    Balance_Pwm                              0x2000014c   Data           4  control.o(.data)
    Velocity_Pwm                             0x20000150   Data           4  control.o(.data)
    Turn_Pwm                                 0x20000154   Data           4  control.o(.data)
    Turn_Kp                                  0x20000158   Data           4  control.o(.data)
    oled_v_pwm                               0x2000015c   Data           4  control.o(.data)
    oled_up_pwm                              0x20000160   Data           4  control.o(.data)
    oled_turn_pwm                            0x20000164   Data           4  control.o(.data)
    Mechanical_angle                         0x20000168   Data           4  control.o(.data)
    Target_Speed                             0x2000016c   Data           4  control.o(.data)
    Turn_Speed                               0x20000170   Data           4  control.o(.data)
    Target_Yaw                               0x20000174   Data           4  control.o(.data)
    balance_UP_KP                            0x20000178   Data           4  control.o(.data)
    balance_UP_KD                            0x2000017c   Data           4  control.o(.data)
    velocity_KP                              0x20000180   Data           4  control.o(.data)
    velocity_KI                              0x20000184   Data           4  control.o(.data)
    velocity_KD                              0x20000188   Data           4  control.o(.data)
    Turn_Kd                                  0x2000018c   Data           4  control.o(.data)
    Turn_KP                                  0x20000190   Data           4  control.o(.data)
    Turn_KI                                  0x20000194   Data           4  control.o(.data)
    SR04_Counter                             0x20000198   Data           1  control.o(.data)
    Voltage_Counter                          0x20000199   Data           1  control.o(.data)
    get_aacx                                 0x2000019a   Data           2  control.o(.data)
    get_aacy                                 0x2000019c   Data           2  control.o(.data)
    get_aacz                                 0x2000019e   Data           2  control.o(.data)
    n_cnt                                    0x200001a0   Data           4  control.o(.data)
    i                                        0x200001a4   Data           1  control.o(.data)
    filt_velocity                            0x200001a8   Data           4  control.o(.data)
    last_filt_velocity                       0x200001ac   Data           4  control.o(.data)
    velocity_sum                             0x200001b0   Data           4  control.o(.data)
    roll_raw                                 0x200001b4   Data           4  control.o(.data)
    pitch_raw                                0x200001b8   Data           4  control.o(.data)
    roll_kal                                 0x200001bc   Data           4  control.o(.data)
    bias                                     0x200001c0   Data           4  control.o(.data)
    Q_angle                                  0x200001c4   Data           4  control.o(.data)
    Q_bias                                   0x200001c8   Data           4  control.o(.data)
    dt                                       0x200001cc   Data           4  control.o(.data)
    K_0                                      0x200001d0   Data           4  control.o(.data)
    K_1                                      0x200001d4   Data           4  control.o(.data)
    R_angle                                  0x200001d8   Data           4  control.o(.data)
    R_gyro                                   0x200001dc   Data           4  control.o(.data)
    Fore                                     0x20000239   Data           1  usart2.o(.data)
    Back                                     0x2000023a   Data           1  usart2.o(.data)
    Left                                     0x2000023b   Data           1  usart2.o(.data)
    Right                                    0x2000023c   Data           1  usart2.o(.data)
    witchbuf                                 0x2000023d   Data           1  usart2.o(.data)
    USART2_TX_FLAG                           0x2000023e   Data           1  usart2.o(.data)
    USART2_RX_FLAG                           0x2000023f   Data           1  usart2.o(.data)
    USART2_RX_LEN                            0x20000240   Data           1  usart2.o(.data)
    USART_RX_BUF                             0x2000025c   Data         200  usart.o(.bss)
    USART3_RX_BUF                            0x20000324   Data         200  usart.o(.bss)
    USART2_TX_BUF                            0x200003fc   Data         200  usart2.o(.bss)
    u1rxbuf                                  0x200004c4   Data         200  usart2.o(.bss)
    u2rxbuf                                  0x2000058c   Data         200  usart2.o(.bss)
    DataScope_OutPut_Buffer                  0x20000654   Data          42  datascope_dp.o(.bss)
    __initial_sp                             0x20000a80   Data           0  startup_stm32f10x_md.o(STACK)



==============================================================================

Memory Map of the image

  Image Entry point : 0x080000ed

  Load Region LR_IROM1 (Base: 0x08000000, Size: 0x0000c0b4, Max: 0x00010000, ABSOLUTE, COMPRESSED[0x0000bedc])

    Execution Region ER_IROM1 (Base: 0x08000000, Size: 0x0000be58, Max: 0x00010000, ABSOLUTE)

    Base Addr    Size         Type   Attr      Idx    E Section Name        Object

    0x08000000   0x000000ec   Data   RO          613    RESET               startup_stm32f10x_md.o
    0x080000ec   0x00000000   Code   RO          904  * .ARM.Collect$$$$00000000  mc_w.l(entry.o)
    0x080000ec   0x00000004   Code   RO         1257    .ARM.Collect$$$$00000001  mc_w.l(entry2.o)
    0x080000f0   0x00000004   Code   RO         1260    .ARM.Collect$$$$00000004  mc_w.l(entry5.o)
    0x080000f4   0x00000000   Code   RO         1262    .ARM.Collect$$$$00000008  mc_w.l(entry7b.o)
    0x080000f4   0x00000000   Code   RO         1264    .ARM.Collect$$$$0000000A  mc_w.l(entry8b.o)
    0x080000f4   0x00000008   Code   RO         1265    .ARM.Collect$$$$0000000B  mc_w.l(entry9a.o)
    0x080000fc   0x00000000   Code   RO         1267    .ARM.Collect$$$$0000000D  mc_w.l(entry10a.o)
    0x080000fc   0x00000000   Code   RO         1269    .ARM.Collect$$$$0000000F  mc_w.l(entry11a.o)
    0x080000fc   0x00000004   Code   RO         1258    .ARM.Collect$$$$00002712  mc_w.l(entry2.o)
    0x08000100   0x000000f8   Code   RO            1    .text               main.o
    0x080001f8   0x0000001a   Code   RO          185    .text               stm32f10x_it.o
    0x08000212   0x00000002   PAD
    0x08000214   0x000001e0   Code   RO          226    .text               system_stm32f10x.o
    0x080003f4   0x000000d4   Code   RO          244    .text               delay.o
    0x080004c8   0x00000098   Code   RO          262    .text               sys.o
    0x08000560   0x00000258   Code   RO          274    .text               usart.o
    0x080007b8   0x00000064   Code   RO          297    .text               led.o
    0x0800081c   0x00000050   Code   RO          310    .text               key.o
    0x0800086c   0x00000050   Code   RO          323    .text               exti.o
    0x080008bc   0x000015a4   Code   RO          338    .text               control.o
    0x08001e60   0x00000170   Code   RO          358    .text               encoder.o
    0x08001fd0   0x00000164   Code   RO          370    .text               motor.o
    0x08002134   0x000000b0   Code   RO          382    .text               pwm.o
    0x080021e4   0x00000104   Code   RO          394    .text               adc.o
    0x080022e8   0x00000d54   Code   RO          406    .text               oled.o
    0x0800303c   0x00000368   Code   RO          435    .text               mpu6050.o
    0x080033a4   0x00000244   Code   RO          447    .text               mpuiic.o
    0x080035e8   0x00002288   Code   RO          459    .text               inv_mpu.o
    0x08005870   0x00000d70   Code   RO          493    .text               inv_mpu_dmp_motion_driver.o
    0x080065e0   0x0000027c   Code   RO          514    .text               usart2.o
    0x0800685c   0x00000048   Code   RO          537    .text               usb_plugin.o
    0x080068a4   0x0000015c   Code   RO          552    .text               sr04.o
    0x08006a00   0x00000154   Code   RO          564    .text               datascope_dp.o
    0x08006b54   0x00000024   Code   RO          614    .text               startup_stm32f10x_md.o
    0x08006b78   0x000000dc   Code   RO          618    .text               misc.o
    0x08006c54   0x0000044e   Code   RO          630    .text               stm32f10x_adc.o
    0x080070a2   0x00000002   PAD
    0x080070a4   0x0000011c   Code   RO          702    .text               stm32f10x_exti.o
    0x080071c0   0x0000035c   Code   RO          726    .text               stm32f10x_gpio.o
    0x0800751c   0x000003a4   Code   RO          774    .text               stm32f10x_rcc.o
    0x080078c0   0x00000e1a   Code   RO          812    .text               stm32f10x_tim.o
    0x080086da   0x00000002   PAD
    0x080086dc   0x00000408   Code   RO          824    .text               stm32f10x_usart.o
    0x08008ae4   0x00000254   Code   RO          848    .text               stm32f10x_dma.o
    0x08008d38   0x00000062   Code   RO          907    .text               mc_w.l(ldiv.o)
    0x08008d9a   0x00000024   Code   RO          911    .text               mc_w.l(memseta.o)
    0x08008dbe   0x0000001a   Code   RO          913    .text               mc_w.l(memcmp.o)
    0x08008dd8   0x000000b0   Code   RO         1178    .text               mf_w.l(fadd.o)
    0x08008e88   0x00000064   Code   RO         1180    .text               mf_w.l(fmul.o)
    0x08008eec   0x0000007c   Code   RO         1182    .text               mf_w.l(fdiv.o)
    0x08008f68   0x0000014e   Code   RO         1184    .text               mf_w.l(dadd.o)
    0x080090b6   0x000000e4   Code   RO         1186    .text               mf_w.l(dmul.o)
    0x0800919a   0x000000de   Code   RO         1188    .text               mf_w.l(ddiv.o)
    0x08009278   0x00000012   Code   RO         1190    .text               mf_w.l(fflti.o)
    0x0800928a   0x0000000a   Code   RO         1192    .text               mf_w.l(ffltui.o)
    0x08009294   0x00000022   Code   RO         1194    .text               mf_w.l(dflti.o)
    0x080092b6   0x0000001a   Code   RO         1196    .text               mf_w.l(dfltui.o)
    0x080092d0   0x00000032   Code   RO         1198    .text               mf_w.l(ffixi.o)
    0x08009302   0x00000028   Code   RO         1200    .text               mf_w.l(ffixui.o)
    0x0800932a   0x0000003e   Code   RO         1202    .text               mf_w.l(dfixi.o)
    0x08009368   0x00000032   Code   RO         1204    .text               mf_w.l(dfixui.o)
    0x0800939a   0x00000026   Code   RO         1206    .text               mf_w.l(f2d.o)
    0x080093c0   0x00000030   Code   RO         1208    .text               mf_w.l(cdcmple.o)
    0x080093f0   0x00000038   Code   RO         1210    .text               mf_w.l(d2f.o)
    0x08009428   0x00000014   Code   RO         1212    .text               mf_w.l(cfcmple.o)
    0x0800943c   0x00000014   Code   RO         1214    .text               mf_w.l(cfrcmple.o)
    0x08009450   0x0000002c   Code   RO         1271    .text               mc_w.l(uidiv.o)
    0x0800947c   0x00000062   Code   RO         1273    .text               mc_w.l(uldiv.o)
    0x080094de   0x0000001e   Code   RO         1275    .text               mc_w.l(llshl.o)
    0x080094fc   0x00000020   Code   RO         1277    .text               mc_w.l(llushr.o)
    0x0800951c   0x00000024   Code   RO         1279    .text               mc_w.l(llsshr.o)
    0x08009540   0x00000000   Code   RO         1288    .text               mc_w.l(iusefp.o)
    0x08009540   0x0000006e   Code   RO         1289    .text               mf_w.l(fepilogue.o)
    0x080095ae   0x000000ba   Code   RO         1291    .text               mf_w.l(depilogue.o)
    0x08009668   0x0000002e   Code   RO         1293    .text               mf_w.l(dscalb.o)
    0x08009696   0x00000030   Code   RO         1295    .text               mf_w.l(dfixul.o)
    0x080096c6   0x00000002   PAD
    0x080096c8   0x00000030   Code   RO         1297    .text               mf_w.l(cdrcmple.o)
    0x080096f8   0x00000024   Code   RO         1299    .text               mc_w.l(init.o)
    0x0800971c   0x000000a2   Code   RO         1301    .text               mf_w.l(dsqrt.o)
    0x080097be   0x00000056   Code   RO         1311    .text               mc_w.l(__dczerorl2.o)
    0x08009814   0x00000020   Code   RO         1150    i.__0printf         mc_w.l(printfa.o)
    0x08009834   0x00000028   Code   RO         1152    i.__0sprintf        mc_w.l(printfa.o)
    0x0800985c   0x00000028   Code   RO         1233    i.__ARM_fpclassify  m_ws.l(fpclassify.o)
    0x08009884   0x000000aa   Code   RO         1235    i.__kernel_poly     m_ws.l(poly.o)
    0x0800992e   0x00000006   Code   RO         1220    i.__mathlib_dbl_infnan  m_ws.l(dunder.o)
    0x08009934   0x00000004   Code   RO         1221    i.__mathlib_dbl_infnan2  m_ws.l(dunder.o)
    0x08009938   0x0000000c   Code   RO         1222    i.__mathlib_dbl_invalid  m_ws.l(dunder.o)
    0x08009944   0x00000010   Code   RO         1225    i.__mathlib_dbl_underflow  m_ws.l(dunder.o)
    0x08009954   0x0000000e   Code   RO         1305    i.__scatterload_copy  mc_w.l(handlers.o)
    0x08009962   0x00000002   Code   RO         1306    i.__scatterload_null  mc_w.l(handlers.o)
    0x08009964   0x0000000e   Code   RO         1307    i.__scatterload_zeroinit  mc_w.l(handlers.o)
    0x08009972   0x00000002   PAD
    0x08009974   0x0000000c   Code   RO         1283    i.__set_errno       mc_w.l(errno.o)
    0x08009980   0x00000184   Code   RO         1157    i._fp_digits        mc_w.l(printfa.o)
    0x08009b04   0x000006dc   Code   RO         1158    i._printf_core      mc_w.l(printfa.o)
    0x0800a1e0   0x00000024   Code   RO         1159    i._printf_post_padding  mc_w.l(printfa.o)
    0x0800a204   0x0000002e   Code   RO         1160    i._printf_pre_padding  mc_w.l(printfa.o)
    0x0800a232   0x0000000a   Code   RO         1162    i._sputc            mc_w.l(printfa.o)
    0x0800a23c   0x00000270   Code   RO          861    i.asin              m_ws.l(asin.o)
    0x0800a4ac   0x00000220   Code   RO          871    i.atan              m_ws.l(atan.o)
    0x0800a6cc   0x00000180   Code   RO          881    i.atan2             m_ws.l(atan2.o)
    0x0800a84c   0x0000004c   Code   RO         1250    i.sqrt              m_ws.l(sqrt.o)
    0x0800a898   0x00000818   Data   RO          407    .constdata          oled.o
    0x0800b0b0   0x00000050   Data   RO          460    .constdata          inv_mpu.o
    0x0800b100   0x00000bf6   Data   RO          495    .constdata          inv_mpu_dmp_motion_driver.o
    0x0800bcf6   0x00000002   PAD
    0x0800bcf8   0x00000050   Data   RO          862    .constdata          m_ws.l(asin.o)
    0x0800bd48   0x00000098   Data   RO          872    .constdata          m_ws.l(atan.o)
    0x0800bde0   0x00000008   Data   RO         1237    .constdata          m_ws.l(qnan.o)
    0x0800bde8   0x0000004d   Data   RO          461    .conststring        inv_mpu.o
    0x0800be35   0x00000003   PAD
    0x0800be38   0x00000020   Data   RO         1303    Region$$Table       anon$$obj.o


    Execution Region RW_IRAM1 (Base: 0x20000000, Size: 0x00000a80, Max: 0x00005000, ABSOLUTE, COMPRESSED[0x00000084])

    Base Addr    Size         Type   Attr      Idx    E Section Name        Object

    0x20000000   0x00000118   Data   RW            2    .data               main.o
    0x20000118   0x00000014   Data   RW          227    .data               system_stm32f10x.o
    0x2000012c   0x00000004   Data   RW          245    .data               delay.o
    0x20000130   0x00000011   Data   RW          276    .data               usart.o
    0x20000141   0x00000003   PAD
    0x20000144   0x00000004   Data   RW          298    .data               led.o
    0x20000148   0x00000001   Data   RW          311    .data               key.o
    0x20000149   0x00000003   PAD
    0x2000014c   0x000000b8   Data   RW          340    .data               control.o
    0x20000204   0x00000035   Data   RW          462    .data               inv_mpu.o
    0x20000239   0x00000008   Data   RW          516    .data               usart2.o
    0x20000241   0x00000014   Data   RW          775    .data               stm32f10x_rcc.o
    0x20000255   0x00000003   PAD
    0x20000258   0x00000004   Data   RW         1284    .data               mc_w.l(errno.o)
    0x2000025c   0x00000190   Zero   RW          275    .bss                usart.o
    0x200003ec   0x00000010   Zero   RW          494    .bss                inv_mpu_dmp_motion_driver.o
    0x200003fc   0x00000258   Zero   RW          515    .bss                usart2.o
    0x20000654   0x0000002a   Zero   RW          565    .bss                datascope_dp.o
    0x2000067e   0x00000002   PAD
    0x20000680   0x00000400   Zero   RW          611    STACK               startup_stm32f10x_md.o


==============================================================================

Image component sizes


      Code (inc. data)   RO Data    RW Data    ZI Data      Debug   Object Name

       260         20          0          0          0       1040   adc.o
      5540        708          0        184          0       6042   control.o
         0          0          0          0          0         32   core_cm3.o
       340         30          0          0         42       2174   datascope_dp.o
       212         18          0          4          0       1151   delay.o
       368         10          0          0          0       1295   encoder.o
        80          4          0          0          0        612   exti.o
      8840        198        157         53          0      24165   inv_mpu.o
      3440        126       3062          0         16      15599   inv_mpu_dmp_motion_driver.o
        80         14          0          1          0        768   key.o
       100         16          0          4          0        757   led.o
       248         18          0        280          0     274965   main.o
       220         22          0          0          0       1905   misc.o
       356         40          0          0          0       1439   motor.o
       872         18          0          0          0       4491   mpu6050.o
       580         14          0          0          0       2114   mpuiic.o
      3412        168       2072          0          0       9810   oled.o
       176          8          0          0          0        808   pwm.o
       348         26          0          0          0       1328   sr04.o
        36          8        236          0       1024        824   startup_stm32f10x_md.o
      1102         26          0          0          0      11149   stm32f10x_adc.o
       596          8          0          0          0       4470   stm32f10x_dma.o
       284         10          0          0          0       2363   stm32f10x_exti.o
       860         38          0          0          0       5841   stm32f10x_gpio.o
        26          0          0          0          0       1242   stm32f10x_it.o
       932         36          0         20          0       9076   stm32f10x_rcc.o
      3610         88          0          0          0      22948   stm32f10x_tim.o
      1032         22          0          0          0       8564   stm32f10x_usart.o
       152          0          0          0          0        637   sys.o
       480         38          0         20          0       1899   system_stm32f10x.o
       600         44          0         17        400       4000   usart.o
       636         38          0          8        600       2809   usart2.o
        72         16          0          0          0        730   usb_plugin.o

    ----------------------------------------------------------------------
     35896       1830       5564        600       2084     427047   Object Totals
         0          0         32          0          0          0   (incl. Generated)
         6          0          5          9          2          0   (incl. Padding)

    ----------------------------------------------------------------------

      Code (inc. data)   RO Data    RW Data    ZI Data      Debug   Library Member Name

       624         52         80          0          0        168   asin.o
       544         70        152          0          0        124   atan.o
       384         38          0          0          0        144   atan2.o
        38          6          0          0          0        272   dunder.o
        40          0          0          0          0         68   fpclassify.o
       170          0          0          0          0         96   poly.o
         0          0          8          0          0          0   qnan.o
        76          0          0          0          0         84   sqrt.o
        86          0          0          0          0          0   __dczerorl2.o
         0          0          0          0          0          0   entry.o
         0          0          0          0          0          0   entry10a.o
         0          0          0          0          0          0   entry11a.o
         8          4          0          0          0          0   entry2.o
         4          0          0          0          0          0   entry5.o
         0          0          0          0          0          0   entry7b.o
         0          0          0          0          0          0   entry8b.o
         8          4          0          0          0          0   entry9a.o
        12          6          0          4          0         68   errno.o
        30          0          0          0          0          0   handlers.o
        36          8          0          0          0         68   init.o
         0          0          0          0          0          0   iusefp.o
        98          0          0          0          0         84   ldiv.o
        30          0          0          0          0         68   llshl.o
        36          0          0          0          0         68   llsshr.o
        32          0          0          0          0         68   llushr.o
        26          0          0          0          0         80   memcmp.o
        36          0          0          0          0        108   memseta.o
      2308         96          0          0          0        604   printfa.o
        44          0          0          0          0         80   uidiv.o
        98          0          0          0          0         92   uldiv.o
        48          0          0          0          0         68   cdcmple.o
        48          0          0          0          0         68   cdrcmple.o
        20          0          0          0          0         68   cfcmple.o
        20          0          0          0          0         68   cfrcmple.o
        56          0          0          0          0         88   d2f.o
       334          0          0          0          0        148   dadd.o
       222          0          0          0          0        100   ddiv.o
       186          0          0          0          0        176   depilogue.o
        62          0          0          0          0         80   dfixi.o
        50          0          0          0          0         76   dfixui.o
        48          0          0          0          0         68   dfixul.o
        34          0          0          0          0         76   dflti.o
        26          0          0          0          0         76   dfltui.o
       228          0          0          0          0         96   dmul.o
        46          0          0          0          0         80   dscalb.o
       162          0          0          0          0        100   dsqrt.o
        38          0          0          0          0         68   f2d.o
       176          0          0          0          0        140   fadd.o
       124          0          0          0          0         88   fdiv.o
       110          0          0          0          0        168   fepilogue.o
        50          0          0          0          0         68   ffixi.o
        40          0          0          0          0         68   ffixui.o
        18          0          0          0          0         68   fflti.o
        10          0          0          0          0         68   ffltui.o
       100          0          0          0          0         76   fmul.o

    ----------------------------------------------------------------------
      7028        284        240          4          0       4592   Library Totals
         4          0          0          0          0          0   (incl. Padding)

    ----------------------------------------------------------------------

      Code (inc. data)   RO Data    RW Data    ZI Data      Debug   Library Name

      1876        166        240          0          0        956   m_ws.l
      2892        118          0          4          0       1388   mc_w.l
      2256          0          0          0          0       2248   mf_w.l

    ----------------------------------------------------------------------
      7028        284        240          4          0       4592   Library Totals

    ----------------------------------------------------------------------

==============================================================================


      Code (inc. data)   RO Data    RW Data    ZI Data      Debug   

     42924       2114       5804        604       2084     426411   Grand Totals
     42924       2114       5804        132       2084     426411   ELF Image Totals (compressed)
     42924       2114       5804        132          0          0   ROM Totals

==============================================================================

    Total RO  Size (Code + RO Data)                48728 (  47.59kB)
    Total RW  Size (RW Data + ZI Data)              2688 (   2.63kB)
    Total ROM Size (Code + RO Data + RW Data)      48860 (  47.71kB)

==============================================================================

