Component: ARM Compiler 5.06 update 3 (build 300) Tool: armlink [4d35c9]

==============================================================================

Section Cross References

    main.o(.text) refers to led.o(.text) for LED_Init
    main.o(.text) refers to usb_plugin.o(.text) for PlugIn_Init
    main.o(.text) refers to key.o(.text) for KEY_Init
    main.o(.text) refers to delay.o(.text) for delay_init
    main.o(.text) refers to ax_uart_db.o(.text) for AX_UART_DB_Init
    main.o(.text) refers to usart2.o(.text) for uart2_init
    main.o(.text) refers to sys.o(.text) for NVIC_Configuration
    main.o(.text) refers to adc.o(.text) for Adc_Init
    main.o(.text) refers to sr04.o(.text) for SR04_Configuration
    main.o(.text) refers to encoder.o(.text) for Encoder_Init_TIM2
    main.o(.text) refers to oled.o(.text) for OLED_Init
    main.o(.text) refers to mpu6050.o(.text) for MPU_Init
    main.o(.text) refers to inv_mpu.o(.text) for mpu_dmp_init
    main.o(.text) refers to pwm.o(.text) for TIM1_PWM_Init
    main.o(.text) refers to motor.o(.text) for Motor_Init
    main.o(.text) refers to exti.o(.text) for MPU6050_EXTI_Init
    main.o(.text) refers to stm32f10x_rcc.o(.text) for RCC_APB2PeriphClockCmd
    main.o(.text) refers to stm32f10x_gpio.o(.text) for GPIO_Init
    system_stm32f10x.o(.text) refers to system_stm32f10x.o(.data) for SystemCoreClock
    delay.o(.text) refers to misc.o(.text) for SysTick_CLKSourceConfig
    delay.o(.text) refers to system_stm32f10x.o(.data) for SystemCoreClock
    delay.o(.text) refers to delay.o(.data) for fac_us
    sys.o(.text) refers to misc.o(.text) for NVIC_PriorityGroupConfig
    ax_uart_db.o(.text) refers to stm32f10x_rcc.o(.text) for RCC_APB2PeriphClockCmd
    ax_uart_db.o(.text) refers to stm32f10x_gpio.o(.text) for GPIO_Init
    ax_uart_db.o(.text) refers to stm32f10x_usart.o(.text) for USART_Init
    ax_uart_db.o(.text) refers to misc.o(.text) for NVIC_Init
    ax_uart_db.o(.text) refers to ax_uart_db.o(.data) for uart_db_rx_con
    ax_uart_db.o(.text) refers to ax_uart_db.o(.bss) for uart_db_rx_buf
    led.o(.text) refers to stm32f10x_rcc.o(.text) for RCC_APB2PeriphClockCmd
    led.o(.text) refers to stm32f10x_gpio.o(.text) for GPIO_Init
    led.o(.text) refers to led.o(.data) for temp
    key.o(.text) refers to stm32f10x_rcc.o(.text) for RCC_APB2PeriphClockCmd
    key.o(.text) refers to stm32f10x_gpio.o(.text) for GPIO_Init
    key.o(.text) refers to key.o(.data) for flag_key
    exti.o(.text) refers to stm32f10x_rcc.o(.text) for RCC_APB2PeriphClockCmd
    exti.o(.text) refers to stm32f10x_gpio.o(.text) for GPIO_Init
    exti.o(.text) refers to stm32f10x_exti.o(.text) for EXTI_Init
    exti.o(.text) refers to misc.o(.text) for NVIC_Init
    control.o(.text) refers to ax_uart_db.o(.text) for AX_UART_DB_GetData
    control.o(.text) refers to fflti.o(.text) for __aeabi_i2f
    control.o(.text) refers to printf8.o(i.__0printf$8) for __2printf
    control.o(.text) refers to delay.o(.text) for delay_ms
    control.o(.text) refers to fmul.o(.text) for __aeabi_fmul
    control.o(.text) refers to fadd.o(.text) for __aeabi_fadd
    control.o(.text) refers to ffixi.o(.text) for __aeabi_f2iz
    control.o(.text) refers to f2d.o(.text) for __aeabi_f2d
    control.o(.text) refers to dmul.o(.text) for __aeabi_dmul
    control.o(.text) refers to d2f.o(.text) for __aeabi_d2f
    control.o(.text) refers to dadd.o(.text) for __aeabi_dadd
    control.o(.text) refers to cfrcmple.o(.text) for __aeabi_cfrcmple
    control.o(.text) refers to cfcmple.o(.text) for __aeabi_cfcmple
    control.o(.text) refers to inv_mpu.o(.text) for mpu_dmp_get_data
    control.o(.text) refers to mpu6050.o(.text) for MPU_Get_Gyroscope
    control.o(.text) refers to encoder.o(.text) for Read_Encoder
    control.o(.text) refers to adc.o(.text) for Get_battery_volt
    control.o(.text) refers to sr04.o(.text) for SR04_StartMeasure
    control.o(.text) refers to control.o(.bss) for rec_data
    control.o(.text) refers to control.o(.data) for Q_angle
    control.o(.text) refers to main.o(.data) for Encoder_Left
    control.o(.text) refers to usart2.o(.data) for Fore
    control.o(.text) refers to motor.o(.text) for Xianfu_Pwm
    control.o(.text) refers to ddiv.o(.text) for __aeabi_ddiv
    control.o(.text) refers to fdiv.o(.text) for __aeabi_fdiv
    control.o(.text) refers to atan.o(i.atan) for atan
    control.o(.text) refers to datascope_dp.o(.text) for DataScope_Get_Channel_Data
    control.o(.text) refers to datascope_dp.o(.bss) for DataScope_OutPut_Buffer
    encoder.o(.text) refers to stm32f10x_rcc.o(.text) for RCC_APB1PeriphClockCmd
    encoder.o(.text) refers to stm32f10x_gpio.o(.text) for GPIO_Init
    encoder.o(.text) refers to stm32f10x_tim.o(.text) for TIM_TimeBaseStructInit
    motor.o(.text) refers to stm32f10x_rcc.o(.text) for RCC_APB2PeriphClockCmd
[...]
    TI2_Config                               0x0800733b   Thumb Code   130  stm32f10x_tim.o(.text)
    TI1_Config                               0x080073cf   Thumb Code   108  stm32f10x_tim.o(.text)
    .text                                    0x08007b88   Section        0  stm32f10x_usart.o(.text)
    .text                                    0x08007f90   Section        0  ldiv.o(.text)
    .text                                    0x08007ff2   Section        0  memseta.o(.text)
    .text                                    0x08008016   Section        0  strlen.o(.text)
    .text                                    0x08008024   Section        0  memcmp.o(.text)
    .text                                    0x0800803e   Section        0  fadd.o(.text)
    .text                                    0x080080ee   Section        0  fmul.o(.text)
    .text                                    0x08008152   Section        0  fdiv.o(.text)
    .text                                    0x080081ce   Section        0  dadd.o(.text)
    .text                                    0x0800831c   Section        0  dmul.o(.text)
    .text                                    0x08008400   Section        0  ddiv.o(.text)
    .text                                    0x080084de   Section        0  fflti.o(.text)
    .text                                    0x080084f0   Section        0  ffltui.o(.text)
    .text                                    0x080084fa   Section        0  dflti.o(.text)
    .text                                    0x0800851c   Section        0  dfltui.o(.text)
    .text                                    0x08008536   Section        0  ffixi.o(.text)
    .text                                    0x08008568   Section        0  ffixui.o(.text)
    .text                                    0x08008590   Section        0  dfixi.o(.text)
    .text                                    0x080085ce   Section        0  dfixui.o(.text)
    .text                                    0x08008600   Section        0  f2d.o(.text)
    .text                                    0x08008628   Section       48  cdcmple.o(.text)
    .text                                    0x08008658   Section        0  d2f.o(.text)
    .text                                    0x08008690   Section       20  cfcmple.o(.text)
    .text                                    0x080086a4   Section       20  cfrcmple.o(.text)
    .text                                    0x080086b8   Section        0  uldiv.o(.text)
    .text                                    0x0800871a   Section        0  llshl.o(.text)
    .text                                    0x08008738   Section        0  llushr.o(.text)
    .text                                    0x08008758   Section        0  llsshr.o(.text)
    .text                                    0x0800877c   Section        0  iusefp.o(.text)
    .text                                    0x0800877c   Section        0  fepilogue.o(.text)
    .text                                    0x080087ea   Section        0  depilogue.o(.text)
    .text                                    0x080088a4   Section        0  dscalb.o(.text)
    .text                                    0x080088d4   Section       36  init.o(.text)
    .text                                    0x080088f8   Section        0  dsqrt.o(.text)
    .text                                    0x0800899a   Section        0  __dczerorl2.o(.text)
    i.__0printf$8                            0x080089f0   Section        0  printf8.o(i.__0printf$8)
    i.__ARM_fpclassify                       0x08008a10   Section        0  fpclassify.o(i.__ARM_fpclassify)
    i.__kernel_poly                          0x08008a38   Section        0  poly.o(i.__kernel_poly)
    i.__mathlib_dbl_infnan                   0x08008ae2   Section        0  dunder.o(i.__mathlib_dbl_infnan)
    i.__mathlib_dbl_infnan2                  0x08008ae8   Section        0  dunder.o(i.__mathlib_dbl_infnan2)
    i.__mathlib_dbl_invalid                  0x08008aec   Section        0  dunder.o(i.__mathlib_dbl_invalid)
    i.__mathlib_dbl_underflow                0x08008af8   Section        0  dunder.o(i.__mathlib_dbl_underflow)
    i.__scatterload_copy                     0x08008b08   Section       14  handlers.o(i.__scatterload_copy)
    i.__scatterload_null                     0x08008b16   Section        2  handlers.o(i.__scatterload_null)
    i.__scatterload_zeroinit                 0x08008b18   Section       14  handlers.o(i.__scatterload_zeroinit)
    i.__set_errno                            0x08008b28   Section        0  errno.o(i.__set_errno)
    i._printf_core                           0x08008b34   Section        0  printf8.o(i._printf_core)
    _printf_core                             0x08008b35   Thumb Code   996  printf8.o(i._printf_core)
    i._printf_post_padding                   0x08008f44   Section        0  printf8.o(i._printf_post_padding)
    _printf_post_padding                     0x08008f45   Thumb Code    36  printf8.o(i._printf_post_padding)
    i._printf_pre_padding                    0x08008f68   Section        0  printf8.o(i._printf_pre_padding)
    _printf_pre_padding                      0x08008f69   Thumb Code    46  printf8.o(i._printf_pre_padding)
    i.asin                                   0x08008f98   Section        0  asin.o(i.asin)
    i.atan                                   0x08009208   Section        0  atan.o(i.atan)
    i.atan2                                  0x08009428   Section        0  atan2.o(i.atan2)
    i.sqrt                                   0x080095a8   Section        0  sqrt.o(i.sqrt)
    .constdata                               0x080095f4   Section     2072  oled.o(.constdata)
    .constdata                               0x08009e0c   Section       80  inv_mpu.o(.constdata)
    .constdata                               0x08009e5c   Section     3062  inv_mpu_dmp_motion_driver.o(.constdata)
    dmp_memory                               0x08009e5c   Data        3062  inv_mpu_dmp_motion_driver.o(.constdata)
    .constdata                               0x0800aa58   Section       80  asin.o(.constdata)
    pS                                       0x0800aa58   Data          48  asin.o(.constdata)
    qS                                       0x0800aa88   Data          32  asin.o(.constdata)
    .constdata                               0x0800aaa8   Section      152  atan.o(.constdata)
    atanhi                                   0x0800aaa8   Data          32  atan.o(.constdata)
    atanlo                                   0x0800aac8   Data          32  atan.o(.constdata)
    aTodd                                    0x0800aae8   Data          40  atan.o(.constdata)
    aTeven                                   0x0800ab10   Data          48  atan.o(.constdata)
    .constdata                               0x0800ab40   Section        8  qnan.o(.constdata)
    .conststring                             0x0800ab48   Section       77  inv_mpu.o(.conststring)
    .data                                    0x20000000   Section       74  main.o(.data)
    .data                                    0x2000004c   Section       20  system_stm32f10x.o(.data)
    .data                                    0x20000060   Section        4  delay.o(.data)
    fac_us                                   0x20000060   Data           1  delay.o(.data)
    fac_ms                                   0x20000062   Data           2  delay.o(.data)
    .data                                    0x20000064   Section        3  ax_uart_db.o(.data)
    uart_db_flag_rx_ok                       0x20000064   Data           1  ax_uart_db.o(.data)
    uart_db_rx_con                           0x20000065   Data           1  ax_uart_db.o(.data)
    uart_db_rx_checksum                      0x20000066   Data           1  ax_uart_db.o(.data)
    .data                                    0x20000068   Section        4  led.o(.data)
    temp                                     0x20000068   Data           4  led.o(.data)
    .data                                    0x2000006c   Section        1  key.o(.data)
    flag_key                                 0x2000006c   Data           1  key.o(.data)
    .data                                    0x20000070   Section      144  control.o(.data)
    Velocity                                 0x200000d8   Data           4  control.o(.data)
    Encoder_Least                            0x200000dc   Data           4  control.o(.data)
    Encoder                                  0x200000e0   Data           4  control.o(.data)
    Encoder_Integral                         0x200000e4   Data           4  control.o(.data)
    K_0                                      0x200000e8   Data           4  control.o(.data)
    K_1                                      0x200000ec   Data           4  control.o(.data)
    PP                                       0x200000f0   Data          16  control.o(.data)
    .data                                    0x20000100   Section       53  inv_mpu.o(.data)
    st                                       0x20000100   Data          44  inv_mpu.o(.data)
    gyro_orientation                         0x2000012c   Data           9  inv_mpu.o(.data)
    .data                                    0x20000135   Section        4  usart2.o(.data)
    .data                                    0x20000139   Section       20  stm32f10x_rcc.o(.data)
    APBAHBPrescTable                         0x20000139   Data          16  stm32f10x_rcc.o(.data)
    ADCPrescTable                            0x20000149   Data           4  stm32f10x_rcc.o(.data)
    .data                                    0x20000150   Section        4  stdout.o(.data)
    .data                                    0x20000154   Section        4  errno.o(.data)
    _errno                                   0x20000154   Data           4  errno.o(.data)
    .bss                                     0x20000158   Section       80  ax_uart_db.o(.bss)
    uart_db_rx_buf                           0x20000158   Data          40  ax_uart_db.o(.bss)
    uart_db_tx_buf                           0x20000180   Data          40  ax_uart_db.o(.bss)
    .bss                                     0x200001a8   Section       18  control.o(.bss)
    .bss                                     0x200001bc   Section       16  inv_mpu_dmp_motion_driver.o(.bss)
    dmp                                      0x200001bc   Data          16  inv_mpu_dmp_motion_driver.o(.bss)
    .bss                                     0x200001cc   Section       42  datascope_dp.o(.bss)
    STACK                                    0x200001f8   Section     1024  startup_stm32f10x_md.o(STACK)

    Global Symbols

    Symbol Name                              Value     Ov Type        Size  Object(Section)

    BuildAttributes$$THM_ISAv4$P$D$K$B$S$PE$A:L22UL41UL21$X:L11$S22US41US21$IEEE1$IW$USESV6$~STKCKD$USESV7$~SHL$OTIME$ROPI$IEEEX$EBA8$MICROLIB$REQ8$PRES8$EABIv2 0x00000000   Number         0  anon$$obj.o ABSOLUTE
    __ARM_use_no_argv                        0x00000000   Number         0  main.o ABSOLUTE
    _printf_a                                0x00000000   Number         0  stubs.o ABSOLUTE
    _printf_c                                0x00000000   Number         0  stubs.o ABSOLUTE
    _printf_charcount                        0x00000000   Number         0  stubs.o ABSOLUTE
    _printf_d                                0x00000000   Number         0  stubs.o ABSOLUTE
    _printf_e                                0x00000000   Number         0  stubs.o ABSOLUTE
    _printf_f                                0x00000000   Number         0  stubs.o ABSOLUTE
    _printf_flags                            0x00000000   Number         0  stubs.o ABSOLUTE
    _printf_fp_dec                           0x00000000   Number         0  stubs.o ABSOLUTE
    _printf_fp_hex                           0x00000000   Number         0  stubs.o ABSOLUTE
    _printf_g                                0x00000000   Number         0  stubs.o ABSOLUTE
    _printf_i                                0x00000000   Number         0  stubs.o ABSOLUTE
    _printf_int_dec                          0x00000000   Number         0  stubs.o ABSOLUTE
    _printf_l                                0x00000000   Number         0  stubs.o ABSOLUTE
    _printf_lc                               0x00000000   Number         0  stubs.o ABSOLUTE
    _printf_ll                               0x00000000   Number         0  stubs.o ABSOLUTE
    _printf_lld                              0x00000000   Number         0  stubs.o ABSOLUTE
    _printf_lli                              0x00000000   Number         0  stubs.o ABSOLUTE
    _printf_llo                              0x00000000   Number         0  stubs.o ABSOLUTE
    _printf_llu                              0x00000000   Number         0  stubs.o ABSOLUTE
    _printf_llx                              0x00000000   Number         0  stubs.o ABSOLUTE
    _printf_longlong_dec                     0x00000000   Number         0  stubs.o ABSOLUTE
    _printf_longlong_hex                     0x00000000   Number         0  stubs.o ABSOLUTE
    _printf_longlong_oct                     0x00000000   Number         0  stubs.o ABSOLUTE
    _printf_ls                               0x00000000   Number         0  stubs.o ABSOLUTE
    _printf_mbtowc                           0x00000000   Number         0  stubs.o ABSOLUTE
    _printf_n                                0x00000000   Number         0  stubs.o ABSOLUTE
    _printf_o                                0x00000000   Number         0  stubs.o ABSOLUTE
    _printf_p                                0x00000000   Number         0  stubs.o ABSOLUTE
    _printf_percent                          0x00000000   Number         0  stubs.o ABSOLUTE
    _printf_pre_padding                      0x00000000   Number         0  stubs.o ABSOLUTE
    _printf_return_value                     0x00000000   Number         0  stubs.o ABSOLUTE
    _printf_s                                0x00000000   Number         0  stubs.o ABSOLUTE
    _printf_sizespec                         0x00000000   Number         0  stubs.o ABSOLUTE
    _printf_str                              0x00000000   Number         0  stubs.o ABSOLUTE
    _printf_truncate_signed                  0x00000000   Number         0  stubs.o ABSOLUTE
    _printf_truncate_unsigned                0x00000000   Number         0  stubs.o ABSOLUTE
    _printf_u                                0x00000000   Number         0  stubs.o ABSOLUTE
    _printf_wc                               0x00000000   Number         0  stubs.o ABSOLUTE
    _printf_wctomb                           0x00000000   Number         0  stubs.o ABSOLUTE
    _printf_widthprec                        0x00000000   Number         0  stubs.o ABSOLUTE
    _printf_x                                0x00000000   Number         0  stubs.o ABSOLUTE
    __cpp_initialize__aeabi_                  - Undefined Weak Reference
    __cxa_finalize                            - Undefined Weak Reference
    _clock_init                               - Undefined Weak Reference
    _microlib_exit                            - Undefined Weak Reference
    __Vectors_Size                           0x000000ec   Number         0  startup_stm32f10x_md.o ABSOLUTE
    __Vectors                                0x08000000   Data           4  startup_stm32f10x_md.o(RESET)
    __Vectors_End                            0x080000ec   Data           0  startup_stm32f10x_md.o(RESET)
    __main                                   0x080000ed   Thumb Code     0  entry.o(.ARM.Collect$$$$00000000)
    _main_stk                                0x080000ed   Thumb Code     0  entry2.o(.ARM.Collect$$$$00000001)
    _main_scatterload                        0x080000f1   Thumb Code     0  entry5.o(.ARM.Collect$$$$00000004)
    __main_after_scatterload                 0x080000f5   Thumb Code     0  entry5.o(.ARM.Collect$$$$00000004)
    _main_clock                              0x080000f5   Thumb Code     0  entry7b.o(.ARM.Collect$$$$00000008)
    _main_cpp_init                           0x080000f5   Thumb Code     0  entry8b.o(.ARM.Collect$$$$0000000A)
    _main_init                               0x080000f5   Thumb Code     0  entry9a.o(.ARM.Collect$$$$0000000B)
    __rt_final_cpp                           0x080000fd   Thumb Code     0  entry10a.o(.ARM.Collect$$$$0000000D)
    __rt_final_exit                          0x080000fd   Thumb Code     0  entry11a.o(.ARM.Collect$$$$0000000F)
    main                                     0x08000101   Thumb Code   128  main.o(.text)
    Tracking_Init                            0x08000181   Thumb Code    60  main.o(.text)
    NMI_Handler                              0x080001c5   Thumb Code     2  stm32f10x_it.o(.text)
    HardFault_Handler                        0x080001c7   Thumb Code     4  stm32f10x_it.o(.text)
    MemManage_Handler                        0x080001cb   Thumb Code     4  stm32f10x_it.o(.text)
    BusFault_Handler                         0x080001cf   Thumb Code     4  stm32f10x_it.o(.text)
    UsageFault_Handler                       0x080001d3   Thumb Code     4  stm32f10x_it.o(.text)
    SVC_Handler                              0x080001d7   Thumb Code     2  stm32f10x_it.o(.text)
    DebugMon_Handler                         0x080001d9   Thumb Code     2  stm32f10x_it.o(.text)
    PendSV_Handler                           0x080001db   Thumb Code     2  stm32f10x_it.o(.text)
    SysTick_Handler                          0x080001dd   Thumb Code     2  stm32f10x_it.o(.text)
    SystemInit                               0x080002bf   Thumb Code    78  system_stm32f10x.o(.text)
    SystemCoreClockUpdate                    0x0800030d   Thumb Code   142  system_stm32f10x.o(.text)
    delay_init                               0x080003c1   Thumb Code    50  delay.o(.text)
    delay_us                                 0x080003f3   Thumb Code    72  delay.o(.text)
    delay_ms                                 0x0800043b   Thumb Code    72  delay.o(.text)
    NVIC_Configuration                       0x08000495   Thumb Code   126  sys.o(.text)
    AX_UART_DB_Init                          0x08000515   Thumb Code   158  ax_uart_db.o(.text)
    USART1_IRQHandler                        0x080005b3   Thumb Code   182  ax_uart_db.o(.text)
    AX_UART_DB_GetData                       0x08000669   Thumb Code    52  ax_uart_db.o(.text)
    AX_UART_DB_SendPacket                    0x0800069d   Thumb Code   134  ax_uart_db.o(.text)
    fputc                                    0x08000723   Thumb Code    32  ax_uart_db.o(.text)
    fgetc                                    0x08000743   Thumb Code    26  ax_uart_db.o(.text)
    LED_Init                                 0x08000779   Thumb Code    40  led.o(.text)
    Led_Flash                                0x080007a1   Thumb Code    44  led.o(.text)
    KEY_Init                                 0x080007dd   Thumb Code    34  key.o(.text)
    KEY_Scan                                 0x080007ff   Thumb Code    32  key.o(.text)
    MPU6050_EXTI_Init                        0x0800082d   Thumb Code   102  exti.o(.text)
    data_receive                             0x08000899   Thumb Code   358  control.o(.text)
    Turn_UP                                  0x080009ff   Thumb Code    68  control.o(.text)
    velocity                                 0x08000a43   Thumb Code   260  control.o(.text)
    balance_UP                               0x08000b47   Thumb Code    64  control.o(.text)
    Tracking                                 0x08000b87   Thumb Code    66  control.o(.text)
    EXTI9_5_IRQHandler                       0x08000bc9   Thumb Code   896  control.o(.text)
    kalman                                   0x08000f49   Thumb Code  1074  control.o(.text)
    print                                    0x0800137b   Thumb Code    90  control.o(.text)
    Encoder_Init_TIM2                        0x08001409   Thumb Code   154  encoder.o(.text)
    Encoder_Init_TIM3                        0x080014a3   Thumb Code   148  encoder.o(.text)
    Read_Encoder                             0x08001537   Thumb Code    56  encoder.o(.text)
    Motor_Init                               0x08001579   Thumb Code    64  motor.o(.text)
    myabs                                    0x080015b9   Thumb Code    14  motor.o(.text)
    Set_Pwm                                  0x080015c7   Thumb Code   106  motor.o(.text)
    Xianfu_Pwm                               0x08001631   Thumb Code    70  motor.o(.text)
    Turn_Off                                 0x08001677   Thumb Code    62  motor.o(.text)
    TIM1_PWM_Init                            0x080016dd   Thumb Code   168  pwm.o(.text)
    Adc_Init                                 0x0800178d   Thumb Code   132  adc.o(.text)
    Get_Adc                                  0x08001811   Thumb Code    46  adc.o(.text)
    Get_battery_volt                         0x0800183f   Thumb Code    62  adc.o(.text)
    OLED_IIC_Start                           0x08001891   Thumb Code    44  oled.o(.text)
    OLED_IIC_Stop                            0x080018bd   Thumb Code    34  oled.o(.text)
    OLED_IIC_Wait_Ack                        0x080018df   Thumb Code    24  oled.o(.text)
    OLED_Write_IIC_Byte                      0x080018f7   Thumb Code    88  oled.o(.text)
    OLED_Write_IIC_Command                   0x0800194f   Thumb Code    44  oled.o(.text)
    OLED_Write_IIC_Data                      0x0800197b   Thumb Code    44  oled.o(.text)
    OLED_WR_Byte                             0x080019a7   Thumb Code    24  oled.o(.text)
    Delay_50ms                               0x080019bf   Thumb Code    22  oled.o(.text)
    Delay_1ms                                0x080019d5   Thumb Code    26  oled.o(.text)
    OLED_Set_Pos                             0x080019ef   Thumb Code    40  oled.o(.text)
    OLED_Display_On                          0x08001a17   Thumb Code    28  oled.o(.text)
    OLED_Display_Off                         0x08001a33   Thumb Code    28  oled.o(.text)
    OLED_Clear                               0x08001a4f   Thumb Code    62  oled.o(.text)
    OLED_On                                  0x08001a8d   Thumb Code    62  oled.o(.text)
    OLED_ShowChar                            0x08001acb   Thumb Code   154  oled.o(.text)
    oled_pow                                 0x08001b65   Thumb Code    22  oled.o(.text)
    OLED_ShowNumber                          0x08001b7b   Thumb Code   136  oled.o(.text)
    OLED_ShowString                          0x08001c03   Thumb Code    54  oled.o(.text)
    OLED_Float                               0x08001c39   Thumb Code   456  oled.o(.text)
    OLED_Float2                              0x08001e01   Thumb Code   356  oled.o(.text)
    OLED_Num_write                           0x08001f65   Thumb Code    62  oled.o(.text)
    OLED_fuhao_write                         0x08001fa3   Thumb Code    58  oled.o(.text)
    OLED_Num2                                0x08001fdd   Thumb Code   156  oled.o(.text)
    OLED_Num3                                0x08002079   Thumb Code   210  oled.o(.text)
    OLED_Num4                                0x0800214b   Thumb Code   134  oled.o(.text)
    OLED_Num5                                0x080021d1   Thumb Code   152  oled.o(.text)
    OLED_Init                                0x08002269   Thumb Code   282  oled.o(.text)
    oled_first_show                          0x08002383   Thumb Code    76  oled.o(.text)
    oled_show                                0x080023cf   Thumb Code   292  oled.o(.text)
    MPU_Write_Byte                           0x08002561   Thumb Code    68  mpu6050.o(.text)
    MPU_Set_LPF                              0x080025a5   Thumb Code    58  mpu6050.o(.text)
    MPU_Set_Rate                             0x080025df   Thumb Code    58  mpu6050.o(.text)
    MPU_Read_Byte                            0x08002619   Thumb Code    58  mpu6050.o(.text)
    MPU_Set_Accel_Fsr                        0x08002653   Thumb Code    16  mpu6050.o(.text)
    MPU_Set_Gyro_Fsr                         0x08002663   Thumb Code    16  mpu6050.o(.text)
    MPU_Init                                 0x08002673   Thumb Code   122  mpu6050.o(.text)
    MPU_Read_Len                             0x080026ed   Thumb Code   116  mpu6050.o(.text)
    MPU_Get_Temperature                      0x08002761   Thumb Code    86  mpu6050.o(.text)
    MPU_Get_Gyroscope                        0x080027b7   Thumb Code    80  mpu6050.o(.text)
    MPU_Get_Accelerometer                    0x08002807   Thumb Code    80  mpu6050.o(.text)
    MPU_Write_Len                            0x08002857   Thumb Code    96  mpu6050.o(.text)
    MPU_IIC_Delay                            0x080028c9   Thumb Code    10  mpuiic.o(.text)
    MPU_IIC_Init                             0x080028d3   Thumb Code    38  mpuiic.o(.text)
    MPU_IIC_Start                            0x080028f9   Thumb Code    60  mpuiic.o(.text)
    MPU_IIC_Stop                             0x08002935   Thumb Code    62  mpuiic.o(.text)
    MPU_IIC_Wait_Ack                         0x08002973   Thumb Code    86  mpuiic.o(.text)
    MPU_IIC_Ack                              0x080029c9   Thumb Code    66  mpuiic.o(.text)
    MPU_IIC_NAck                             0x08002a0b   Thumb Code    66  mpuiic.o(.text)
    MPU_IIC_Send_Byte                        0x08002a4d   Thumb Code    82  mpuiic.o(.text)
    MPU_IIC_Read_Byte                        0x08002a9f   Thumb Code    96  mpuiic.o(.text)
    mpu_reg_dump                             0x08002b97   Thumb Code    84  inv_mpu.o(.text)
    mpu_read_reg                             0x08002beb   Thumb Code    66  inv_mpu.o(.text)
    mpu_set_int_latched                      0x08002c2d   Thumb Code   102  inv_mpu.o(.text)
    mpu_set_sensors                          0x08002c93   Thumb Code   202  inv_mpu.o(.text)
    mpu_set_bypass                           0x08002d5d   Thumb Code   328  inv_mpu.o(.text)
    mpu_reset_fifo                           0x08002ea5   Thumb Code   472  inv_mpu.o(.text)
    mpu_configure_fifo                       0x0800307d   Thumb Code   106  inv_mpu.o(.text)
    mpu_set_lpf                              0x080030e7   Thumb Code   126  inv_mpu.o(.text)
    mpu_lp_accel_mode                        0x08003165   Thumb Code   218  inv_mpu.o(.text)
    mpu_set_sample_rate                      0x0800323f   Thumb Code   152  inv_mpu.o(.text)
    mpu_set_accel_fsr                        0x080032d7   Thumb Code   132  inv_mpu.o(.text)
    mpu_set_gyro_fsr                         0x0800335b   Thumb Code   132  inv_mpu.o(.text)
    mpu_init                                 0x080033df   Thumb Code   416  inv_mpu.o(.text)
    mget_ms                                  0x0800357f   Thumb Code     2  inv_mpu.o(.text)
    mpu_get_gyro_reg                         0x08003581   Thumb Code   110  inv_mpu.o(.text)
    mpu_get_accel_reg                        0x080035ef   Thumb Code   110  inv_mpu.o(.text)
    mpu_get_temperature                      0x0800365d   Thumb Code   150  inv_mpu.o(.text)
    mpu_set_accel_bias                       0x080036f3   Thumb Code   468  inv_mpu.o(.text)
    mpu_get_gyro_fsr                         0x080038c7   Thumb Code    64  inv_mpu.o(.text)
    mpu_get_accel_fsr                        0x08003907   Thumb Code    72  inv_mpu.o(.text)
    mpu_get_lpf                              0x0800394f   Thumb Code    74  inv_mpu.o(.text)
    mpu_get_sample_rate                      0x08003999   Thumb Code    26  inv_mpu.o(.text)
    mpu_get_compass_sample_rate              0x080039b3   Thumb Code    10  inv_mpu.o(.text)
    mpu_set_compass_sample_rate              0x080039bd   Thumb Code     8  inv_mpu.o(.text)
    mpu_get_gyro_sens                        0x080039c5   Thumb Code    58  inv_mpu.o(.text)
    mpu_get_accel_sens                       0x080039ff   Thumb Code    78  inv_mpu.o(.text)
    mpu_get_fifo_config                      0x08003a4d   Thumb Code    12  inv_mpu.o(.text)
    mpu_get_power_state                      0x08003a59   Thumb Code    22  inv_mpu.o(.text)
    mpu_get_int_status                       0x08003a6f   Thumb Code    64  inv_mpu.o(.text)
    mpu_read_fifo                            0x08003aaf   Thumb Code   520  inv_mpu.o(.text)
    mpu_read_fifo_stream                     0x08003cb7   Thumb Code   186  inv_mpu.o(.text)
    mpu_set_int_level                        0x08003d71   Thumb Code    12  inv_mpu.o(.text)
    mpu_set_dmp_state                        0x08004451   Thumb Code   138  inv_mpu.o(.text)
    mpu_run_self_test                        0x080044db   Thumb Code   278  inv_mpu.o(.text)
    mpu_write_mem                            0x080045f1   Thumb Code   122  inv_mpu.o(.text)
    mpu_read_mem                             0x0800466b   Thumb Code   122  inv_mpu.o(.text)
    mpu_load_firmware                        0x080046e5   Thumb Code   190  inv_mpu.o(.text)
    mpu_get_dmp_state                        0x080047a3   Thumb Code    14  inv_mpu.o(.text)
    setup_compass                            0x080047b1   Thumb Code     6  inv_mpu.o(.text)
    mpu_get_compass_reg                      0x080047b7   Thumb Code     8  inv_mpu.o(.text)
    mpu_get_compass_fsr                      0x080047bf   Thumb Code     8  inv_mpu.o(.text)
    mpu_lp_motion_interrupt                  0x080047c7   Thumb Code   512  inv_mpu.o(.text)
    run_self_test                            0x080049c7   Thumb Code   148  inv_mpu.o(.text)
    inv_row_2_scale                          0x08004a5b   Thumb Code    78  inv_mpu.o(.text)
    inv_orientation_matrix_to_scalar         0x08004aa9   Thumb Code    40  inv_mpu.o(.text)
    mpu_dmp_init                             0x08004ad1   Thumb Code   148  inv_mpu.o(.text)
    mpu_dmp_get_data                         0x08004b65   Thumb Code   554  inv_mpu.o(.text)
    dmp_load_motion_driver_firmware          0x08004d95   Thumb Code    20  inv_mpu_dmp_motion_driver.o(.text)
    dmp_set_orientation                      0x08004da9   Thumb Code   290  inv_mpu_dmp_motion_driver.o(.text)
    dmp_set_gyro_bias                        0x08004ecb   Thumb Code   294  inv_mpu_dmp_motion_driver.o(.text)
    dmp_set_accel_bias                       0x08004ff1   Thumb Code   300  inv_mpu_dmp_motion_driver.o(.text)
    dmp_set_fifo_rate                        0x0800511d   Thumb Code   136  inv_mpu_dmp_motion_driver.o(.text)
    dmp_get_fifo_rate                        0x080051a5   Thumb Code    12  inv_mpu_dmp_motion_driver.o(.text)
    dmp_set_tap_thresh                       0x080051b1   Thumb Code   396  inv_mpu_dmp_motion_driver.o(.text)
    dmp_set_tap_axes                         0x0800533d   Thumb Code    70  inv_mpu_dmp_motion_driver.o(.text)
    dmp_set_tap_count                        0x08005383   Thumb Code    38  inv_mpu_dmp_motion_driver.o(.text)
    dmp_set_tap_time                         0x080053a9   Thumb Code    38  inv_mpu_dmp_motion_driver.o(.text)
    dmp_set_tap_time_multi                   0x080053cf   Thumb Code    38  inv_mpu_dmp_motion_driver.o(.text)
    dmp_set_shake_reject_thresh              0x080053f5   Thumb Code    56  inv_mpu_dmp_motion_driver.o(.text)
    dmp_set_shake_reject_time                0x0800542d   Thumb Code    38  inv_mpu_dmp_motion_driver.o(.text)
    dmp_set_shake_reject_timeout             0x08005453   Thumb Code    38  inv_mpu_dmp_motion_driver.o(.text)
    dmp_get_pedometer_step_count             0x08005479   Thumb Code    66  inv_mpu_dmp_motion_driver.o(.text)
    dmp_set_pedometer_step_count             0x080054bb   Thumb Code    42  inv_mpu_dmp_motion_driver.o(.text)
    dmp_get_pedometer_walk_time              0x080054e5   Thumb Code    72  inv_mpu_dmp_motion_driver.o(.text)
    dmp_set_pedometer_walk_time              0x0800552d   Thumb Code    48  inv_mpu_dmp_motion_driver.o(.text)
    dmp_enable_6x_lp_quat                    0x0800555d   Thumb Code    84  inv_mpu_dmp_motion_driver.o(.text)
    dmp_enable_lp_quat                       0x080055b1   Thumb Code    60  inv_mpu_dmp_motion_driver.o(.text)
    dmp_enable_gyro_cal                      0x080055ed   Thumb Code    62  inv_mpu_dmp_motion_driver.o(.text)
    dmp_enable_feature                       0x0800562b   Thumb Code   530  inv_mpu_dmp_motion_driver.o(.text)
    dmp_get_enabled_features                 0x0800583d   Thumb Code    12  inv_mpu_dmp_motion_driver.o(.text)
    dmp_set_interrupt_mode                   0x080058a7   Thumb Code    66  inv_mpu_dmp_motion_driver.o(.text)
    dmp_read_fifo                            0x080058e9   Thumb Code   514  inv_mpu_dmp_motion_driver.o(.text)
    dmp_register_tap_cb                      0x08005aeb   Thumb Code    10  inv_mpu_dmp_motion_driver.o(.text)
    dmp_register_android_orient_cb           0x08005af5   Thumb Code    10  inv_mpu_dmp_motion_driver.o(.text)
    uart2_init                               0x08005b05   Thumb Code   126  usart2.o(.text)
    BluetoothCMD                             0x08005b83   Thumb Code   278  usart2.o(.text)
    USART2_IRQHandler                        0x08005c99   Thumb Code    30  usart2.o(.text)
    Uart2SendByte                            0x08005cb7   Thumb Code    28  usart2.o(.text)
    Uart2SendBuf                             0x08005cd3   Thumb Code    28  usart2.o(.text)
    Uart2SendStr                             0x08005cef   Thumb Code    34  usart2.o(.text)
    PlugIn_Init                              0x08005d29   Thumb Code    32  usb_plugin.o(.text)
    PlugIn_Test                              0x08005d49   Thumb Code    24  usb_plugin.o(.text)
    SR04_Configuration                       0x08005d71   Thumb Code   100  sr04.o(.text)
    EXTI15_10_IRQHandler                     0x08005dd5   Thumb Code   106  sr04.o(.text)
    SR04_StartMeasure                        0x08005e3f   Thumb Code    30  sr04.o(.text)
    Timer4_Init                              0x08005e5d   Thumb Code    42  sr04.o(.text)
    TIM4_IRQHandler                          0x08005e87   Thumb Code    22  sr04.o(.text)
    Float2Byte                               0x08005ead   Thumb Code    28  datascope_dp.o(.text)
    DataScope_Get_Channel_Data               0x08005ec9   Thumb Code   158  datascope_dp.o(.text)
    DataScope_Data_Generate                  0x08005f67   Thumb Code   148  datascope_dp.o(.text)
    Reset_Handler                            0x08006001   Thumb Code     8  startup_stm32f10x_md.o(.text)
    ADC1_2_IRQHandler                        0x0800601b   Thumb Code     0  startup_stm32f10x_md.o(.text)
    CAN1_RX1_IRQHandler                      0x0800601b   Thumb Code     0  startup_stm32f10x_md.o(.text)
    CAN1_SCE_IRQHandler                      0x0800601b   Thumb Code     0  startup_stm32f10x_md.o(.text)
    DMA1_Channel1_IRQHandler                 0x0800601b   Thumb Code     0  startup_stm32f10x_md.o(.text)
    DMA1_Channel2_IRQHandler                 0x0800601b   Thumb Code     0  startup_stm32f10x_md.o(.text)
    DMA1_Channel3_IRQHandler                 0x0800601b   Thumb Code     0  startup_stm32f10x_md.o(.text)
    DMA1_Channel4_IRQHandler                 0x0800601b   Thumb Code     0  startup_stm32f10x_md.o(.text)
    DMA1_Channel5_IRQHandler                 0x0800601b   Thumb Code     0  startup_stm32f10x_md.o(.text)
    DMA1_Channel6_IRQHandler                 0x0800601b   Thumb Code     0  startup_stm32f10x_md.o(.text)
    DMA1_Channel7_IRQHandler                 0x0800601b   Thumb Code     0  startup_stm32f10x_md.o(.text)
    EXTI0_IRQHandler                         0x0800601b   Thumb Code     0  startup_stm32f10x_md.o(.text)
    EXTI1_IRQHandler                         0x0800601b   Thumb Code     0  startup_stm32f10x_md.o(.text)
    EXTI2_IRQHandler                         0x0800601b   Thumb Code     0  startup_stm32f10x_md.o(.text)
    EXTI3_IRQHandler                         0x0800601b   Thumb Code     0  startup_stm32f10x_md.o(.text)
    EXTI4_IRQHandler                         0x0800601b   Thumb Code     0  startup_stm32f10x_md.o(.text)
    FLASH_IRQHandler                         0x0800601b   Thumb Code     0  startup_stm32f10x_md.o(.text)
    I2C1_ER_IRQHandler                       0x0800601b   Thumb Code     0  startup_stm32f10x_md.o(.text)
    I2C1_EV_IRQHandler                       0x0800601b   Thumb Code     0  startup_stm32f10x_md.o(.text)
    I2C2_ER_IRQHandler                       0x0800601b   Thumb Code     0  startup_stm32f10x_md.o(.text)
    I2C2_EV_IRQHandler                       0x0800601b   Thumb Code     0  startup_stm32f10x_md.o(.text)
    PVD_IRQHandler                           0x0800601b   Thumb Code     0  startup_stm32f10x_md.o(.text)
    RCC_IRQHandler                           0x0800601b   Thumb Code     0  startup_stm32f10x_md.o(.text)
    RTCAlarm_IRQHandler                      0x0800601b   Thumb Code     0  startup_stm32f10x_md.o(.text)
    RTC_IRQHandler                           0x0800601b   Thumb Code     0  startup_stm32f10x_md.o(.text)
    SPI1_IRQHandler                          0x0800601b   Thumb Code     0  startup_stm32f10x_md.o(.text)
    SPI2_IRQHandler                          0x0800601b   Thumb Code     0  startup_stm32f10x_md.o(.text)
    TAMPER_IRQHandler                        0x0800601b   Thumb Code     0  startup_stm32f10x_md.o(.text)
    TIM1_BRK_IRQHandler                      0x0800601b   Thumb Code     0  startup_stm32f10x_md.o(.text)
    TIM1_CC_IRQHandler                       0x0800601b   Thumb Code     0  startup_stm32f10x_md.o(.text)
    TIM1_TRG_COM_IRQHandler                  0x0800601b   Thumb Code     0  startup_stm32f10x_md.o(.text)
    TIM1_UP_IRQHandler                       0x0800601b   Thumb Code     0  startup_stm32f10x_md.o(.text)
    TIM2_IRQHandler                          0x0800601b   Thumb Code     0  startup_stm32f10x_md.o(.text)
    TIM3_IRQHandler                          0x0800601b   Thumb Code     0  startup_stm32f10x_md.o(.text)
    USART3_IRQHandler                        0x0800601b   Thumb Code     0  startup_stm32f10x_md.o(.text)
    USBWakeUp_IRQHandler                     0x0800601b   Thumb Code     0  startup_stm32f10x_md.o(.text)
    USB_HP_CAN1_TX_IRQHandler                0x0800601b   Thumb Code     0  startup_stm32f10x_md.o(.text)
    USB_LP_CAN1_RX0_IRQHandler               0x0800601b   Thumb Code     0  startup_stm32f10x_md.o(.text)
    WWDG_IRQHandler                          0x0800601b   Thumb Code     0  startup_stm32f10x_md.o(.text)
    NVIC_PriorityGroupConfig                 0x08006025   Thumb Code    10  misc.o(.text)
    NVIC_Init                                0x0800602f   Thumb Code   100  misc.o(.text)
    NVIC_SetVectorTable                      0x08006093   Thumb Code    14  misc.o(.text)
    NVIC_SystemLPConfig                      0x080060a1   Thumb Code    34  misc.o(.text)
    SysTick_CLKSourceConfig                  0x080060c3   Thumb Code    40  misc.o(.text)
    ADC_DeInit                               0x08006101   Thumb Code    78  stm32f10x_adc.o(.text)
    ADC_Init                                 0x0800614f   Thumb Code    70  stm32f10x_adc.o(.text)
    ADC_StructInit                           0x08006195   Thumb Code    18  stm32f10x_adc.o(.text)
    ADC_Cmd                                  0x080061a7   Thumb Code    22  stm32f10x_adc.o(.text)
    ADC_DMACmd                               0x080061bd   Thumb Code    22  stm32f10x_adc.o(.text)
    ADC_ITConfig                             0x080061d3   Thumb Code    24  stm32f10x_adc.o(.text)
    ADC_ResetCalibration                     0x080061eb   Thumb Code    10  stm32f10x_adc.o(.text)
    ADC_GetResetCalibrationStatus            0x080061f5   Thumb Code    20  stm32f10x_adc.o(.text)
    ADC_StartCalibration                     0x08006209   Thumb Code    10  stm32f10x_adc.o(.text)
    ADC_GetCalibrationStatus                 0x08006213   Thumb Code    20  stm32f10x_adc.o(.text)
    ADC_SoftwareStartConvCmd                 0x08006227   Thumb Code    22  stm32f10x_adc.o(.text)
    ADC_GetSoftwareStartConvStatus           0x0800623d   Thumb Code    20  stm32f10x_adc.o(.text)
    ADC_DiscModeChannelCountConfig           0x08006251   Thumb Code    24  stm32f10x_adc.o(.text)
    ADC_DiscModeCmd                          0x08006269   Thumb Code    22  stm32f10x_adc.o(.text)
    ADC_RegularChannelConfig                 0x0800627f   Thumb Code   184  stm32f10x_adc.o(.text)
    ADC_ExternalTrigConvCmd                  0x08006337   Thumb Code    22  stm32f10x_adc.o(.text)
    ADC_GetConversionValue                   0x0800634d   Thumb Code     8  stm32f10x_adc.o(.text)
    ADC_GetDualModeConversionValue           0x08006355   Thumb Code     8  stm32f10x_adc.o(.text)
    ADC_AutoInjectedConvCmd                  0x0800635d   Thumb Code    22  stm32f10x_adc.o(.text)
    ADC_InjectedDiscModeCmd                  0x08006373   Thumb Code    22  stm32f10x_adc.o(.text)
    ADC_ExternalTrigInjectedConvConfig       0x08006389   Thumb Code    16  stm32f10x_adc.o(.text)
    ADC_ExternalTrigInjectedConvCmd          0x08006399   Thumb Code    22  stm32f10x_adc.o(.text)
    ADC_SoftwareStartInjectedConvCmd         0x080063af   Thumb Code    22  stm32f10x_adc.o(.text)
    ADC_GetSoftwareStartInjectedConvCmdStatus 0x080063c5   Thumb Code    20  stm32f10x_adc.o(.text)
    ADC_InjectedChannelConfig                0x080063d9   Thumb Code   130  stm32f10x_adc.o(.text)
    ADC_InjectedSequencerLengthConfig        0x0800645b   Thumb Code    24  stm32f10x_adc.o(.text)
    ADC_SetInjectedOffset                    0x08006473   Thumb Code    20  stm32f10x_adc.o(.text)
    ADC_GetInjectedConversionValue           0x08006487   Thumb Code    28  stm32f10x_adc.o(.text)
    ADC_AnalogWatchdogCmd                    0x080064a3   Thumb Code    16  stm32f10x_adc.o(.text)
    ADC_AnalogWatchdogThresholdsConfig       0x080064b3   Thumb Code     6  stm32f10x_adc.o(.text)
    ADC_AnalogWatchdogSingleChannelConfig    0x080064b9   Thumb Code    16  stm32f10x_adc.o(.text)
    ADC_TempSensorVrefintCmd                 0x080064c9   Thumb Code    64  stm32f10x_adc.o(.text)
    ADC_GetFlagStatus                        0x08006509   Thumb Code    18  stm32f10x_adc.o(.text)
    ADC_ClearFlag                            0x0800651b   Thumb Code     6  stm32f10x_adc.o(.text)
    ADC_GetITStatus                          0x08006521   Thumb Code    36  stm32f10x_adc.o(.text)
    ADC_ClearITPendingBit                    0x08006545   Thumb Code    10  stm32f10x_adc.o(.text)
    EXTI_DeInit                              0x08006551   Thumb Code    28  stm32f10x_exti.o(.text)
    EXTI_Init                                0x0800656d   Thumb Code   142  stm32f10x_exti.o(.text)
    EXTI_StructInit                          0x080065fb   Thumb Code    16  stm32f10x_exti.o(.text)
    EXTI_GenerateSWInterrupt                 0x0800660b   Thumb Code    16  stm32f10x_exti.o(.text)
    EXTI_GetFlagStatus                       0x0800661b   Thumb Code    22  stm32f10x_exti.o(.text)
    EXTI_ClearFlag                           0x08006631   Thumb Code     8  stm32f10x_exti.o(.text)
    EXTI_GetITStatus                         0x08006639   Thumb Code    34  stm32f10x_exti.o(.text)
    EXTI_ClearITPendingBit                   0x0800665b   Thumb Code     8  stm32f10x_exti.o(.text)
    GPIO_DeInit                              0x0800666d   Thumb Code   172  stm32f10x_gpio.o(.text)
    GPIO_AFIODeInit                          0x08006719   Thumb Code    20  stm32f10x_gpio.o(.text)
    GPIO_Init                                0x0800672d   Thumb Code   278  stm32f10x_gpio.o(.text)
    GPIO_StructInit                          0x08006843   Thumb Code    16  stm32f10x_gpio.o(.text)
    GPIO_ReadInputDataBit                    0x08006853   Thumb Code    18  stm32f10x_gpio.o(.text)
    GPIO_ReadInputData                       0x08006865   Thumb Code     8  stm32f10x_gpio.o(.text)
    GPIO_ReadOutputDataBit                   0x0800686d   Thumb Code    18  stm32f10x_gpio.o(.text)
    GPIO_ReadOutputData                      0x0800687f   Thumb Code     8  stm32f10x_gpio.o(.text)
    GPIO_SetBits                             0x08006887   Thumb Code     4  stm32f10x_gpio.o(.text)
    GPIO_ResetBits                           0x0800688b   Thumb Code     4  stm32f10x_gpio.o(.text)
    GPIO_WriteBit                            0x0800688f   Thumb Code    10  stm32f10x_gpio.o(.text)
    GPIO_Write                               0x08006899   Thumb Code     4  stm32f10x_gpio.o(.text)
    GPIO_PinLockConfig                       0x0800689d   Thumb Code    18  stm32f10x_gpio.o(.text)
    GPIO_EventOutputConfig                   0x080068af   Thumb Code    26  stm32f10x_gpio.o(.text)
    GPIO_EventOutputCmd                      0x080068c9   Thumb Code     6  stm32f10x_gpio.o(.text)
    GPIO_PinRemapConfig                      0x080068cf   Thumb Code   138  stm32f10x_gpio.o(.text)
    GPIO_EXTILineConfig                      0x08006959   Thumb Code    66  stm32f10x_gpio.o(.text)
    GPIO_ETH_MediaInterfaceConfig            0x0800699b   Thumb Code     8  stm32f10x_gpio.o(.text)
    RCC_DeInit                               0x080069c9   Thumb Code    64  stm32f10x_rcc.o(.text)
    RCC_HSEConfig                            0x08006a09   Thumb Code    70  stm32f10x_rcc.o(.text)
    RCC_GetFlagStatus                        0x08006a4f   Thumb Code    56  stm32f10x_rcc.o(.text)
    RCC_WaitForHSEStartUp                    0x08006a87   Thumb Code    56  stm32f10x_rcc.o(.text)
    RCC_AdjustHSICalibrationValue            0x08006abf   Thumb Code    20  stm32f10x_rcc.o(.text)
    RCC_HSICmd                               0x08006ad3   Thumb Code     6  stm32f10x_rcc.o(.text)
    RCC_PLLConfig                            0x08006ad9   Thumb Code    24  stm32f10x_rcc.o(.text)
    RCC_PLLCmd                               0x08006af1   Thumb Code     6  stm32f10x_rcc.o(.text)
    RCC_SYSCLKConfig                         0x08006af7   Thumb Code    18  stm32f10x_rcc.o(.text)
    RCC_GetSYSCLKSource                      0x08006b09   Thumb Code    10  stm32f10x_rcc.o(.text)
    RCC_HCLKConfig                           0x08006b13   Thumb Code    18  stm32f10x_rcc.o(.text)
    RCC_PCLK1Config                          0x08006b25   Thumb Code    18  stm32f10x_rcc.o(.text)
    RCC_PCLK2Config                          0x08006b37   Thumb Code    20  stm32f10x_rcc.o(.text)
    RCC_ITConfig                             0x08006b4b   Thumb Code    26  stm32f10x_rcc.o(.text)
    RCC_USBCLKConfig                         0x08006b65   Thumb Code     8  stm32f10x_rcc.o(.text)
    RCC_ADCCLKConfig                         0x08006b6d   Thumb Code    18  stm32f10x_rcc.o(.text)
    RCC_LSEConfig                            0x08006b7f   Thumb Code    50  stm32f10x_rcc.o(.text)
    RCC_LSICmd                               0x08006bb1   Thumb Code     6  stm32f10x_rcc.o(.text)
    RCC_RTCCLKConfig                         0x08006bb7   Thumb Code    12  stm32f10x_rcc.o(.text)
    RCC_RTCCLKCmd                            0x08006bc3   Thumb Code     8  stm32f10x_rcc.o(.text)
    RCC_GetClocksFreq                        0x08006bcb   Thumb Code   192  stm32f10x_rcc.o(.text)
    RCC_AHBPeriphClockCmd                    0x08006c8b   Thumb Code    26  stm32f10x_rcc.o(.text)
    RCC_APB2PeriphClockCmd                   0x08006ca5   Thumb Code    26  stm32f10x_rcc.o(.text)
    RCC_APB1PeriphClockCmd                   0x08006cbf   Thumb Code    26  stm32f10x_rcc.o(.text)
    RCC_APB2PeriphResetCmd                   0x08006cd9   Thumb Code    26  stm32f10x_rcc.o(.text)
    RCC_APB1PeriphResetCmd                   0x08006cf3   Thumb Code    26  stm32f10x_rcc.o(.text)
    RCC_BackupResetCmd                       0x08006d0d   Thumb Code     8  stm32f10x_rcc.o(.text)
    RCC_ClockSecuritySystemCmd               0x08006d15   Thumb Code     6  stm32f10x_rcc.o(.text)
    RCC_MCOConfig                            0x08006d1b   Thumb Code     6  stm32f10x_rcc.o(.text)
    RCC_ClearFlag                            0x08006d21   Thumb Code    14  stm32f10x_rcc.o(.text)
    RCC_GetITStatus                          0x08006d2f   Thumb Code    20  stm32f10x_rcc.o(.text)
    RCC_ClearITPendingBit                    0x08006d43   Thumb Code     6  stm32f10x_rcc.o(.text)
    TIM_DeInit                               0x08006d6d   Thumb Code   424  stm32f10x_tim.o(.text)
    TIM_TimeBaseInit                         0x08006f15   Thumb Code   122  stm32f10x_tim.o(.text)
    TIM_OC1Init                              0x08006f8f   Thumb Code   132  stm32f10x_tim.o(.text)
    TIM_OC2Init                              0x08007013   Thumb Code   154  stm32f10x_tim.o(.text)
    TIM_OC3Init                              0x080070ad   Thumb Code   150  stm32f10x_tim.o(.text)
    TIM_OC4Init                              0x08007143   Thumb Code   182  stm32f10x_tim.o(.text)
    TIM_SetIC4Prescaler                      0x080071f9   Thumb Code    26  stm32f10x_tim.o(.text)
    TIM_SetIC3Prescaler                      0x08007295   Thumb Code    18  stm32f10x_tim.o(.text)
    TIM_SetIC2Prescaler                      0x08007321   Thumb Code    26  stm32f10x_tim.o(.text)
    TIM_SetIC1Prescaler                      0x080073bd   Thumb Code    18  stm32f10x_tim.o(.text)
    TIM_ICInit                               0x0800743b   Thumb Code   150  stm32f10x_tim.o(.text)
    TIM_PWMIConfig                           0x080074d1   Thumb Code   124  stm32f10x_tim.o(.text)
    TIM_BDTRConfig                           0x0800754d   Thumb Code    32  stm32f10x_tim.o(.text)
    TIM_TimeBaseStructInit                   0x0800756d   Thumb Code    18  stm32f10x_tim.o(.text)
    TIM_OCStructInit                         0x0800757f   Thumb Code    20  stm32f10x_tim.o(.text)
    TIM_ICStructInit                         0x08007593   Thumb Code    18  stm32f10x_tim.o(.text)
    TIM_BDTRStructInit                       0x080075a5   Thumb Code    40  stm32f10x_tim.o(.text)
    TIM_Cmd                                  0x080075cd   Thumb Code    24  stm32f10x_tim.o(.text)
    TIM_CtrlPWMOutputs                       0x080075e5   Thumb Code    30  stm32f10x_tim.o(.text)
    TIM_ITConfig                             0x08007603   Thumb Code    18  stm32f10x_tim.o(.text)
    TIM_GenerateEvent                        0x08007615   Thumb Code     4  stm32f10x_tim.o(.text)
    TIM_DMAConfig                            0x08007619   Thumb Code    10  stm32f10x_tim.o(.text)
    TIM_DMACmd                               0x08007623   Thumb Code    18  stm32f10x_tim.o(.text)
    TIM_InternalClockConfig                  0x08007635   Thumb Code    12  stm32f10x_tim.o(.text)
    TIM_SelectInputTrigger                   0x08007641   Thumb Code    18  stm32f10x_tim.o(.text)
    TIM_ITRxExternalClockConfig              0x08007653   Thumb Code    24  stm32f10x_tim.o(.text)
    TIM_TIxExternalClockConfig               0x0800766b   Thumb Code    62  stm32f10x_tim.o(.text)
    TIM_ETRConfig                            0x080076a9   Thumb Code    28  stm32f10x_tim.o(.text)
    TIM_ETRClockMode1Config                  0x080076c5   Thumb Code    54  stm32f10x_tim.o(.text)
    TIM_ETRClockMode2Config                  0x080076fb   Thumb Code    32  stm32f10x_tim.o(.text)
    TIM_PrescalerConfig                      0x0800771b   Thumb Code     6  stm32f10x_tim.o(.text)
    TIM_CounterModeConfig                    0x08007721   Thumb Code    18  stm32f10x_tim.o(.text)
    TIM_EncoderInterfaceConfig               0x08007733   Thumb Code    66  stm32f10x_tim.o(.text)
    TIM_ForcedOC1Config                      0x08007775   Thumb Code    18  stm32f10x_tim.o(.text)
    TIM_ForcedOC2Config                      0x08007787   Thumb Code    26  stm32f10x_tim.o(.text)
    TIM_ForcedOC3Config                      0x080077a1   Thumb Code    18  stm32f10x_tim.o(.text)
    TIM_ForcedOC4Config                      0x080077b3   Thumb Code    26  stm32f10x_tim.o(.text)
    TIM_ARRPreloadConfig                     0x080077cd   Thumb Code    24  stm32f10x_tim.o(.text)
    TIM_SelectCOM                            0x080077e5   Thumb Code    24  stm32f10x_tim.o(.text)
    TIM_SelectCCDMA                          0x080077fd   Thumb Code    24  stm32f10x_tim.o(.text)
    TIM_CCPreloadControl                     0x08007815   Thumb Code    24  stm32f10x_tim.o(.text)
    TIM_OC1PreloadConfig                     0x0800782d   Thumb Code    18  stm32f10x_tim.o(.text)
    TIM_OC2PreloadConfig                     0x0800783f   Thumb Code    26  stm32f10x_tim.o(.text)
    TIM_OC3PreloadConfig                     0x08007859   Thumb Code    18  stm32f10x_tim.o(.text)
    TIM_OC4PreloadConfig                     0x0800786b   Thumb Code    26  stm32f10x_tim.o(.text)
    TIM_OC1FastConfig                        0x08007885   Thumb Code    18  stm32f10x_tim.o(.text)
    TIM_OC2FastConfig                        0x08007897   Thumb Code    26  stm32f10x_tim.o(.text)
    TIM_OC3FastConfig                        0x080078b1   Thumb Code    18  stm32f10x_tim.o(.text)
    TIM_OC4FastConfig                        0x080078c3   Thumb Code    26  stm32f10x_tim.o(.text)
    TIM_ClearOC1Ref                          0x080078dd   Thumb Code    18  stm32f10x_tim.o(.text)
    TIM_ClearOC2Ref                          0x080078ef   Thumb Code    24  stm32f10x_tim.o(.text)
    TIM_ClearOC3Ref                          0x08007907   Thumb Code    18  stm32f10x_tim.o(.text)
    TIM_ClearOC4Ref                          0x08007919   Thumb Code    24  stm32f10x_tim.o(.text)
    TIM_OC1PolarityConfig                    0x08007931   Thumb Code    18  stm32f10x_tim.o(.text)
    TIM_OC1NPolarityConfig                   0x08007943   Thumb Code    18  stm32f10x_tim.o(.text)
    TIM_OC2PolarityConfig                    0x08007955   Thumb Code    26  stm32f10x_tim.o(.text)
    TIM_OC2NPolarityConfig                   0x0800796f   Thumb Code    26  stm32f10x_tim.o(.text)
    TIM_OC3PolarityConfig                    0x08007989   Thumb Code    26  stm32f10x_tim.o(.text)
    TIM_OC3NPolarityConfig                   0x080079a3   Thumb Code    26  stm32f10x_tim.o(.text)
    TIM_OC4PolarityConfig                    0x080079bd   Thumb Code    26  stm32f10x_tim.o(.text)
    TIM_CCxCmd                               0x080079d7   Thumb Code    30  stm32f10x_tim.o(.text)
    TIM_CCxNCmd                              0x080079f5   Thumb Code    30  stm32f10x_tim.o(.text)
    TIM_SelectOCxM                           0x08007a13   Thumb Code    82  stm32f10x_tim.o(.text)
    TIM_UpdateDisableConfig                  0x08007a65   Thumb Code    24  stm32f10x_tim.o(.text)
    TIM_UpdateRequestConfig                  0x08007a7d   Thumb Code    24  stm32f10x_tim.o(.text)
    TIM_SelectHallSensor                     0x08007a95   Thumb Code    24  stm32f10x_tim.o(.text)
    TIM_SelectOnePulseMode                   0x08007aad   Thumb Code    18  stm32f10x_tim.o(.text)
    TIM_SelectOutputTrigger                  0x08007abf   Thumb Code    18  stm32f10x_tim.o(.text)
    TIM_SelectSlaveMode                      0x08007ad1   Thumb Code    18  stm32f10x_tim.o(.text)
    TIM_SelectMasterSlaveMode                0x08007ae3   Thumb Code    18  stm32f10x_tim.o(.text)
    TIM_SetCounter                           0x08007af5   Thumb Code     4  stm32f10x_tim.o(.text)
    TIM_SetAutoreload                        0x08007af9   Thumb Code     4  stm32f10x_tim.o(.text)
    TIM_SetCompare1                          0x08007afd   Thumb Code     4  stm32f10x_tim.o(.text)
    TIM_SetCompare2                          0x08007b01   Thumb Code     4  stm32f10x_tim.o(.text)
    TIM_SetCompare3                          0x08007b05   Thumb Code     4  stm32f10x_tim.o(.text)
    TIM_SetCompare4                          0x08007b09   Thumb Code     6  stm32f10x_tim.o(.text)
    TIM_SetClockDivision                     0x08007b0f   Thumb Code    18  stm32f10x_tim.o(.text)
    TIM_GetCapture1                          0x08007b21   Thumb Code     6  stm32f10x_tim.o(.text)
    TIM_GetCapture2                          0x08007b27   Thumb Code     6  stm32f10x_tim.o(.text)
    TIM_GetCapture3                          0x08007b2d   Thumb Code     6  stm32f10x_tim.o(.text)
    TIM_GetCapture4                          0x08007b33   Thumb Code     8  stm32f10x_tim.o(.text)
    TIM_GetCounter                           0x08007b3b   Thumb Code     6  stm32f10x_tim.o(.text)
    TIM_GetPrescaler                         0x08007b41   Thumb Code     6  stm32f10x_tim.o(.text)
    TIM_GetFlagStatus                        0x08007b47   Thumb Code    18  stm32f10x_tim.o(.text)
    TIM_ClearFlag                            0x08007b59   Thumb Code     6  stm32f10x_tim.o(.text)
    TIM_GetITStatus                          0x08007b5f   Thumb Code    34  stm32f10x_tim.o(.text)
    TIM_ClearITPendingBit                    0x08007b81   Thumb Code     6  stm32f10x_tim.o(.text)
    USART_DeInit                             0x08007b89   Thumb Code   134  stm32f10x_usart.o(.text)
    USART_Init                               0x08007c0f   Thumb Code   210  stm32f10x_usart.o(.text)
    USART_StructInit                         0x08007ce1   Thumb Code    24  stm32f10x_usart.o(.text)
    USART_ClockInit                          0x08007cf9   Thumb Code    34  stm32f10x_usart.o(.text)
    USART_ClockStructInit                    0x08007d1b   Thumb Code    12  stm32f10x_usart.o(.text)
    USART_Cmd                                0x08007d27   Thumb Code    24  stm32f10x_usart.o(.text)
    USART_ITConfig                           0x08007d3f   Thumb Code    74  stm32f10x_usart.o(.text)
    USART_DMACmd                             0x08007d89   Thumb Code    18  stm32f10x_usart.o(.text)
    USART_SetAddress                         0x08007d9b   Thumb Code    18  stm32f10x_usart.o(.text)
    USART_WakeUpConfig                       0x08007dad   Thumb Code    18  stm32f10x_usart.o(.text)
    USART_ReceiverWakeUpCmd                  0x08007dbf   Thumb Code    24  stm32f10x_usart.o(.text)
    USART_LINBreakDetectLengthConfig         0x08007dd7   Thumb Code    18  stm32f10x_usart.o(.text)
    USART_LINCmd                             0x08007de9   Thumb Code    24  stm32f10x_usart.o(.text)
    USART_SendData                           0x08007e01   Thumb Code     8  stm32f10x_usart.o(.text)
    USART_ReceiveData                        0x08007e09   Thumb Code    10  stm32f10x_usart.o(.text)
    USART_SendBreak                          0x08007e13   Thumb Code    10  stm32f10x_usart.o(.text)
    USART_SetGuardTime                       0x08007e1d   Thumb Code    16  stm32f10x_usart.o(.text)
    USART_SetPrescaler                       0x08007e2d   Thumb Code    16  stm32f10x_usart.o(.text)
    USART_SmartCardCmd                       0x08007e3d   Thumb Code    24  stm32f10x_usart.o(.text)
    USART_SmartCardNACKCmd                   0x08007e55   Thumb Code    24  stm32f10x_usart.o(.text)
    USART_HalfDuplexCmd                      0x08007e6d   Thumb Code    24  stm32f10x_usart.o(.text)
    USART_OverSampling8Cmd                   0x08007e85   Thumb Code    22  stm32f10x_usart.o(.text)
    USART_OneBitMethodCmd                    0x08007e9b   Thumb Code    24  stm32f10x_usart.o(.text)
    USART_IrDAConfig                         0x08007eb3   Thumb Code    18  stm32f10x_usart.o(.text)
    USART_IrDACmd                            0x08007ec5   Thumb Code    24  stm32f10x_usart.o(.text)
    USART_GetFlagStatus                      0x08007edd   Thumb Code    26  stm32f10x_usart.o(.text)
    USART_ClearFlag                          0x08007ef7   Thumb Code    18  stm32f10x_usart.o(.text)
    USART_GetITStatus                        0x08007f09   Thumb Code    84  stm32f10x_usart.o(.text)
    USART_ClearITPendingBit                  0x08007f5d   Thumb Code    52  stm32f10x_usart.o(.text)
    __aeabi_ldivmod                          0x08007f91   Thumb Code    98  ldiv.o(.text)
    __aeabi_memset                           0x08007ff3   Thumb Code    14  memseta.o(.text)
    __aeabi_memset4                          0x08007ff3   Thumb Code     0  memseta.o(.text)
    __aeabi_memset8                          0x08007ff3   Thumb Code     0  memseta.o(.text)
    __aeabi_memclr                           0x08008001   Thumb Code     4  memseta.o(.text)
    __aeabi_memclr4                          0x08008001   Thumb Code     0  memseta.o(.text)
    __aeabi_memclr8                          0x08008001   Thumb Code     0  memseta.o(.text)
    _memset$wrapper                          0x08008005   Thumb Code    18  memseta.o(.text)
    strlen                                   0x08008017   Thumb Code    14  strlen.o(.text)
    memcmp                                   0x08008025   Thumb Code    26  memcmp.o(.text)
    __aeabi_fadd                             0x0800803f   Thumb Code   164  fadd.o(.text)
    __aeabi_fsub                             0x080080e3   Thumb Code     6  fadd.o(.text)
    __aeabi_frsub                            0x080080e9   Thumb Code     6  fadd.o(.text)
    __aeabi_fmul                             0x080080ef   Thumb Code   100  fmul.o(.text)
    __aeabi_fdiv                             0x08008153   Thumb Code   124  fdiv.o(.text)
    __aeabi_dadd                             0x080081cf   Thumb Code   322  dadd.o(.text)
    __aeabi_dsub                             0x08008311   Thumb Code     6  dadd.o(.text)
    __aeabi_drsub                            0x08008317   Thumb Code     6  dadd.o(.text)
    __aeabi_dmul                             0x0800831d   Thumb Code   228  dmul.o(.text)
    __aeabi_ddiv                             0x08008401   Thumb Code   222  ddiv.o(.text)
    __aeabi_i2f                              0x080084df   Thumb Code    18  fflti.o(.text)
    __aeabi_ui2f                             0x080084f1   Thumb Code    10  ffltui.o(.text)
    __aeabi_i2d                              0x080084fb   Thumb Code    34  dflti.o(.text)
    __aeabi_ui2d                             0x0800851d   Thumb Code    26  dfltui.o(.text)
    __aeabi_f2iz                             0x08008537   Thumb Code    50  ffixi.o(.text)
    __aeabi_f2uiz                            0x08008569   Thumb Code    40  ffixui.o(.text)
    __aeabi_d2iz                             0x08008591   Thumb Code    62  dfixi.o(.text)
    __aeabi_d2uiz                            0x080085cf   Thumb Code    50  dfixui.o(.text)
    __aeabi_f2d                              0x08008601   Thumb Code    38  f2d.o(.text)
    __aeabi_cdcmpeq                          0x08008629   Thumb Code     0  cdcmple.o(.text)
    __aeabi_cdcmple                          0x08008629   Thumb Code    48  cdcmple.o(.text)
    __aeabi_d2f                              0x08008659   Thumb Code    56  d2f.o(.text)
    __aeabi_cfcmpeq                          0x08008691   Thumb Code     0  cfcmple.o(.text)
    __aeabi_cfcmple                          0x08008691   Thumb Code    20  cfcmple.o(.text)
    __aeabi_cfrcmple                         0x080086a5   Thumb Code    20  cfrcmple.o(.text)
    __aeabi_uldivmod                         0x080086b9   Thumb Code    98  uldiv.o(.text)
    __aeabi_llsl                             0x0800871b   Thumb Code    30  llshl.o(.text)
    _ll_shift_l                              0x0800871b   Thumb Code     0  llshl.o(.text)
    __aeabi_llsr                             0x08008739   Thumb Code    32  llushr.o(.text)
    _ll_ushift_r                             0x08008739   Thumb Code     0  llushr.o(.text)
    __aeabi_lasr                             0x08008759   Thumb Code    36  llsshr.o(.text)
    _ll_sshift_r                             0x08008759   Thumb Code     0  llsshr.o(.text)
    __I$use$fp                               0x0800877d   Thumb Code     0  iusefp.o(.text)
    _float_round                             0x0800877d   Thumb Code    18  fepilogue.o(.text)
    _float_epilogue                          0x0800878f   Thumb Code    92  fepilogue.o(.text)
    _double_round                            0x080087eb   Thumb Code    30  depilogue.o(.text)
    _double_epilogue                         0x08008809   Thumb Code   156  depilogue.o(.text)
    __ARM_scalbn                             0x080088a5   Thumb Code    46  dscalb.o(.text)
    scalbn                                   0x080088a5   Thumb Code     0  dscalb.o(.text)
    __scatterload                            0x080088d5   Thumb Code    28  init.o(.text)
    __scatterload_rt2                        0x080088d5   Thumb Code     0  init.o(.text)
    _dsqrt                                   0x080088f9   Thumb Code   162  dsqrt.o(.text)
    __decompress                             0x0800899b   Thumb Code     0  __dczerorl2.o(.text)
    __decompress1                            0x0800899b   Thumb Code    86  __dczerorl2.o(.text)
    __0printf$8                              0x080089f1   Thumb Code    22  printf8.o(i.__0printf$8)
    __1printf$8                              0x080089f1   Thumb Code     0  printf8.o(i.__0printf$8)
    __2printf                                0x080089f1   Thumb Code     0  printf8.o(i.__0printf$8)
    __ARM_fpclassify                         0x08008a11   Thumb Code    40  fpclassify.o(i.__ARM_fpclassify)
    __kernel_poly                            0x08008a39   Thumb Code   170  poly.o(i.__kernel_poly)
    __mathlib_dbl_infnan                     0x08008ae3   Thumb Code     6  dunder.o(i.__mathlib_dbl_infnan)
    __mathlib_dbl_infnan2                    0x08008ae9   Thumb Code     4  dunder.o(i.__mathlib_dbl_infnan2)
    __mathlib_dbl_invalid                    0x08008aed   Thumb Code    12  dunder.o(i.__mathlib_dbl_invalid)
    __mathlib_dbl_underflow                  0x08008af9   Thumb Code    10  dunder.o(i.__mathlib_dbl_underflow)
    __scatterload_copy                       0x08008b09   Thumb Code    14  handlers.o(i.__scatterload_copy)
    __scatterload_null                       0x08008b17   Thumb Code     2  handlers.o(i.__scatterload_null)
    __scatterload_zeroinit                   0x08008b19   Thumb Code    14  handlers.o(i.__scatterload_zeroinit)
    __set_errno                              0x08008b29   Thumb Code     6  errno.o(i.__set_errno)
    asin                                     0x08008f99   Thumb Code   572  asin.o(i.asin)
    atan                                     0x08009209   Thumb Code   474  atan.o(i.atan)
    atan2                                    0x08009429   Thumb Code   346  atan2.o(i.atan2)
    sqrt                                     0x080095a9   Thumb Code    76  sqrt.o(i.sqrt)
    F6x8                                     0x080095f4   Data         552  oled.o(.constdata)
    F8X16                                    0x0800981c   Data        1520  oled.o(.constdata)
    reg                                      0x08009e0c   Data          27  inv_mpu.o(.constdata)
    hw                                       0x08009e28   Data          12  inv_mpu.o(.constdata)
    test                                     0x08009e34   Data          40  inv_mpu.o(.constdata)
    __mathlib_zero                           0x0800ab40   Data           8  qnan.o(.constdata)
    Region$$Table$$Base                      0x0800ab98   Number         0  anon$$obj.o(Region$$Table)
    Region$$Table$$Limit                     0x0800abb8   Number         0  anon$$obj.o(Region$$Table)
    Voltage                                  0x20000000   Data           4  main.o(.data)
    pitch                                    0x20000004   Data           4  main.o(.data)
    roll                                     0x20000008   Data           4  main.o(.data)
    yaw                                      0x2000000c   Data           4  main.o(.data)
    aacx                                     0x20000010   Data           4  main.o(.data)
    aacy                                     0x20000014   Data           4  main.o(.data)
    aacz                                     0x20000018   Data           4  main.o(.data)
    gyrox                                    0x2000001c   Data           2  main.o(.data)
    gyroy                                    0x2000001e   Data           2  main.o(.data)
    gyroz                                    0x20000020   Data           2  main.o(.data)
    SR04_Distance                            0x20000024   Data           4  main.o(.data)
    Encoder_Left                             0x20000028   Data           4  main.o(.data)
    Encoder_Right                            0x2000002c   Data           4  main.o(.data)
    Moto1                                    0x20000030   Data           4  main.o(.data)
    Moto2                                    0x20000034   Data           4  main.o(.data)
    Velocity                                 0x20000038   Data           4  main.o(.data)
    Turn                                     0x2000003c   Data           4  main.o(.data)
    Mode                                     0x20000040   Data           1  main.o(.data)
    Uart_Receive                             0x20000044   Data           4  main.o(.data)
    key                                      0x20000048   Data           1  main.o(.data)
    TkSensor                                 0x20000049   Data           1  main.o(.data)
    SystemCoreClock                          0x2000004c   Data           4  system_stm32f10x.o(.data)
    AHBPrescTable                            0x20000050   Data          16  system_stm32f10x.o(.data)
    Balance_Pwm                              0x20000070   Data           4  control.o(.data)
    Velocity_Pwm                             0x20000074   Data           4  control.o(.data)
    Turn_Pwm                                 0x20000078   Data           4  control.o(.data)
    Turn_Kp                                  0x2000007c   Data           4  control.o(.data)
    Mechanical_angle                         0x20000080   Data           4  control.o(.data)
    Target_Speed                             0x20000084   Data           4  control.o(.data)
    Turn_Speed                               0x20000088   Data           4  control.o(.data)
    balance_UP_KP                            0x2000008c   Data           4  control.o(.data)
    balance_UP_KD                            0x20000090   Data           4  control.o(.data)
    velocity_KP                              0x20000094   Data           4  control.o(.data)
    velocity_KI                              0x20000098   Data           4  control.o(.data)
    Turn_Kd                                  0x2000009c   Data           4  control.o(.data)
    Turn_KP                                  0x200000a0   Data           4  control.o(.data)
    SR04_Counter                             0x200000a4   Data           1  control.o(.data)
    Voltage_Counter                          0x200000a5   Data           1  control.o(.data)
    get_aacx                                 0x200000a6   Data           2  control.o(.data)
    get_aacy                                 0x200000a8   Data           2  control.o(.data)
    get_aacz                                 0x200000aa   Data           2  control.o(.data)
    roll_raw                                 0x200000ac   Data           4  control.o(.data)
    pitch_raw                                0x200000b0   Data           4  control.o(.data)
    roll_kal                                 0x200000b4   Data           4  control.o(.data)
    bias                                     0x200000b8   Data           4  control.o(.data)
    Q_angle                                  0x200000bc   Data           4  control.o(.data)
    Q_bias                                   0x200000c0   Data           4  control.o(.data)
    dt                                       0x200000c4   Data           4  control.o(.data)
    K_0                                      0x200000c8   Data           4  control.o(.data)
    K_1                                      0x200000cc   Data           4  control.o(.data)
    R_angle                                  0x200000d0   Data           4  control.o(.data)
    R_gyro                                   0x200000d4   Data           4  control.o(.data)
    Fore                                     0x20000135   Data           1  usart2.o(.data)
    Back                                     0x20000136   Data           1  usart2.o(.data)
    Left                                     0x20000137   Data           1  usart2.o(.data)
    Right                                    0x20000138   Data           1  usart2.o(.data)
    __stdout                                 0x20000150   Data           4  stdout.o(.data)
    rec_data                                 0x200001a8   Data          18  control.o(.bss)
    DataScope_OutPut_Buffer                  0x200001cc   Data          42  datascope_dp.o(.bss)
    __initial_sp                             0x200005f8   Data           0  startup_stm32f10x_md.o(STACK)



==============================================================================

Memory Map of the image

  Image Entry point : 0x080000ed

  Load Region LR_IROM1 (Base: 0x08000000, Size: 0x0000ad10, Max: 0x00010000, ABSOLUTE, COMPRESSED[0x0000ac18])

    Execution Region ER_IROM1 (Base: 0x08000000, Size: 0x0000abb8, Max: 0x00010000, ABSOLUTE)

    Base Addr    Size         Type   Attr      Idx    E Section Name        Object

    0x08000000   0x000000ec   Data   RO          560    RESET               startup_stm32f10x_md.o
    0x080000ec   0x00000000   Code   RO          823  * .ARM.Collect$$$$00000000  mc_w.l(entry.o)
    0x080000ec   0x00000004   Code   RO         1160    .ARM.Collect$$$$00000001  mc_w.l(entry2.o)
    0x080000f0   0x00000004   Code   RO         1163    .ARM.Collect$$$$00000004  mc_w.l(entry5.o)
    0x080000f4   0x00000000   Code   RO         1165    .ARM.Collect$$$$00000008  mc_w.l(entry7b.o)
    0x080000f4   0x00000000   Code   RO         1167    .ARM.Collect$$$$0000000A  mc_w.l(entry8b.o)
    0x080000f4   0x00000008   Code   RO         1168    .ARM.Collect$$$$0000000B  mc_w.l(entry9a.o)
    0x080000fc   0x00000000   Code   RO         1170    .ARM.Collect$$$$0000000D  mc_w.l(entry10a.o)
    0x080000fc   0x00000000   Code   RO         1172    .ARM.Collect$$$$0000000F  mc_w.l(entry11a.o)
    0x080000fc   0x00000004   Code   RO         1161    .ARM.Collect$$$$00002712  mc_w.l(entry2.o)
    0x08000100   0x000000c4   Code   RO            1    .text               main.o
    0x080001c4   0x0000001a   Code   RO          186    .text               stm32f10x_it.o
    0x080001de   0x00000002   PAD
    0x080001e0   0x000001e0   Code   RO          227    .text               system_stm32f10x.o
    0x080003c0   0x000000d4   Code   RO          245    .text               delay.o
    0x08000494   0x0000007e   Code   RO          263    .text               sys.o
    0x08000512   0x00000002   PAD
    0x08000514   0x00000264   Code   RO          275    .text               ax_uart_db.o
    0x08000778   0x00000064   Code   RO          290    .text               led.o
    0x080007dc   0x00000050   Code   RO          303    .text               key.o
    0x0800082c   0x0000006c   Code   RO          316    .text               exti.o
    0x08000898   0x00000b70   Code   RO          331    .text               control.o
    0x08001408   0x00000170   Code   RO          347    .text               encoder.o
    0x08001578   0x00000164   Code   RO          359    .text               motor.o
    0x080016dc   0x000000b0   Code   RO          371    .text               pwm.o
    0x0800178c   0x00000104   Code   RO          383    .text               adc.o
    0x08001890   0x00000cd0   Code   RO          395    .text               oled.o
    0x08002560   0x00000368   Code   RO          414    .text               mpu6050.o
    0x080028c8   0x00000244   Code   RO          426    .text               mpuiic.o
    0x08002b0c   0x00002288   Code   RO          438    .text               inv_mpu.o
    0x08004d94   0x00000d70   Code   RO          462    .text               inv_mpu_dmp_motion_driver.o
    0x08005b04   0x00000224   Code   RO          483    .text               usart2.o
    0x08005d28   0x00000048   Code   RO          502    .text               usb_plugin.o
    0x08005d70   0x0000013c   Code   RO          517    .text               sr04.o
    0x08005eac   0x00000154   Code   RO          529    .text               datascope_dp.o
    0x08006000   0x00000024   Code   RO          561    .text               startup_stm32f10x_md.o
    0x08006024   0x000000dc   Code   RO          565    .text               misc.o
    0x08006100   0x0000044e   Code   RO          577    .text               stm32f10x_adc.o
    0x0800654e   0x00000002   PAD
    0x08006550   0x0000011c   Code   RO          649    .text               stm32f10x_exti.o
    0x0800666c   0x0000035c   Code   RO          673    .text               stm32f10x_gpio.o
    0x080069c8   0x000003a4   Code   RO          721    .text               stm32f10x_rcc.o
    0x08006d6c   0x00000e1a   Code   RO          759    .text               stm32f10x_tim.o
    0x08007b86   0x00000002   PAD
    0x08007b88   0x00000408   Code   RO          771    .text               stm32f10x_usart.o
    0x08007f90   0x00000062   Code   RO          826    .text               mc_w.l(ldiv.o)
    0x08007ff2   0x00000024   Code   RO          828    .text               mc_w.l(memseta.o)
    0x08008016   0x0000000e   Code   RO          830    .text               mc_w.l(strlen.o)
    0x08008024   0x0000001a   Code   RO          832    .text               mc_w.l(memcmp.o)
    0x0800803e   0x000000b0   Code   RO         1095    .text               mf_w.l(fadd.o)
    0x080080ee   0x00000064   Code   RO         1097    .text               mf_w.l(fmul.o)
    0x08008152   0x0000007c   Code   RO         1099    .text               mf_w.l(fdiv.o)
    0x080081ce   0x0000014e   Code   RO         1101    .text               mf_w.l(dadd.o)
    0x0800831c   0x000000e4   Code   RO         1103    .text               mf_w.l(dmul.o)
    0x08008400   0x000000de   Code   RO         1105    .text               mf_w.l(ddiv.o)
    0x080084de   0x00000012   Code   RO         1107    .text               mf_w.l(fflti.o)
    0x080084f0   0x0000000a   Code   RO         1109    .text               mf_w.l(ffltui.o)
    0x080084fa   0x00000022   Code   RO         1111    .text               mf_w.l(dflti.o)
    0x0800851c   0x0000001a   Code   RO         1113    .text               mf_w.l(dfltui.o)
    0x08008536   0x00000032   Code   RO         1115    .text               mf_w.l(ffixi.o)
    0x08008568   0x00000028   Code   RO         1117    .text               mf_w.l(ffixui.o)
    0x08008590   0x0000003e   Code   RO         1119    .text               mf_w.l(dfixi.o)
    0x080085ce   0x00000032   Code   RO         1121    .text               mf_w.l(dfixui.o)
    0x08008600   0x00000026   Code   RO         1123    .text               mf_w.l(f2d.o)
    0x08008626   0x00000002   PAD
    0x08008628   0x00000030   Code   RO         1125    .text               mf_w.l(cdcmple.o)
    0x08008658   0x00000038   Code   RO         1127    .text               mf_w.l(d2f.o)
    0x08008690   0x00000014   Code   RO         1129    .text               mf_w.l(cfcmple.o)
    0x080086a4   0x00000014   Code   RO         1131    .text               mf_w.l(cfrcmple.o)
    0x080086b8   0x00000062   Code   RO         1177    .text               mc_w.l(uldiv.o)
    0x0800871a   0x0000001e   Code   RO         1179    .text               mc_w.l(llshl.o)
    0x08008738   0x00000020   Code   RO         1181    .text               mc_w.l(llushr.o)
    0x08008758   0x00000024   Code   RO         1183    .text               mc_w.l(llsshr.o)
    0x0800877c   0x00000000   Code   RO         1192    .text               mc_w.l(iusefp.o)
    0x0800877c   0x0000006e   Code   RO         1193    .text               mf_w.l(fepilogue.o)
    0x080087ea   0x000000ba   Code   RO         1195    .text               mf_w.l(depilogue.o)
    0x080088a4   0x0000002e   Code   RO         1197    .text               mf_w.l(dscalb.o)
    0x080088d2   0x00000002   PAD
    0x080088d4   0x00000024   Code   RO         1203    .text               mc_w.l(init.o)
    0x080088f8   0x000000a2   Code   RO         1205    .text               mf_w.l(dsqrt.o)
    0x0800899a   0x00000056   Code   RO         1215    .text               mc_w.l(__dczerorl2.o)
    0x080089f0   0x00000020   Code   RO         1041    i.__0printf$8       mc_w.l(printf8.o)
    0x08008a10   0x00000028   Code   RO         1147    i.__ARM_fpclassify  m_ws.l(fpclassify.o)
    0x08008a38   0x000000aa   Code   RO         1149    i.__kernel_poly     m_ws.l(poly.o)
    0x08008ae2   0x00000006   Code   RO         1134    i.__mathlib_dbl_infnan  m_ws.l(dunder.o)
    0x08008ae8   0x00000004   Code   RO         1135    i.__mathlib_dbl_infnan2  m_ws.l(dunder.o)
    0x08008aec   0x0000000c   Code   RO         1136    i.__mathlib_dbl_invalid  m_ws.l(dunder.o)
    0x08008af8   0x00000010   Code   RO         1139    i.__mathlib_dbl_underflow  m_ws.l(dunder.o)
    0x08008b08   0x0000000e   Code   RO         1209    i.__scatterload_copy  mc_w.l(handlers.o)
    0x08008b16   0x00000002   Code   RO         1210    i.__scatterload_null  mc_w.l(handlers.o)
    0x08008b18   0x0000000e   Code   RO         1211    i.__scatterload_zeroinit  mc_w.l(handlers.o)
    0x08008b26   0x00000002   PAD
    0x08008b28   0x0000000c   Code   RO         1187    i.__set_errno       mc_w.l(errno.o)
    0x08008b34   0x00000410   Code   RO         1048    i._printf_core      mc_w.l(printf8.o)
    0x08008f44   0x00000024   Code   RO         1049    i._printf_post_padding  mc_w.l(printf8.o)
    0x08008f68   0x0000002e   Code   RO         1050    i._printf_pre_padding  mc_w.l(printf8.o)
    0x08008f96   0x00000002   PAD
    0x08008f98   0x00000270   Code   RO          796    i.asin              m_ws.l(asin.o)
    0x08009208   0x00000220   Code   RO          806    i.atan              m_ws.l(atan.o)
    0x08009428   0x00000180   Code   RO          816    i.atan2             m_ws.l(atan2.o)
    0x080095a8   0x0000004c   Code   RO         1153    i.sqrt              m_ws.l(sqrt.o)
    0x080095f4   0x00000818   Data   RO          396    .constdata          oled.o
    0x08009e0c   0x00000050   Data   RO          439    .constdata          inv_mpu.o
    0x08009e5c   0x00000bf6   Data   RO          464    .constdata          inv_mpu_dmp_motion_driver.o
    0x0800aa52   0x00000006   PAD
    0x0800aa58   0x00000050   Data   RO          797    .constdata          m_ws.l(asin.o)
    0x0800aaa8   0x00000098   Data   RO          807    .constdata          m_ws.l(atan.o)
    0x0800ab40   0x00000008   Data   RO         1151    .constdata          m_ws.l(qnan.o)
    0x0800ab48   0x0000004d   Data   RO          440    .conststring        inv_mpu.o
    0x0800ab95   0x00000003   PAD
    0x0800ab98   0x00000020   Data   RO         1207    Region$$Table       anon$$obj.o


    Execution Region RW_IRAM1 (Base: 0x20000000, Size: 0x000005f8, Max: 0x00005000, ABSOLUTE, COMPRESSED[0x00000060])

    Base Addr    Size         Type   Attr      Idx    E Section Name        Object

    0x20000000   0x0000004a   Data   RW            2    .data               main.o
    0x2000004a   0x00000002   PAD
    0x2000004c   0x00000014   Data   RW          228    .data               system_stm32f10x.o
    0x20000060   0x00000004   Data   RW          246    .data               delay.o
    0x20000064   0x00000003   Data   RW          277    .data               ax_uart_db.o
    0x20000067   0x00000001   PAD
    0x20000068   0x00000004   Data   RW          291    .data               led.o
    0x2000006c   0x00000001   Data   RW          304    .data               key.o
    0x2000006d   0x00000003   PAD
    0x20000070   0x00000090   Data   RW          333    .data               control.o
    0x20000100   0x00000035   Data   RW          441    .data               inv_mpu.o
    0x20000135   0x00000004   Data   RW          484    .data               usart2.o
    0x20000139   0x00000014   Data   RW          722    .data               stm32f10x_rcc.o
    0x2000014d   0x00000003   PAD
    0x20000150   0x00000004   Data   RW         1174    .data               mc_w.l(stdout.o)
    0x20000154   0x00000004   Data   RW         1188    .data               mc_w.l(errno.o)
    0x20000158   0x00000050   Zero   RW          276    .bss                ax_uart_db.o
    0x200001a8   0x00000012   Zero   RW          332    .bss                control.o
    0x200001ba   0x00000002   PAD
    0x200001bc   0x00000010   Zero   RW          463    .bss                inv_mpu_dmp_motion_driver.o
    0x200001cc   0x0000002a   Zero   RW          530    .bss                datascope_dp.o
    0x200001f6   0x00000002   PAD
    0x200001f8   0x00000400   Zero   RW          558    STACK               startup_stm32f10x_md.o


==============================================================================

Image component sizes


      Code (inc. data)   RO Data    RW Data    ZI Data      Debug   Object Name

       260         20          0          0          0       1040   adc.o
       612         28          0          3         80       3129   ax_uart_db.o
      2928        424          0        144         18       4736   control.o
         0          0          0          0          0         32   core_cm3.o
       340         30          0          0         42       2174   datascope_dp.o
       212         18          0          4          0       1151   delay.o
       368         10          0          0          0       1295   encoder.o
       108          6          0          0          0        660   exti.o
      8840        198        157         53          0      24165   inv_mpu.o
      3440        126       3062          0         16      15599   inv_mpu_dmp_motion_driver.o
        80         14          0          1          0        768   key.o
       100         16          0          4          0        757   led.o
       196          8          0         74          0     265897   main.o
       220         22          0          0          0       1905   misc.o
       356         40          0          0          0       1439   motor.o
       872         18          0          0          0       4491   mpu6050.o
       580         14          0          0          0       2114   mpuiic.o
      3280        132       2072          0          0       9778   oled.o
       176          8          0          0          0        808   pwm.o
       316         16          0          0          0       1324   sr04.o
        36          8        236          0       1024        824   startup_stm32f10x_md.o
      1102         26          0          0          0      11149   stm32f10x_adc.o
       284         10          0          0          0       2363   stm32f10x_exti.o
       860         38          0          0          0       5841   stm32f10x_gpio.o
        26          0          0          0          0       1242   stm32f10x_it.o
       932         36          0         20          0       9076   stm32f10x_rcc.o
      3610         88          0          0          0      22948   stm32f10x_tim.o
      1032         22          0          0          0       8564   stm32f10x_usart.o
       126          0          0          0          0        617   sys.o
       480         38          0         20          0       1899   system_stm32f10x.o
       548         24          0          4          0       2347   usart2.o
        72         16          0          0          0        730   usb_plugin.o

    ----------------------------------------------------------------------
     32400       1454       5568        336       1184     410862   Object Totals
         0          0         32          0          0          0   (incl. Generated)
         8          0          9          9          4          0   (incl. Padding)

    ----------------------------------------------------------------------

      Code (inc. data)   RO Data    RW Data    ZI Data      Debug   Library Member Name

       624         52         80          0          0        168   asin.o
       544         70        152          0          0        124   atan.o
       384         38          0          0          0        144   atan2.o
        38          6          0          0          0        272   dunder.o
        40          0          0          0          0         68   fpclassify.o
       170          0          0          0          0         96   poly.o
         0          0          8          0          0          0   qnan.o
        76          0          0          0          0         84   sqrt.o
        86          0          0          0          0          0   __dczerorl2.o
         0          0          0          0          0          0   entry.o
         0          0          0          0          0          0   entry10a.o
         0          0          0          0          0          0   entry11a.o
         8          4          0          0          0          0   entry2.o
         4          0          0          0          0          0   entry5.o
         0          0          0          0          0          0   entry7b.o
         0          0          0          0          0          0   entry8b.o
         8          4          0          0          0          0   entry9a.o
        12          6          0          4          0         68   errno.o
        30          0          0          0          0          0   handlers.o
        36          8          0          0          0         68   init.o
         0          0          0          0          0          0   iusefp.o
        98          0          0          0          0         84   ldiv.o
        30          0          0          0          0         68   llshl.o
        36          0          0          0          0         68   llsshr.o
        32          0          0          0          0         68   llushr.o
        26          0          0          0          0         80   memcmp.o
        36          0          0          0          0        108   memseta.o
      1154         54          0          0          0        352   printf8.o
         0          0          0          4          0          0   stdout.o
        14          0          0          0          0         68   strlen.o
        98          0          0          0          0         92   uldiv.o
        48          0          0          0          0         68   cdcmple.o
        20          0          0          0          0         68   cfcmple.o
        20          0          0          0          0         68   cfrcmple.o
        56          0          0          0          0         88   d2f.o
       334          0          0          0          0        148   dadd.o
       222          0          0          0          0        100   ddiv.o
       186          0          0          0          0        176   depilogue.o
        62          0          0          0          0         80   dfixi.o
        50          0          0          0          0         76   dfixui.o
        34          0          0          0          0         76   dflti.o
        26          0          0          0          0         76   dfltui.o
       228          0          0          0          0         96   dmul.o
        46          0          0          0          0         80   dscalb.o
       162          0          0          0          0        100   dsqrt.o
        38          0          0          0          0         68   f2d.o
       176          0          0          0          0        140   fadd.o
       124          0          0          0          0         88   fdiv.o
       110          0          0          0          0        168   fepilogue.o
        50          0          0          0          0         68   ffixi.o
        40          0          0          0          0         68   ffixui.o
        18          0          0          0          0         68   fflti.o
        10          0          0          0          0         68   ffltui.o
       100          0          0          0          0         76   fmul.o

    ----------------------------------------------------------------------
      5752        242        240          8          0       4192   Library Totals
         8          0          0          0          0          0   (incl. Padding)

    ----------------------------------------------------------------------

      Code (inc. data)   RO Data    RW Data    ZI Data      Debug   Library Name

      1876        166        240          0          0        956   m_ws.l
      1708         76          0          8          0       1124   mc_w.l
      2160          0          0          0          0       2112   mf_w.l

    ----------------------------------------------------------------------
      5752        242        240          8          0       4192   Library Totals

    ----------------------------------------------------------------------

==============================================================================


      Code (inc. data)   RO Data    RW Data    ZI Data      Debug   

     38152       1696       5808        344       1184     410242   Grand Totals
     38152       1696       5808         96       1184     410242   ELF Image Totals (compressed)
     38152       1696       5808         96          0          0   ROM Totals

==============================================================================

    Total RO  Size (Code + RO Data)                43960 (  42.93kB)
    Total RW  Size (RW Data + ZI Data)              1528 (   1.49kB)
    Total ROM Size (Code + RO Data + RW Data)      44056 (  43.02kB)

==============================================================================

